Archive member included to satisfy reference by file (symbol)

c:/st/stm32cubeide_1.7.0/stm32cubeide/plugins/com.st.stm32cube.ide.mcu.externaltools.gnu-tools-for-stm32.9-2020-q2-update.win32_2.0.0.202105311346/tools/bin/../lib/gcc/arm-none-eabi/9.3.1/../../../../arm-none-eabi/lib/thumb/v7e-m+fp/hard\libc_nano.a(lib_a-errno.o)
                              ./Core/Src/retarget.o (__errno)
c:/st/stm32cubeide_1.7.0/stm32cubeide/plugins/com.st.stm32cube.ide.mcu.externaltools.gnu-tools-for-stm32.9-2020-q2-update.win32_2.0.0.202105311346/tools/bin/../lib/gcc/arm-none-eabi/9.3.1/../../../../arm-none-eabi/lib/thumb/v7e-m+fp/hard\libc_nano.a(lib_a-exit.o)
                              c:/st/stm32cubeide_1.7.0/stm32cubeide/plugins/com.st.stm32cube.ide.mcu.externaltools.gnu-tools-for-stm32.9-2020-q2-update.win32_2.0.0.202105311346/tools/bin/../lib/gcc/arm-none-eabi/9.3.1/../../../../arm-none-eabi/lib/thumb/v7e-m+fp/hard/crt0.o (exit)
c:/st/stm32cubeide_1.7.0/stm32cubeide/plugins/com.st.stm32cube.ide.mcu.externaltools.gnu-tools-for-stm32.9-2020-q2-update.win32_2.0.0.202105311346/tools/bin/../lib/gcc/arm-none-eabi/9.3.1/../../../../arm-none-eabi/lib/thumb/v7e-m+fp/hard\libc_nano.a(lib_a-impure.o)
                              c:/st/stm32cubeide_1.7.0/stm32cubeide/plugins/com.st.stm32cube.ide.mcu.externaltools.gnu-tools-for-stm32.9-2020-q2-update.win32_2.0.0.202105311346/tools/bin/../lib/gcc/arm-none-eabi/9.3.1/../../../../arm-none-eabi/lib/thumb/v7e-m+fp/hard\libc_nano.a(lib_a-exit.o) (_global_impure_ptr)
c:/st/stm32cubeide_1.7.0/stm32cubeide/plugins/com.st.stm32cube.ide.mcu.externaltools.gnu-tools-for-stm32.9-2020-q2-update.win32_2.0.0.202105311346/tools/bin/../lib/gcc/arm-none-eabi/9.3.1/../../../../arm-none-eabi/lib/thumb/v7e-m+fp/hard\libc_nano.a(lib_a-init.o)
                              c:/st/stm32cubeide_1.7.0/stm32cubeide/plugins/com.st.stm32cube.ide.mcu.externaltools.gnu-tools-for-stm32.9-2020-q2-update.win32_2.0.0.202105311346/tools/bin/../lib/gcc/arm-none-eabi/9.3.1/../../../../arm-none-eabi/lib/thumb/v7e-m+fp/hard/crt0.o (__libc_init_array)
c:/st/stm32cubeide_1.7.0/stm32cubeide/plugins/com.st.stm32cube.ide.mcu.externaltools.gnu-tools-for-stm32.9-2020-q2-update.win32_2.0.0.202105311346/tools/bin/../lib/gcc/arm-none-eabi/9.3.1/../../../../arm-none-eabi/lib/thumb/v7e-m+fp/hard\libc_nano.a(lib_a-malloc.o)
                              ./Core/Src/File_Handling.o (malloc)
c:/st/stm32cubeide_1.7.0/stm32cubeide/plugins/com.st.stm32cube.ide.mcu.externaltools.gnu-tools-for-stm32.9-2020-q2-update.win32_2.0.0.202105311346/tools/bin/../lib/gcc/arm-none-eabi/9.3.1/../../../../arm-none-eabi/lib/thumb/v7e-m+fp/hard\libc_nano.a(lib_a-memcpy-stub.o)
                              ./Middlewares/ST/STM32_USB_Host_Library/Class/MSC/Src/usbh_msc.o (memcpy)
c:/st/stm32cubeide_1.7.0/stm32cubeide/plugins/com.st.stm32cube.ide.mcu.externaltools.gnu-tools-for-stm32.9-2020-q2-update.win32_2.0.0.202105311346/tools/bin/../lib/gcc/arm-none-eabi/9.3.1/../../../../arm-none-eabi/lib/thumb/v7e-m+fp/hard\libc_nano.a(lib_a-memset.o)
                              c:/st/stm32cubeide_1.7.0/stm32cubeide/plugins/com.st.stm32cube.ide.mcu.externaltools.gnu-tools-for-stm32.9-2020-q2-update.win32_2.0.0.202105311346/tools/bin/../lib/gcc/arm-none-eabi/9.3.1/../../../../arm-none-eabi/lib/thumb/v7e-m+fp/hard/crt0.o (memset)
c:/st/stm32cubeide_1.7.0/stm32cubeide/plugins/com.st.stm32cube.ide.mcu.externaltools.gnu-tools-for-stm32.9-2020-q2-update.win32_2.0.0.202105311346/tools/bin/../lib/gcc/arm-none-eabi/9.3.1/../../../../arm-none-eabi/lib/thumb/v7e-m+fp/hard\libc_nano.a(lib_a-nano-freer.o)
                              c:/st/stm32cubeide_1.7.0/stm32cubeide/plugins/com.st.stm32cube.ide.mcu.externaltools.gnu-tools-for-stm32.9-2020-q2-update.win32_2.0.0.202105311346/tools/bin/../lib/gcc/arm-none-eabi/9.3.1/../../../../arm-none-eabi/lib/thumb/v7e-m+fp/hard\libc_nano.a(lib_a-malloc.o) (_free_r)
c:/st/stm32cubeide_1.7.0/stm32cubeide/plugins/com.st.stm32cube.ide.mcu.externaltools.gnu-tools-for-stm32.9-2020-q2-update.win32_2.0.0.202105311346/tools/bin/../lib/gcc/arm-none-eabi/9.3.1/../../../../arm-none-eabi/lib/thumb/v7e-m+fp/hard\libc_nano.a(lib_a-nano-mallocr.o)
                              c:/st/stm32cubeide_1.7.0/stm32cubeide/plugins/com.st.stm32cube.ide.mcu.externaltools.gnu-tools-for-stm32.9-2020-q2-update.win32_2.0.0.202105311346/tools/bin/../lib/gcc/arm-none-eabi/9.3.1/../../../../arm-none-eabi/lib/thumb/v7e-m+fp/hard\libc_nano.a(lib_a-malloc.o) (_malloc_r)
c:/st/stm32cubeide_1.7.0/stm32cubeide/plugins/com.st.stm32cube.ide.mcu.externaltools.gnu-tools-for-stm32.9-2020-q2-update.win32_2.0.0.202105311346/tools/bin/../lib/gcc/arm-none-eabi/9.3.1/../../../../arm-none-eabi/lib/thumb/v7e-m+fp/hard\libc_nano.a(lib_a-printf.o)
                              ./Core/Src/File_Handling.o (printf)
[...]
Memory Configuration

Name             Origin             Length             Attributes
CCMRAM           0x0000000010000000 0x0000000000010000 xrw
RAM              0x0000000020000000 0x0000000000020000 xrw
FLASH            0x0000000008000000 0x0000000000100000 xr
*default*        0x0000000000000000 0xffffffffffffffff

Linker script and memory map

LOAD c:/st/stm32cubeide_1.7.0/stm32cubeide/plugins/com.st.stm32cube.ide.mcu.externaltools.gnu-tools-for-stm32.9-2020-q2-update.win32_2.0.0.202105311346/tools/bin/../lib/gcc/arm-none-eabi/9.3.1/thumb/v7e-m+fp/hard/crti.o
LOAD c:/st/stm32cubeide_1.7.0/stm32cubeide/plugins/com.st.stm32cube.ide.mcu.externaltools.gnu-tools-for-stm32.9-2020-q2-update.win32_2.0.0.202105311346/tools/bin/../lib/gcc/arm-none-eabi/9.3.1/thumb/v7e-m+fp/hard/crtbegin.o
LOAD c:/st/stm32cubeide_1.7.0/stm32cubeide/plugins/com.st.stm32cube.ide.mcu.externaltools.gnu-tools-for-stm32.9-2020-q2-update.win32_2.0.0.202105311346/tools/bin/../lib/gcc/arm-none-eabi/9.3.1/../../../../arm-none-eabi/lib/thumb/v7e-m+fp/hard/crt0.o
LOAD ./Core/Src/File_Handling.o
LOAD ./Core/Src/STM_flash.o
LOAD ./Core/Src/fifo.o
LOAD ./Core/Src/main.o
LOAD ./Core/Src/retarget.o
LOAD ./Core/Src/stm32f4xx_hal_msp.o
LOAD ./Core/Src/stm32f4xx_it.o
LOAD ./Core/Src/sysmem.o
LOAD ./Core/Src/system_stm32f4xx.o
LOAD ./Core/Startup/startup_stm32f407vgtx.o
LOAD ./Drivers/STM32F4xx_HAL_Driver/Src/stm32f4xx_hal.o
LOAD ./Drivers/STM32F4xx_HAL_Driver/Src/stm32f4xx_hal_cortex.o
LOAD ./Drivers/STM32F4xx_HAL_Driver/Src/stm32f4xx_hal_dma.o
LOAD ./Drivers/STM32F4xx_HAL_Driver/Src/stm32f4xx_hal_dma_ex.o
LOAD ./Drivers/STM32F4xx_HAL_Driver/Src/stm32f4xx_hal_exti.o
LOAD ./Drivers/STM32F4xx_HAL_Driver/Src/stm32f4xx_hal_flash.o
LOAD ./Drivers/STM32F4xx_HAL_Driver/Src/stm32f4xx_hal_flash_ex.o
LOAD ./Drivers/STM32F4xx_HAL_Driver/Src/stm32f4xx_hal_flash_ramfunc.o
LOAD ./Drivers/STM32F4xx_HAL_Driver/Src/stm32f4xx_hal_gpio.o
LOAD ./Drivers/STM32F4xx_HAL_Driver/Src/stm32f4xx_hal_hcd.o
LOAD ./Drivers/STM32F4xx_HAL_Driver/Src/stm32f4xx_hal_pwr.o
LOAD ./Drivers/STM32F4xx_HAL_Driver/Src/stm32f4xx_hal_pwr_ex.o
LOAD ./Drivers/STM32F4xx_HAL_Driver/Src/stm32f4xx_hal_rcc.o
LOAD ./Drivers/STM32F4xx_HAL_Driver/Src/stm32f4xx_hal_rcc_ex.o
LOAD ./Drivers/STM32F4xx_HAL_Driver/Src/stm32f4xx_hal_tim.o
LOAD ./Drivers/STM32F4xx_HAL_Driver/Src/stm32f4xx_hal_tim_ex.o
LOAD ./Drivers/STM32F4xx_HAL_Driver/Src/stm32f4xx_hal_uart.o
LOAD ./Drivers/STM32F4xx_HAL_Driver/Src/stm32f4xx_ll_usb.o
LOAD ./FATFS/App/fatfs.o
LOAD ./FATFS/Target/usbh_diskio.o
LOAD ./Middlewares/ST/STM32_USB_Host_Library/Class/MSC/Src/usbh_msc.o
LOAD ./Middlewares/ST/STM32_USB_Host_Library/Class/MSC/Src/usbh_msc_bot.o
LOAD ./Middlewares/ST/STM32_USB_Host_Library/Class/MSC/Src/usbh_msc_scsi.o
LOAD ./Middlewares/ST/STM32_USB_Host_Library/Core/Src/usbh_core.o
LOAD ./Middlewares/ST/STM32_USB_Host_Library/Core/Src/usbh_ctlreq.o
LOAD ./Middlewares/ST/STM32_USB_Host_Library/Core/Src/usbh_ioreq.o
LOAD ./Middlewares/ST/STM32_USB_Host_Library/Core/Src/usbh_pipes.o
LOAD ./Middlewares/Third_Party/FatFs/src/diskio.o
LOAD ./Middlewares/Third_Party/FatFs/src/ff.o
LOAD ./Middlewares/Third_Party/FatFs/src/ff_gen_drv.o
LOAD ./Middlewares/Third_Party/FatFs/src/option/ccsbcs.o
LOAD ./Middlewares/Third_Party/FatFs/src/option/syscall.o
LOAD ./USB_HOST/App/usb_host.o
LOAD ./USB_HOST/Target/usbh_conf.o
LOAD ./USB_HOST/Target/usbh_platform.o
START GROUP
LOAD c:/st/stm32cubeide_1.7.0/stm32cubeide/plugins/com.st.stm32cube.ide.mcu.externaltools.gnu-tools-for-stm32.9-2020-q2-update.win32_2.0.0.202105311346/tools/bin/../lib/gcc/arm-none-eabi/9.3.1/../../../../arm-none-eabi/lib/thumb/v7e-m+fp/hard\libc_nano.a
LOAD c:/st/stm32cubeide_1.7.0/stm32cubeide/plugins/com.st.stm32cube.ide.mcu.externaltools.gnu-tools-for-stm32.9-2020-q2-update.win32_2.0.0.202105311346/tools/bin/../lib/gcc/arm-none-eabi/9.3.1/../../../../arm-none-eabi/lib/thumb/v7e-m+fp/hard\libm.a
END GROUP
START GROUP
LOAD c:/st/stm32cubeide_1.7.0/stm32cubeide/plugins/com.st.stm32cube.ide.mcu.externaltools.gnu-tools-for-stm32.9-2020-q2-update.win32_2.0.0.202105311346/tools/bin/../lib/gcc/arm-none-eabi/9.3.1/thumb/v7e-m+fp/hard\libgcc.a
LOAD c:/st/stm32cubeide_1.7.0/stm32cubeide/plugins/com.st.stm32cube.ide.mcu.externaltools.gnu-tools-for-stm32.9-2020-q2-update.win32_2.0.0.202105311346/tools/bin/../lib/gcc/arm-none-eabi/9.3.1/../../../../arm-none-eabi/lib/thumb/v7e-m+fp/hard\libc_nano.a
END GROUP
START GROUP
LOAD c:/st/stm32cubeide_1.7.0/stm32cubeide/plugins/com.st.stm32cube.ide.mcu.externaltools.gnu-tools-for-stm32.9-2020-q2-update.win32_2.0.0.202105311346/tools/bin/../lib/gcc/arm-none-eabi/9.3.1/thumb/v7e-m+fp/hard\libgcc.a
LOAD c:/st/stm32cubeide_1.7.0/stm32cubeide/plugins/com.st.stm32cube.ide.mcu.externaltools.gnu-tools-for-stm32.9-2020-q2-update.win32_2.0.0.202105311346/tools/bin/../lib/gcc/arm-none-eabi/9.3.1/../../../../arm-none-eabi/lib/thumb/v7e-m+fp/hard\libc_nano.a
LOAD c:/st/stm32cubeide_1.7.0/stm32cubeide/plugins/com.st.stm32cube.ide.mcu.externaltools.gnu-tools-for-stm32.9-2020-q2-update.win32_2.0.0.202105311346/tools/bin/../lib/gcc/arm-none-eabi/9.3.1/../../../../arm-none-eabi/lib/thumb/v7e-m+fp/hard\libnosys.a
END GROUP
START GROUP
LOAD c:/st/stm32cubeide_1.7.0/stm32cubeide/plugins/com.st.stm32cube.ide.mcu.externaltools.gnu-tools-for-stm32.9-2020-q2-update.win32_2.0.0.202105311346/tools/bin/../lib/gcc/arm-none-eabi/9.3.1/thumb/v7e-m+fp/hard\libgcc.a
LOAD c:/st/stm32cubeide_1.7.0/stm32cubeide/plugins/com.st.stm32cube.ide.mcu.externaltools.gnu-tools-for-stm32.9-2020-q2-update.win32_2.0.0.202105311346/tools/bin/../lib/gcc/arm-none-eabi/9.3.1/../../../../arm-none-eabi/lib/thumb/v7e-m+fp/hard\libc_nano.a
LOAD c:/st/stm32cubeide_1.7.0/stm32cubeide/plugins/com.st.stm32cube.ide.mcu.externaltools.gnu-tools-for-stm32.9-2020-q2-update.win32_2.0.0.202105311346/tools/bin/../lib/gcc/arm-none-eabi/9.3.1/../../../../arm-none-eabi/lib/thumb/v7e-m+fp/hard\libnosys.a
END GROUP
LOAD c:/st/stm32cubeide_1.7.0/stm32cubeide/plugins/com.st.stm32cube.ide.mcu.externaltools.gnu-tools-for-stm32.9-2020-q2-update.win32_2.0.0.202105311346/tools/bin/../lib/gcc/arm-none-eabi/9.3.1/thumb/v7e-m+fp/hard/crtend.o
LOAD c:/st/stm32cubeide_1.7.0/stm32cubeide/plugins/com.st.stm32cube.ide.mcu.externaltools.gnu-tools-for-stm32.9-2020-q2-update.win32_2.0.0.202105311346/tools/bin/../lib/gcc/arm-none-eabi/9.3.1/thumb/v7e-m+fp/hard/crtn.o
                0x0000000020020000                _estack = (ORIGIN (RAM) + LENGTH (RAM))
                0x0000000000002000                _Min_Heap_Size = 0x2000
                0x0000000000002000                _Min_Stack_Size = 0x2000

.isr_vector     0x0000000008000000      0x188
                0x0000000008000000                . = ALIGN (0x4)
 *(.isr_vector)
 .isr_vector    0x0000000008000000      0x188 ./Core/Startup/startup_stm32f407vgtx.o
                0x0000000008000000                g_pfnVectors
                0x0000000008000188                . = ALIGN (0x4)

.text           0x0000000008000190    0x10510
                0x0000000008000190                . = ALIGN (0x4)
 *(.text)
 .text          0x0000000008000190       0x40 c:/st/stm32cubeide_1.7.0/stm32cubeide/plugins/com.st.stm32cube.ide.mcu.externaltools.gnu-tools-for-stm32.9-2020-q2-update.win32_2.0.0.202105311346/tools/bin/../lib/gcc/arm-none-eabi/9.3.1/thumb/v7e-m+fp/hard/crtbegin.o
 .text          0x00000000080001d0       0x14 c:/st/stm32cubeide_1.7.0/stm32cubeide/plugins/com.st.stm32cube.ide.mcu.externaltools.gnu-tools-for-stm32.9-2020-q2-update.win32_2.0.0.202105311346/tools/bin/../lib/gcc/arm-none-eabi/9.3.1/../../../../arm-none-eabi/lib/thumb/v7e-m+fp/hard\libc_nano.a(lib_a-strcmp.o)
                0x00000000080001d0                strcmp
 .text          0x00000000080001e4       0x10 c:/st/stm32cubeide_1.7.0/stm32cubeide/plugins/com.st.stm32cube.ide.mcu.externaltools.gnu-tools-for-stm32.9-2020-q2-update.win32_2.0.0.202105311346/tools/bin/../lib/gcc/arm-none-eabi/9.3.1/../../../../arm-none-eabi/lib/thumb/v7e-m+fp/hard\libc_nano.a(lib_a-strlen.o)
                0x00000000080001e4                strlen
 *fill*         0x00000000080001f4        0xc 
 .text          0x0000000008000200       0xa0 c:/st/stm32cubeide_1.7.0/stm32cubeide/plugins/com.st.stm32cube.ide.mcu.externaltools.gnu-tools-for-stm32.9-2020-q2-update.win32_2.0.0.202105311346/tools/bin/../lib/gcc/arm-none-eabi/9.3.1/../../../../arm-none-eabi/lib/thumb/v7e-m+fp/hard\libc_nano.a(lib_a-memchr.o)
                0x0000000008000200                memchr
 .text          0x00000000080002a0      0x254 c:/st/stm32cubeide_1.7.0/stm32cubeide/plugins/com.st.stm32cube.ide.mcu.externaltools.gnu-tools-for-stm32.9-2020-q2-update.win32_2.0.0.202105311346/tools/bin/../lib/gcc/arm-none-eabi/9.3.1/thumb/v7e-m+fp/hard\libgcc.a(_arm_muldf3.o)
                0x00000000080002a0                __muldf3
                0x00000000080002a0                __aeabi_dmul
 .text          0x00000000080004f4      0x378 c:/st/stm32cubeide_1.7.0/stm32cubeide/plugins/com.st.stm32cube.ide.mcu.externaltools.gnu-tools-for-stm32.9-2020-q2-update.win32_2.0.0.202105311346/tools/bin/../lib/gcc/arm-none-eabi/9.3.1/thumb/v7e-m+fp/hard\libgcc.a(_arm_addsubdf3.o)
                0x00000000080004f4                __aeabi_drsub
                0x00000000080004fc                __aeabi_dsub
                0x00000000080004fc                __subdf3
                0x0000000008000500                __aeabi_dadd
                0x0000000008000500                __adddf3
                0x0000000008000778                __floatunsidf
                0x0000000008000778                __aeabi_ui2d
                0x0000000008000798                __floatsidf
                0x0000000008000798                __aeabi_i2d
                0x00000000080007bc                __aeabi_f2d
                0x00000000080007bc                __extendsfdf2
                0x0000000008000800                __floatundidf
                0x0000000008000800                __aeabi_ul2d
                0x0000000008000810                __floatdidf
                0x0000000008000810                __aeabi_l2d
 .text          0x000000000800086c       0x40 c:/st/stm32cubeide_1.7.0/stm32cubeide/plugins/com.st.stm32cube.ide.mcu.externaltools.gnu-tools-for-stm32.9-2020-q2-update.win32_2.0.0.202105311346/tools/bin/../lib/gcc/arm-none-eabi/9.3.1/thumb/v7e-m+fp/hard\libgcc.a(_arm_fixunsdfsi.o)
                0x000000000800086c                __aeabi_d2uiz
                0x000000000800086c                __fixunsdfsi
 .text          0x00000000080008ac       0x30 c:/st/stm32cubeide_1.7.0/stm32cubeide/plugins/com.st.stm32cube.ide.mcu.externaltools.gnu-tools-for-stm32.9-2020-q2-update.win32_2.0.0.202105311346/tools/bin/../lib/gcc/arm-none-eabi/9.3.1/thumb/v7e-m+fp/hard\libgcc.a(_aeabi_uldivmod.o)
                0x00000000080008ac                __aeabi_uldivmod
 .text          0x00000000080008dc      0x2c4 c:/st/stm32cubeide_1.7.0/stm32cubeide/plugins/com.st.stm32cube.ide.mcu.externaltools.gnu-tools-for-stm32.9-2020-q2-update.win32_2.0.0.202105311346/tools/bin/../lib/gcc/arm-none-eabi/9.3.1/thumb/v7e-m+fp/hard\libgcc.a(_udivmoddi4.o)
                0x00000000080008dc                __udivmoddi4
 .text          0x0000000008000ba0        0x4 c:/st/stm32cubeide_1.7.0/stm32cubeide/plugins/com.st.stm32cube.ide.mcu.externaltools.gnu-tools-for-stm32.9-2020-q2-update.win32_2.0.0.202105311346/tools/bin/../lib/gcc/arm-none-eabi/9.3.1/thumb/v7e-m+fp/hard\libgcc.a(_dvmd_tls.o)
                0x0000000008000ba0                __aeabi_idiv0
                0x0000000008000ba0                __aeabi_ldiv0
 *(.text*)
 .text.Send_Uart
                0x0000000008000ba4       0x2c ./Core/Src/File_Handling.o
                0x0000000008000ba4                Send_Uart
 .text.Mount_USB
                0x0000000008000bd0       0x48 ./Core/Src/File_Handling.o
                0x0000000008000bd0                Mount_USB
 .text.Unmount_USB
                0x0000000008000c18       0x44 ./Core/Src/File_Handling.o
                0x0000000008000c18                Unmount_USB
 .text.Scan_USB
                0x0000000008000c5c      0x160 ./Core/Src/File_Handling.o
                0x0000000008000c5c                Scan_USB
 .text.toggleinfoled
                0x0000000008000dbc       0x4a ./Core/Src/File_Handling.o
                0x0000000008000dbc                toggleinfoled
 *fill*         0x0000000008000e06        0x2 
 .text.Read_File
                0x0000000008000e08      0x25c ./Core/Src/File_Handling.o
                0x0000000008000e08                Read_File
 .text.Check_USB_Details
                0x0000000008001064       0xec ./Core/Src/File_Handling.o
                0x0000000008001064                Check_USB_Details
 .text.GetSector
                0x0000000008001150      0x160 ./Core/Src/STM_flash.o
 .text.write_STM32_Flash
                0x00000000080012b0       0xb8 ./Core/Src/STM_flash.o
                0x00000000080012b0                write_STM32_Flash
 .text.main     0x0000000008001368       0x2c ./Core/Src/main.o
                0x0000000008001368                main
 .text.SystemClock_Config
                0x0000000008001394       0xd4 ./Core/Src/main.o
                0x0000000008001394                SystemClock_Config
 .text.MX_USART3_UART_Init
                0x0000000008001468       0x54 ./Core/Src/main.o
 .text.MX_GPIO_Init
                0x00000000080014bc      0x108 ./Core/Src/main.o
 .text.Error_Handler
                0x00000000080015c4        0xa ./Core/Src/main.o
                0x00000000080015c4                Error_Handler
 *fill*         0x00000000080015ce        0x2 
 .text.RetargetInit
                0x00000000080015d0       0x30 ./Core/Src/retarget.o
                0x00000000080015d0                RetargetInit
 .text._isatty  0x0000000008001600       0x2c ./Core/Src/retarget.o
                0x0000000008001600                _isatty
 .text._write   0x000000000800162c       0x58 ./Core/Src/retarget.o
                0x000000000800162c                _write
 .text._close   0x0000000008001684       0x2e ./Core/Src/retarget.o
                0x0000000008001684                _close
 .text._lseek   0x00000000080016b2       0x22 ./Core/Src/retarget.o
                0x00000000080016b2                _lseek
 .text._read    0x00000000080016d4       0x50 ./Core/Src/retarget.o
                0x00000000080016d4                _read
 .text._fstat   0x0000000008001724       0x36 ./Core/Src/retarget.o
                0x0000000008001724                _fstat
 *fill*         0x000000000800175a        0x2 
 .text.HAL_MspInit
                0x000000000800175c       0x50 ./Core/Src/stm32f4xx_hal_msp.o
                0x000000000800175c                HAL_MspInit
 .text.HAL_UART_MspInit
                0x00000000080017ac       0x90 ./Core/Src/stm32f4xx_hal_msp.o
                0x00000000080017ac                HAL_UART_MspInit
 .text.NMI_Handler
                0x000000000800183c        0x6 ./Core/Src/stm32f4xx_it.o
                0x000000000800183c                NMI_Handler
 .text.HardFault_Handler
                0x0000000008001842        0x6 ./Core/Src/stm32f4xx_it.o
                0x0000000008001842                HardFault_Handler
 .text.MemManage_Handler
                0x0000000008001848        0x6 ./Core/Src/stm32f4xx_it.o
                0x0000000008001848                MemManage_Handler
 .text.BusFault_Handler
                0x000000000800184e        0x6 ./Core/Src/stm32f4xx_it.o
                0x000000000800184e                BusFault_Handler
 .text.UsageFault_Handler
                0x0000000008001854        0x6 ./Core/Src/stm32f4xx_it.o
                0x0000000008001854                UsageFault_Handler
 .text.SVC_Handler
                0x000000000800185a        0xe ./Core/Src/stm32f4xx_it.o
                0x000000000800185a                SVC_Handler
 .text.DebugMon_Handler
                0x0000000008001868        0xe ./Core/Src/stm32f4xx_it.o
                0x0000000008001868                DebugMon_Handler
 .text.PendSV_Handler
                0x0000000008001876        0xe ./Core/Src/stm32f4xx_it.o
                0x0000000008001876                PendSV_Handler
 .text.SysTick_Handler
                0x0000000008001884        0xc ./Core/Src/stm32f4xx_it.o
                0x0000000008001884                SysTick_Handler
 .text.OTG_FS_IRQHandler
                0x0000000008001890       0x14 ./Core/Src/stm32f4xx_it.o
                0x0000000008001890                OTG_FS_IRQHandler
 .text._sbrk    0x00000000080018a4       0x6c ./Core/Src/sysmem.o
                0x00000000080018a4                _sbrk
 .text.SystemInit
                0x0000000008001910       0x24 ./Core/Src/system_stm32f4xx.o
                0x0000000008001910                SystemInit
 .text.Reset_Handler
                0x0000000008001934       0x50 ./Core/Startup/startup_stm32f407vgtx.o
                0x0000000008001934                Reset_Handler
 .text.Default_Handler
                0x0000000008001984        0x2 ./Core/Startup/startup_stm32f407vgtx.o
                0x0000000008001984                RTC_Alarm_IRQHandler
                0x0000000008001984                HASH_RNG_IRQHandler
                0x0000000008001984                EXTI2_IRQHandler
                0x0000000008001984                TIM8_CC_IRQHandler
                0x0000000008001984                TIM1_CC_IRQHandler
                0x0000000008001984                DMA2_Stream5_IRQHandler
                0x0000000008001984                DMA1_Stream5_IRQHandler
                0x0000000008001984                PVD_IRQHandler
                0x0000000008001984                SDIO_IRQHandler
                0x0000000008001984                TAMP_STAMP_IRQHandler
                0x0000000008001984                CAN2_RX1_IRQHandler
                0x0000000008001984                EXTI3_IRQHandler
                0x0000000008001984                TIM8_TRG_COM_TIM14_IRQHandler
                0x0000000008001984                TIM1_UP_TIM10_IRQHandler
                0x0000000008001984                TIM8_UP_TIM13_IRQHandler
                0x0000000008001984                I2C3_ER_IRQHandler
                0x0000000008001984                EXTI0_IRQHandler
                0x0000000008001984                I2C2_EV_IRQHandler
                0x0000000008001984                DMA1_Stream2_IRQHandler
                0x0000000008001984                CAN1_RX0_IRQHandler
                0x0000000008001984                FPU_IRQHandler
                0x0000000008001984                OTG_HS_WKUP_IRQHandler
                0x0000000008001984                CAN2_SCE_IRQHandler
                0x0000000008001984                DMA2_Stream2_IRQHandler
                0x0000000008001984                SPI1_IRQHandler
                0x0000000008001984                TIM6_DAC_IRQHandler
                0x0000000008001984                TIM1_BRK_TIM9_IRQHandler
                0x0000000008001984                DCMI_IRQHandler
                0x0000000008001984                CAN2_RX0_IRQHandler
                0x0000000008001984                DMA2_Stream3_IRQHandler
                0x0000000008001984                USART6_IRQHandler
                0x0000000008001984                USART3_IRQHandler
                0x0000000008001984                CAN1_RX1_IRQHandler
                0x0000000008001984                UART5_IRQHandler
                0x0000000008001984                DMA2_Stream0_IRQHandler
                0x0000000008001984                TIM4_IRQHandler
                0x0000000008001984                I2C1_EV_IRQHandler
                0x0000000008001984                DMA1_Stream6_IRQHandler
                0x0000000008001984                DMA1_Stream1_IRQHandler
                0x0000000008001984                UART4_IRQHandler
                0x0000000008001984                TIM3_IRQHandler
                0x0000000008001984                RCC_IRQHandler
                0x0000000008001984                TIM8_BRK_TIM12_IRQHandler
                0x0000000008001984                Default_Handler
                0x0000000008001984                EXTI15_10_IRQHandler
                0x0000000008001984                ADC_IRQHandler
                0x0000000008001984                DMA1_Stream7_IRQHandler
                0x0000000008001984                TIM7_IRQHandler
                0x0000000008001984                CAN2_TX_IRQHandler
                0x0000000008001984                TIM5_IRQHandler
                0x0000000008001984                DMA2_Stream7_IRQHandler
                0x0000000008001984                I2C3_EV_IRQHandler
                0x0000000008001984                EXTI9_5_IRQHandler
                0x0000000008001984                RTC_WKUP_IRQHandler
                0x0000000008001984                ETH_WKUP_IRQHandler
                0x0000000008001984                SPI2_IRQHandler
                0x0000000008001984                OTG_HS_EP1_IN_IRQHandler
                0x0000000008001984                DMA1_Stream0_IRQHandler
                0x0000000008001984                CAN1_TX_IRQHandler
                0x0000000008001984                EXTI4_IRQHandler
                0x0000000008001984                FSMC_IRQHandler
                0x0000000008001984                ETH_IRQHandler
                0x0000000008001984                OTG_HS_EP1_OUT_IRQHandler
                0x0000000008001984                WWDG_IRQHandler
                0x0000000008001984                TIM2_IRQHandler
                0x0000000008001984                OTG_FS_WKUP_IRQHandler
                0x0000000008001984                TIM1_TRG_COM_TIM11_IRQHandler
                0x0000000008001984                OTG_HS_IRQHandler
                0x0000000008001984                EXTI1_IRQHandler
                0x0000000008001984                USART2_IRQHandler
                0x0000000008001984                I2C2_ER_IRQHandler
                0x0000000008001984                DMA2_Stream1_IRQHandler
                0x0000000008001984                CAN1_SCE_IRQHandler
                0x0000000008001984                FLASH_IRQHandler
                0x0000000008001984                DMA2_Stream4_IRQHandler
                0x0000000008001984                USART1_IRQHandler
                0x0000000008001984                SPI3_IRQHandler
                0x0000000008001984                DMA1_Stream4_IRQHandler
                0x0000000008001984                I2C1_ER_IRQHandler
                0x0000000008001984                DMA2_Stream6_IRQHandler
                0x0000000008001984                DMA1_Stream3_IRQHandler
 *fill*         0x0000000008001986        0x2 
 .text.HAL_Init
                0x0000000008001988       0x44 ./Drivers/STM32F4xx_HAL_Driver/Src/stm32f4xx_hal.o
                0x0000000008001988                HAL_Init
 .text.HAL_InitTick
                0x00000000080019cc       0x60 ./Drivers/STM32F4xx_HAL_Driver/Src/stm32f4xx_hal.o
                0x00000000080019cc                HAL_InitTick
 .text.HAL_IncTick
                0x0000000008001a2c       0x28 ./Drivers/STM32F4xx_HAL_Driver/Src/stm32f4xx_hal.o
                0x0000000008001a2c                HAL_IncTick
 .text.HAL_GetTick
                0x0000000008001a54       0x18 ./Drivers/STM32F4xx_HAL_Driver/Src/stm32f4xx_hal.o
                0x0000000008001a54                HAL_GetTick
 .text.HAL_Delay
                0x0000000008001a6c       0x48 ./Drivers/STM32F4xx_HAL_Driver/Src/stm32f4xx_hal.o
                0x0000000008001a6c                HAL_Delay
 .text.__NVIC_SetPriorityGrouping
                0x0000000008001ab4       0x48 ./Drivers/STM32F4xx_HAL_Driver/Src/stm32f4xx_hal_cortex.o
 .text.__NVIC_GetPriorityGrouping
                0x0000000008001afc       0x1c ./Drivers/STM32F4xx_HAL_Driver/Src/stm32f4xx_hal_cortex.o
 .text.__NVIC_EnableIRQ
                0x0000000008001b18       0x3c ./Drivers/STM32F4xx_HAL_Driver/Src/stm32f4xx_hal_cortex.o
 .text.__NVIC_SetPriority
                0x0000000008001b54       0x54 ./Drivers/STM32F4xx_HAL_Driver/Src/stm32f4xx_hal_cortex.o
 .text.NVIC_EncodePriority
                0x0000000008001ba8       0x66 ./Drivers/STM32F4xx_HAL_Driver/Src/stm32f4xx_hal_cortex.o
 *fill*         0x0000000008001c0e        0x2 
 .text.SysTick_Config
                0x0000000008001c10       0x44 ./Drivers/STM32F4xx_HAL_Driver/Src/stm32f4xx_hal_cortex.o
 .text.HAL_NVIC_SetPriorityGrouping
                0x0000000008001c54       0x16 ./Drivers/STM32F4xx_HAL_Driver/Src/stm32f4xx_hal_cortex.o
                0x0000000008001c54                HAL_NVIC_SetPriorityGrouping
 .text.HAL_NVIC_SetPriority
                0x0000000008001c6a       0x38 ./Drivers/STM32F4xx_HAL_Driver/Src/stm32f4xx_hal_cortex.o
                0x0000000008001c6a                HAL_NVIC_SetPriority
 .text.HAL_NVIC_EnableIRQ
                0x0000000008001ca2       0x1c ./Drivers/STM32F4xx_HAL_Driver/Src/stm32f4xx_hal_cortex.o
                0x0000000008001ca2                HAL_NVIC_EnableIRQ
 .text.HAL_SYSTICK_Config
                0x0000000008001cbe       0x18 ./Drivers/STM32F4xx_HAL_Driver/Src/stm32f4xx_hal_cortex.o
                0x0000000008001cbe                HAL_SYSTICK_Config
 *fill*         0x0000000008001cd6        0x2 
 .text.HAL_FLASH_Program
                0x0000000008001cd8       0xa8 ./Drivers/STM32F4xx_HAL_Driver/Src/stm32f4xx_hal_flash.o
                0x0000000008001cd8                HAL_FLASH_Program
 .text.HAL_FLASH_Unlock
                0x0000000008001d80       0x44 ./Drivers/STM32F4xx_HAL_Driver/Src/stm32f4xx_hal_flash.o
                0x0000000008001d80                HAL_FLASH_Unlock
 .text.HAL_FLASH_Lock
                0x0000000008001dc4       0x20 ./Drivers/STM32F4xx_HAL_Driver/Src/stm32f4xx_hal_flash.o
                0x0000000008001dc4                HAL_FLASH_Lock
 .text.HAL_FLASH_GetError
                0x0000000008001de4       0x18 ./Drivers/STM32F4xx_HAL_Driver/Src/stm32f4xx_hal_flash.o
                0x0000000008001de4                HAL_FLASH_GetError
 .text.FLASH_WaitForLastOperation
                0x0000000008001dfc       0x80 ./Drivers/STM32F4xx_HAL_Driver/Src/stm32f4xx_hal_flash.o
                0x0000000008001dfc                FLASH_WaitForLastOperation
 .text.FLASH_Program_DoubleWord
                0x0000000008001e7c       0x64 ./Drivers/STM32F4xx_HAL_Driver/Src/stm32f4xx_hal_flash.o
 .text.FLASH_Program_Word
                0x0000000008001ee0       0x44 ./Drivers/STM32F4xx_HAL_Driver/Src/stm32f4xx_hal_flash.o
 .text.FLASH_Program_HalfWord
                0x0000000008001f24       0x48 ./Drivers/STM32F4xx_HAL_Driver/Src/stm32f4xx_hal_flash.o
 .text.FLASH_Program_Byte
                0x0000000008001f6c       0x44 ./Drivers/STM32F4xx_HAL_Driver/Src/stm32f4xx_hal_flash.o
 .text.FLASH_SetErrorCode
                0x0000000008001fb0       0xac ./Drivers/STM32F4xx_HAL_Driver/Src/stm32f4xx_hal_flash.o
 .text.HAL_FLASHEx_Erase
                0x000000000800205c       0xe0 ./Drivers/STM32F4xx_HAL_Driver/Src/stm32f4xx_hal_flash_ex.o
                0x000000000800205c                HAL_FLASHEx_Erase
 .text.FLASH_MassErase
                0x000000000800213c       0x48 ./Drivers/STM32F4xx_HAL_Driver/Src/stm32f4xx_hal_flash_ex.o
 .text.FLASH_Erase_Sector
                0x0000000008002184       0x90 ./Drivers/STM32F4xx_HAL_Driver/Src/stm32f4xx_hal_flash_ex.o
                0x0000000008002184                FLASH_Erase_Sector
 .text.FLASH_FlushCaches
                0x0000000008002214       0x8c ./Drivers/STM32F4xx_HAL_Driver/Src/stm32f4xx_hal_flash_ex.o
                0x0000000008002214                FLASH_FlushCaches
 .text.HAL_GPIO_Init
                0x00000000080022a0      0x338 ./Drivers/STM32F4xx_HAL_Driver/Src/stm32f4xx_hal_gpio.o
                0x00000000080022a0                HAL_GPIO_Init
 .text.HAL_GPIO_WritePin
                0x00000000080025d8       0x32 ./Drivers/STM32F4xx_HAL_Driver/Src/stm32f4xx_hal_gpio.o
                0x00000000080025d8                HAL_GPIO_WritePin
 .text.HAL_HCD_Init
                0x000000000800260a       0xc4 ./Drivers/STM32F4xx_HAL_Driver/Src/stm32f4xx_hal_hcd.o
                0x000000000800260a                HAL_HCD_Init
 .text.HAL_HCD_HC_Init
                0x00000000080026ce      0x11e ./Drivers/STM32F4xx_HAL_Driver/Src/stm32f4xx_hal_hcd.o
                0x00000000080026ce                HAL_HCD_HC_Init
 .text.HAL_HCD_HC_Halt
                0x00000000080027ec       0x46 ./Drivers/STM32F4xx_HAL_Driver/Src/stm32f4xx_hal_hcd.o
                0x00000000080027ec                HAL_HCD_HC_Halt
 *fill*         0x0000000008002832        0x2 
 .text.HAL_HCD_HC_SubmitRequest
                0x0000000008002834      0x2ac ./Drivers/STM32F4xx_HAL_Driver/Src/stm32f4xx_hal_hcd.o
                0x0000000008002834                HAL_HCD_HC_SubmitRequest
 .text.HAL_HCD_IRQHandler
                0x0000000008002ae0      0x216 ./Drivers/STM32F4xx_HAL_Driver/Src/stm32f4xx_hal_hcd.o
                0x0000000008002ae0                HAL_HCD_IRQHandler
 .text.HAL_HCD_Start
                0x0000000008002cf6       0x46 ./Drivers/STM32F4xx_HAL_Driver/Src/stm32f4xx_hal_hcd.o
                0x0000000008002cf6                HAL_HCD_Start
 .text.HAL_HCD_Stop
                0x0000000008002d3c       0x3a ./Drivers/STM32F4xx_HAL_Driver/Src/stm32f4xx_hal_hcd.o
                0x0000000008002d3c                HAL_HCD_Stop
 .text.HAL_HCD_ResetPort
                0x0000000008002d76       0x1c ./Drivers/STM32F4xx_HAL_Driver/Src/stm32f4xx_hal_hcd.o
                0x0000000008002d76                HAL_HCD_ResetPort
 .text.HAL_HCD_HC_GetURBState
                0x0000000008002d92       0x28 ./Drivers/STM32F4xx_HAL_Driver/Src/stm32f4xx_hal_hcd.o
                0x0000000008002d92                HAL_HCD_HC_GetURBState
 .text.HAL_HCD_HC_GetXferCount
                0x0000000008002dba       0x28 ./Drivers/STM32F4xx_HAL_Driver/Src/stm32f4xx_hal_hcd.o
                0x0000000008002dba                HAL_HCD_HC_GetXferCount
 .text.HAL_HCD_GetCurrentFrame
                0x0000000008002de2       0x1c ./Drivers/STM32F4xx_HAL_Driver/Src/stm32f4xx_hal_hcd.o
                0x0000000008002de2                HAL_HCD_GetCurrentFrame
 .text.HAL_HCD_GetCurrentSpeed
                0x0000000008002dfe       0x1c ./Drivers/STM32F4xx_HAL_Driver/Src/stm32f4xx_hal_hcd.o
                0x0000000008002dfe                HAL_HCD_GetCurrentSpeed
 .text.HCD_HC_IN_IRQHandler
                0x0000000008002e1a      0x844 ./Drivers/STM32F4xx_HAL_Driver/Src/stm32f4xx_hal_hcd.o
 .text.HCD_HC_OUT_IRQHandler
                0x000000000800365e      0x802 ./Drivers/STM32F4xx_HAL_Driver/Src/stm32f4xx_hal_hcd.o
 .text.HCD_RXQLVL_IRQHandler
                0x0000000008003e60      0x1a4 ./Drivers/STM32F4xx_HAL_Driver/Src/stm32f4xx_hal_hcd.o
 .text.HCD_Port_IRQHandler
                0x0000000008004004       0xe6 ./Drivers/STM32F4xx_HAL_Driver/Src/stm32f4xx_hal_hcd.o
 *fill*         0x00000000080040ea        0x2 
 .text.HAL_RCC_OscConfig
                0x00000000080040ec      0x4f0 ./Drivers/STM32F4xx_HAL_Driver/Src/stm32f4xx_hal_rcc.o
                0x00000000080040ec                HAL_RCC_OscConfig
 .text.HAL_RCC_ClockConfig
                0x00000000080045dc      0x1cc ./Drivers/STM32F4xx_HAL_Driver/Src/stm32f4xx_hal_rcc.o
                0x00000000080045dc                HAL_RCC_ClockConfig
 .text.HAL_RCC_GetSysClockFreq
                0x00000000080047a8      0x1c4 ./Drivers/STM32F4xx_HAL_Driver/Src/stm32f4xx_hal_rcc.o
                0x00000000080047a8                HAL_RCC_GetSysClockFreq
 .text.HAL_RCC_GetHCLKFreq
                0x000000000800496c       0x18 ./Drivers/STM32F4xx_HAL_Driver/Src/stm32f4xx_hal_rcc.o
                0x000000000800496c                HAL_RCC_GetHCLKFreq
 .text.HAL_RCC_GetPCLK1Freq
                0x0000000008004984       0x28 ./Drivers/STM32F4xx_HAL_Driver/Src/stm32f4xx_hal_rcc.o
                0x0000000008004984                HAL_RCC_GetPCLK1Freq
 .text.HAL_RCC_GetPCLK2Freq
                0x00000000080049ac       0x28 ./Drivers/STM32F4xx_HAL_Driver/Src/stm32f4xx_hal_rcc.o
                0x00000000080049ac                HAL_RCC_GetPCLK2Freq
 .text.HAL_UART_Init
                0x00000000080049d4       0x9a ./Drivers/STM32F4xx_HAL_Driver/Src/stm32f4xx_hal_uart.o
                0x00000000080049d4                HAL_UART_Init
 .text.HAL_UART_Transmit
                0x0000000008004a6e      0x124 ./Drivers/STM32F4xx_HAL_Driver/Src/stm32f4xx_hal_uart.o
                0x0000000008004a6e                HAL_UART_Transmit
 .text.HAL_UART_Receive
                0x0000000008004b92      0x144 ./Drivers/STM32F4xx_HAL_Driver/Src/stm32f4xx_hal_uart.o
                0x0000000008004b92                HAL_UART_Receive
 .text.UART_WaitOnFlagUntilTimeout
                0x0000000008004cd6       0xdc ./Drivers/STM32F4xx_HAL_Driver/Src/stm32f4xx_hal_uart.o
 *fill*         0x0000000008004db2        0x2 
 .text.UART_SetConfig
                0x0000000008004db4      0x390 ./Drivers/STM32F4xx_HAL_Driver/Src/stm32f4xx_hal_uart.o
 .text.USB_CoreInit
                0x0000000008005144       0xc2 ./Drivers/STM32F4xx_HAL_Driver/Src/stm32f4xx_ll_usb.o
                0x0000000008005144                USB_CoreInit
 .text.USB_EnableGlobalInt
                0x0000000008005206       0x22 ./Drivers/STM32F4xx_HAL_Driver/Src/stm32f4xx_ll_usb.o
                0x0000000008005206                USB_EnableGlobalInt
 .text.USB_DisableGlobalInt
                0x0000000008005228       0x22 ./Drivers/STM32F4xx_HAL_Driver/Src/stm32f4xx_ll_usb.o
                0x0000000008005228                USB_DisableGlobalInt
 .text.USB_SetCurrentMode
                0x000000000800524a       0x98 ./Drivers/STM32F4xx_HAL_Driver/Src/stm32f4xx_ll_usb.o
                0x000000000800524a                USB_SetCurrentMode
 *fill*         0x00000000080052e2        0x2 
 .text.USB_FlushTxFifo
                0x00000000080052e4       0x48 ./Drivers/STM32F4xx_HAL_Driver/Src/stm32f4xx_ll_usb.o
                0x00000000080052e4                USB_FlushTxFifo
 .text.USB_FlushRxFifo
                0x000000000800532c       0x40 ./Drivers/STM32F4xx_HAL_Driver/Src/stm32f4xx_ll_usb.o
                0x000000000800532c                USB_FlushRxFifo
 .text.USB_WritePacket
                0x000000000800536c       0x7c ./Drivers/STM32F4xx_HAL_Driver/Src/stm32f4xx_ll_usb.o
                0x000000000800536c                USB_WritePacket
 .text.USB_ReadPacket
                0x00000000080053e8       0xb0 ./Drivers/STM32F4xx_HAL_Driver/Src/stm32f4xx_ll_usb.o
                0x00000000080053e8                USB_ReadPacket
 .text.USB_ReadInterrupts
                0x0000000008005498       0x26 ./Drivers/STM32F4xx_HAL_Driver/Src/stm32f4xx_ll_usb.o
                0x0000000008005498                USB_ReadInterrupts
 .text.USB_GetMode
                0x00000000080054be       0x1c ./Drivers/STM32F4xx_HAL_Driver/Src/stm32f4xx_ll_usb.o
                0x00000000080054be                USB_GetMode
 *fill*         0x00000000080054da        0x2 
 .text.USB_CoreReset
                0x00000000080054dc       0x64 ./Drivers/STM32F4xx_HAL_Driver/Src/stm32f4xx_ll_usb.o
 .text.USB_HostInit
                0x0000000008005540      0x168 ./Drivers/STM32F4xx_HAL_Driver/Src/stm32f4xx_ll_usb.o
                0x0000000008005540                USB_HostInit
 .text.USB_InitFSLSPClkSel
                0x00000000080056a8       0x74 ./Drivers/STM32F4xx_HAL_Driver/Src/stm32f4xx_ll_usb.o
                0x00000000080056a8                USB_InitFSLSPClkSel
 .text.USB_ResetPort
                0x000000000800571c       0x54 ./Drivers/STM32F4xx_HAL_Driver/Src/stm32f4xx_ll_usb.o
                0x000000000800571c                USB_ResetPort
 .text.USB_DriveVbus
                0x0000000008005770       0x72 ./Drivers/STM32F4xx_HAL_Driver/Src/stm32f4xx_ll_usb.o
                0x0000000008005770                USB_DriveVbus
 .text.USB_GetHostSpeed
                0x00000000080057e2       0x2e ./Drivers/STM32F4xx_HAL_Driver/Src/stm32f4xx_ll_usb.o
                0x00000000080057e2                USB_GetHostSpeed
 .text.USB_GetCurrentFrame
                0x0000000008005810       0x22 ./Drivers/STM32F4xx_HAL_Driver/Src/stm32f4xx_ll_usb.o
                0x0000000008005810                USB_GetCurrentFrame
 *fill*         0x0000000008005832        0x2 
 .text.USB_HC_Init
                0x0000000008005834      0x21c ./Drivers/STM32F4xx_HAL_Driver/Src/stm32f4xx_ll_usb.o
                0x0000000008005834                USB_HC_Init
 .text.USB_HC_StartXfer
                0x0000000008005a50      0x284 ./Drivers/STM32F4xx_HAL_Driver/Src/stm32f4xx_ll_usb.o
                0x0000000008005a50                USB_HC_StartXfer
 .text.USB_HC_ReadInterrupt
                0x0000000008005cd4       0x22 ./Drivers/STM32F4xx_HAL_Driver/Src/stm32f4xx_ll_usb.o
                0x0000000008005cd4                USB_HC_ReadInterrupt
 .text.USB_HC_Halt
                0x0000000008005cf6      0x238 ./Drivers/STM32F4xx_HAL_Driver/Src/stm32f4xx_ll_usb.o
                0x0000000008005cf6                USB_HC_Halt
 *fill*         0x0000000008005f2e        0x2 
 .text.USB_DoPing
                0x0000000008005f30       0x78 ./Drivers/STM32F4xx_HAL_Driver/Src/stm32f4xx_ll_usb.o
                0x0000000008005f30                USB_DoPing
 .text.USB_StopHost
                0x0000000008005fa8      0x10c ./Drivers/STM32F4xx_HAL_Driver/Src/stm32f4xx_ll_usb.o
                0x0000000008005fa8                USB_StopHost
 .text.MX_FATFS_Init
                0x00000000080060b4       0x24 ./FATFS/App/fatfs.o
                0x00000000080060b4                MX_FATFS_Init
 .text.get_fattime
                0x00000000080060d8       0x10 ./FATFS/App/fatfs.o
                0x00000000080060d8                get_fattime
 .text.USBH_initialize
                0x00000000080060e8       0x18 ./FATFS/Target/usbh_diskio.o
                0x00000000080060e8                USBH_initialize
 .text.USBH_status
                0x0000000008006100       0x38 ./FATFS/Target/usbh_diskio.o
                0x0000000008006100                USBH_status
 .text.USBH_read
                0x0000000008006138       0x74 ./FATFS/Target/usbh_diskio.o
                0x0000000008006138                USBH_read
 .text.USBH_write
                0x00000000080061ac       0x84 ./FATFS/Target/usbh_diskio.o
                0x00000000080061ac                USBH_write
 .text.USBH_ioctl
                0x0000000008006230       0xd8 ./FATFS/Target/usbh_diskio.o
                0x0000000008006230                USBH_ioctl
 .text.USBH_MSC_InterfaceInit
                0x0000000008006308      0x216 ./Middlewares/ST/STM32_USB_Host_Library/Class/MSC/Src/usbh_msc.o
 .text.USBH_MSC_InterfaceDeInit
                0x000000000800651e       0x8c ./Middlewares/ST/STM32_USB_Host_Library/Class/MSC/Src/usbh_msc.o
 .text.USBH_MSC_ClassRequest
                0x00000000080065aa       0xce ./Middlewares/ST/STM32_USB_Host_Library/Class/MSC/Src/usbh_msc.o
 .text.USBH_MSC_Process
                0x0000000008006678      0x520 ./Middlewares/ST/STM32_USB_Host_Library/Class/MSC/Src/usbh_msc.o
 .text.USBH_MSC_SOFProcess
                0x0000000008006b98       0x16 ./Middlewares/ST/STM32_USB_Host_Library/Class/MSC/Src/usbh_msc.o
 .text.USBH_MSC_RdWrProcess
                0x0000000008006bae      0x19e ./Middlewares/ST/STM32_USB_Host_Library/Class/MSC/Src/usbh_msc.o
 .text.USBH_MSC_UnitIsReady
                0x0000000008006d4c       0x4c ./Middlewares/ST/STM32_USB_Host_Library/Class/MSC/Src/usbh_msc.o
                0x0000000008006d4c                USBH_MSC_UnitIsReady
 .text.USBH_MSC_GetLUNInfo
                0x0000000008006d98       0x48 ./Middlewares/ST/STM32_USB_Host_Library/Class/MSC/Src/usbh_msc.o
                0x0000000008006d98                USBH_MSC_GetLUNInfo
 .text.USBH_MSC_Read
                0x0000000008006de0       0xd2 ./Middlewares/ST/STM32_USB_Host_Library/Class/MSC/Src/usbh_msc.o
                0x0000000008006de0                USBH_MSC_Read
 .text.USBH_MSC_Write
                0x0000000008006eb2       0xd2 ./Middlewares/ST/STM32_USB_Host_Library/Class/MSC/Src/usbh_msc.o
                0x0000000008006eb2                USBH_MSC_Write
 .text.USBH_MSC_BOT_REQ_Reset
                0x0000000008006f84       0x3a ./Middlewares/ST/STM32_USB_Host_Library/Class/MSC/Src/usbh_msc_bot.o
                0x0000000008006f84                USBH_MSC_BOT_REQ_Reset
 .text.USBH_MSC_BOT_REQ_GetMaxLUN
                0x0000000008006fbe       0x3c ./Middlewares/ST/STM32_USB_Host_Library/Class/MSC/Src/usbh_msc_bot.o
                0x0000000008006fbe                USBH_MSC_BOT_REQ_GetMaxLUN
 *fill*         0x0000000008006ffa        0x2 
 .text.USBH_MSC_BOT_Init
                0x0000000008006ffc       0x44 ./Middlewares/ST/STM32_USB_Host_Library/Class/MSC/Src/usbh_msc_bot.o
                0x0000000008006ffc                USBH_MSC_BOT_Init
 .text.USBH_MSC_BOT_Process
                0x0000000008007040      0x39c ./Middlewares/ST/STM32_USB_Host_Library/Class/MSC/Src/usbh_msc_bot.o
                0x0000000008007040                USBH_MSC_BOT_Process
 .text.USBH_MSC_BOT_Abort
                0x00000000080073dc       0x58 ./Middlewares/ST/STM32_USB_Host_Library/Class/MSC/Src/usbh_msc_bot.o
 .text.USBH_MSC_DecodeCSW
                0x0000000008007434       0x88 ./Middlewares/ST/STM32_USB_Host_Library/Class/MSC/Src/usbh_msc_bot.o
 .text.USBH_MSC_SCSI_TestUnitReady
                0x00000000080074bc       0x86 ./Middlewares/ST/STM32_USB_Host_Library/Class/MSC/Src/usbh_msc_scsi.o
                0x00000000080074bc                USBH_MSC_SCSI_TestUnitReady
 .text.USBH_MSC_SCSI_ReadCapacity
                0x0000000008007542       0xf6 ./Middlewares/ST/STM32_USB_Host_Library/Class/MSC/Src/usbh_msc_scsi.o
                0x0000000008007542                USBH_MSC_SCSI_ReadCapacity
 .text.USBH_MSC_SCSI_Inquiry
                0x0000000008007638      0x14a ./Middlewares/ST/STM32_USB_Host_Library/Class/MSC/Src/usbh_msc_scsi.o
                0x0000000008007638                USBH_MSC_SCSI_Inquiry
 .text.USBH_MSC_SCSI_RequestSense
                0x0000000008007782       0xf2 ./Middlewares/ST/STM32_USB_Host_Library/Class/MSC/Src/usbh_msc_scsi.o
                0x0000000008007782                USBH_MSC_SCSI_RequestSense
 .text.USBH_MSC_SCSI_Write
                0x0000000008007874       0xd6 ./Middlewares/ST/STM32_USB_Host_Library/Class/MSC/Src/usbh_msc_scsi.o
                0x0000000008007874                USBH_MSC_SCSI_Write
 .text.USBH_MSC_SCSI_Read
                0x000000000800794a       0xd6 ./Middlewares/ST/STM32_USB_Host_Library/Class/MSC/Src/usbh_msc_scsi.o
                0x000000000800794a                USBH_MSC_SCSI_Read
 .text.USBH_Init
                0x0000000008007a20       0x74 ./Middlewares/ST/STM32_USB_Host_Library/Core/Src/usbh_core.o
                0x0000000008007a20                USBH_Init
 .text.DeInitStateMachine
                0x0000000008007a94       0xa8 ./Middlewares/ST/STM32_USB_Host_Library/Core/Src/usbh_core.o
 .text.USBH_RegisterClass
                0x0000000008007b3c       0x54 ./Middlewares/ST/STM32_USB_Host_Library/Core/Src/usbh_core.o
                0x0000000008007b3c                USBH_RegisterClass
 .text.USBH_SelectInterface
                0x0000000008007b90       0x38 ./Middlewares/ST/STM32_USB_Host_Library/Core/Src/usbh_core.o
                0x0000000008007b90                USBH_SelectInterface
 .text.USBH_FindInterface
                0x0000000008007bc8       0x8c ./Middlewares/ST/STM32_USB_Host_Library/Core/Src/usbh_core.o
                0x0000000008007bc8                USBH_FindInterface
 .text.USBH_Start
                0x0000000008007c54       0x20 ./Middlewares/ST/STM32_USB_Host_Library/Core/Src/usbh_core.o
                0x0000000008007c54                USBH_Start
 .text.USBH_Process
                0x0000000008007c74      0x3c0 ./Middlewares/ST/STM32_USB_Host_Library/Core/Src/usbh_core.o
                0x0000000008007c74                USBH_Process
 .text.USBH_HandleEnum
                0x0000000008008034      0x3c8 ./Middlewares/ST/STM32_USB_Host_Library/Core/Src/usbh_core.o
 .text.USBH_LL_SetTimer
                0x00000000080083fc       0x1e ./Middlewares/ST/STM32_USB_Host_Library/Core/Src/usbh_core.o
                0x00000000080083fc                USBH_LL_SetTimer
 .text.USBH_LL_IncTimer
                0x000000000800841a       0x24 ./Middlewares/ST/STM32_USB_Host_Library/Core/Src/usbh_core.o
                0x000000000800841a                USBH_LL_IncTimer
 .text.USBH_HandleSof
                0x000000000800843e       0x30 ./Middlewares/ST/STM32_USB_Host_Library/Core/Src/usbh_core.o
 .text.USBH_LL_PortEnabled
                0x000000000800846e       0x1c ./Middlewares/ST/STM32_USB_Host_Library/Core/Src/usbh_core.o
                0x000000000800846e                USBH_LL_PortEnabled
 .text.USBH_LL_PortDisabled
                0x000000000800848a       0x1c ./Middlewares/ST/STM32_USB_Host_Library/Core/Src/usbh_core.o
                0x000000000800848a                USBH_LL_PortDisabled
 .text.USBH_LL_Connect
                0x00000000080084a6       0x2e ./Middlewares/ST/STM32_USB_Host_Library/Core/Src/usbh_core.o
                0x00000000080084a6                USBH_LL_Connect
 .text.USBH_LL_Disconnect
                0x00000000080084d4       0x48 ./Middlewares/ST/STM32_USB_Host_Library/Core/Src/usbh_core.o
                0x00000000080084d4                USBH_LL_Disconnect
 .text.USBH_Get_DevDesc
                0x000000000800851c       0x50 ./Middlewares/ST/STM32_USB_Host_Library/Core/Src/usbh_ctlreq.o
                0x000000000800851c                USBH_Get_DevDesc
 .text.USBH_Get_CfgDesc
                0x000000000800856c       0x48 ./Middlewares/ST/STM32_USB_Host_Library/Core/Src/usbh_ctlreq.o
                0x000000000800856c                USBH_Get_CfgDesc
 .text.USBH_Get_StringDesc
                0x00000000080085b4       0x56 ./Middlewares/ST/STM32_USB_Host_Library/Core/Src/usbh_ctlreq.o
                0x00000000080085b4                USBH_Get_StringDesc
 .text.USBH_GetDescriptor
                0x000000000800860a       0x6a ./Middlewares/ST/STM32_USB_Host_Library/Core/Src/usbh_ctlreq.o
                0x000000000800860a                USBH_GetDescriptor
 .text.USBH_SetAddress
                0x0000000008008674       0x48 ./Middlewares/ST/STM32_USB_Host_Library/Core/Src/usbh_ctlreq.o
                0x0000000008008674                USBH_SetAddress
 .text.USBH_SetCfg
                0x00000000080086bc       0x46 ./Middlewares/ST/STM32_USB_Host_Library/Core/Src/usbh_ctlreq.o
                0x00000000080086bc                USBH_SetCfg
 .text.USBH_SetFeature
                0x0000000008008702       0x48 ./Middlewares/ST/STM32_USB_Host_Library/Core/Src/usbh_ctlreq.o
                0x0000000008008702                USBH_SetFeature
 .text.USBH_ClrFeature
                0x000000000800874a       0x48 ./Middlewares/ST/STM32_USB_Host_Library/Core/Src/usbh_ctlreq.o
                0x000000000800874a                USBH_ClrFeature
 .text.USBH_ParseDevDesc
                0x0000000008008792       0xe0 ./Middlewares/ST/STM32_USB_Host_Library/Core/Src/usbh_ctlreq.o
 .text.USBH_ParseCfgDesc
                0x0000000008008872      0x144 ./Middlewares/ST/STM32_USB_Host_Library/Core/Src/usbh_ctlreq.o
 .text.USBH_ParseInterfaceDesc
                0x00000000080089b6       0x5e ./Middlewares/ST/STM32_USB_Host_Library/Core/Src/usbh_ctlreq.o
 .text.USBH_ParseEPDesc
                0x0000000008008a14       0x5a ./Middlewares/ST/STM32_USB_Host_Library/Core/Src/usbh_ctlreq.o
 .text.USBH_ParseStringDesc
                0x0000000008008a6e       0x66 ./Middlewares/ST/STM32_USB_Host_Library/Core/Src/usbh_ctlreq.o
 .text.USBH_GetNextDesc
                0x0000000008008ad4       0x36 ./Middlewares/ST/STM32_USB_Host_Library/Core/Src/usbh_ctlreq.o
                0x0000000008008ad4                USBH_GetNextDesc
 .text.USBH_CtlReq
                0x0000000008008b0a       0x7a ./Middlewares/ST/STM32_USB_Host_Library/Core/Src/usbh_ctlreq.o
                0x0000000008008b0a                USBH_CtlReq
 .text.USBH_HandleControl
                0x0000000008008b84      0x2e8 ./Middlewares/ST/STM32_USB_Host_Library/Core/Src/usbh_ctlreq.o
 .text.USBH_CtlSendSetup
                0x0000000008008e6c       0x34 ./Middlewares/ST/STM32_USB_Host_Library/Core/Src/usbh_ioreq.o
                0x0000000008008e6c                USBH_CtlSendSetup
 .text.USBH_CtlSendData
                0x0000000008008ea0       0x4a ./Middlewares/ST/STM32_USB_Host_Library/Core/Src/usbh_ioreq.o
                0x0000000008008ea0                USBH_CtlSendData
 .text.USBH_CtlReceiveData
                0x0000000008008eea       0x3c ./Middlewares/ST/STM32_USB_Host_Library/Core/Src/usbh_ioreq.o
                0x0000000008008eea                USBH_CtlReceiveData
 .text.USBH_BulkSendData
                0x0000000008008f26       0x4a ./Middlewares/ST/STM32_USB_Host_Library/Core/Src/usbh_ioreq.o
                0x0000000008008f26                USBH_BulkSendData
 .text.USBH_BulkReceiveData
                0x0000000008008f70       0x3c ./Middlewares/ST/STM32_USB_Host_Library/Core/Src/usbh_ioreq.o
                0x0000000008008f70                USBH_BulkReceiveData
 .text.USBH_OpenPipe
                0x0000000008008fac       0x3e ./Middlewares/ST/STM32_USB_Host_Library/Core/Src/usbh_pipes.o
                0x0000000008008fac                USBH_OpenPipe
 .text.USBH_ClosePipe
                0x0000000008008fea       0x20 ./Middlewares/ST/STM32_USB_Host_Library/Core/Src/usbh_pipes.o
                0x0000000008008fea                USBH_ClosePipe
 .text.USBH_AllocPipe
                0x000000000800900a       0x42 ./Middlewares/ST/STM32_USB_Host_Library/Core/Src/usbh_pipes.o
                0x000000000800900a                USBH_AllocPipe
 .text.USBH_FreePipe
                0x000000000800904c       0x3c ./Middlewares/ST/STM32_USB_Host_Library/Core/Src/usbh_pipes.o
                0x000000000800904c                USBH_FreePipe
 .text.USBH_GetFreePipe
                0x0000000008009088       0x48 ./Middlewares/ST/STM32_USB_Host_Library/Core/Src/usbh_pipes.o
 .text.disk_status
                0x00000000080090d0       0x34 ./Middlewares/Third_Party/FatFs/src/diskio.o
                0x00000000080090d0                disk_status
 .text.disk_initialize
                0x0000000008009104       0x4c ./Middlewares/Third_Party/FatFs/src/diskio.o
                0x0000000008009104                disk_initialize
 .text.disk_read
                0x0000000008009150       0x40 ./Middlewares/Third_Party/FatFs/src/diskio.o
                0x0000000008009150                disk_read
 .text.disk_write
                0x0000000008009190       0x40 ./Middlewares/Third_Party/FatFs/src/diskio.o
                0x0000000008009190                disk_write
 .text.disk_ioctl
                0x00000000080091d0       0x3c ./Middlewares/Third_Party/FatFs/src/diskio.o
                0x00000000080091d0                disk_ioctl
 .text.ld_word  0x000000000800920c       0x30 ./Middlewares/Third_Party/FatFs/src/ff.o
 .text.ld_dword
                0x000000000800923c       0x46 ./Middlewares/Third_Party/FatFs/src/ff.o
 .text.ld_qword
                0x0000000008009282      0x176 ./Middlewares/Third_Party/FatFs/src/ff.o
 .text.st_word  0x00000000080093f8       0x36 ./Middlewares/Third_Party/FatFs/src/ff.o
 .text.st_dword
                0x000000000800942e       0x58 ./Middlewares/Third_Party/FatFs/src/ff.o
 .text.st_qword
                0x0000000008009486      0x110 ./Middlewares/Third_Party/FatFs/src/ff.o
 .text.mem_cpy  0x0000000008009596       0x42 ./Middlewares/Third_Party/FatFs/src/ff.o
 .text.mem_set  0x00000000080095d8       0x36 ./Middlewares/Third_Party/FatFs/src/ff.o
 .text.mem_cmp  0x000000000800960e       0x4e ./Middlewares/Third_Party/FatFs/src/ff.o
 .text.chk_chr  0x000000000800965c       0x36 ./Middlewares/Third_Party/FatFs/src/ff.o
 *fill*         0x0000000008009692        0x2 
 .text.chk_lock
                0x0000000008009694       0xb8 ./Middlewares/Third_Party/FatFs/src/ff.o
 .text.enq_lock
                0x000000000800974c       0x44 ./Middlewares/Third_Party/FatFs/src/ff.o
 .text.inc_lock
                0x0000000008009790      0x11c ./Middlewares/Third_Party/FatFs/src/ff.o
 .text.dec_lock
                0x00000000080098ac       0x78 ./Middlewares/Third_Party/FatFs/src/ff.o
 .text.clear_lock
                0x0000000008009924       0x48 ./Middlewares/Third_Party/FatFs/src/ff.o
 .text.sync_window
                0x000000000800996c       0x88 ./Middlewares/Third_Party/FatFs/src/ff.o
 .text.move_window
                0x00000000080099f4       0x5a ./Middlewares/Third_Party/FatFs/src/ff.o
 *fill*         0x0000000008009a4e        0x2 
 .text.sync_fs  0x0000000008009a50       0xe0 ./Middlewares/Third_Party/FatFs/src/ff.o
 .text.clust2sect
                0x0000000008009b30       0x3e ./Middlewares/Third_Party/FatFs/src/ff.o
 *fill*         0x0000000008009b6e        0x2 
 .text.get_fat  0x0000000008009b70      0x2a4 ./Middlewares/Third_Party/FatFs/src/ff.o
 .text.put_fat  0x0000000008009e14      0x240 ./Middlewares/Third_Party/FatFs/src/ff.o
 .text.find_bitmap
                0x000000000800a054      0x10e ./Middlewares/Third_Party/FatFs/src/ff.o
 .text.change_bitmap
                0x000000000800a162       0xea ./Middlewares/Third_Party/FatFs/src/ff.o
 .text.fill_first_frag
                0x000000000800a24c       0x5e ./Middlewares/Third_Party/FatFs/src/ff.o
 .text.fill_last_frag
                0x000000000800a2aa       0x62 ./Middlewares/Third_Party/FatFs/src/ff.o
 .text.remove_chain
                0x000000000800a30c      0x168 ./Middlewares/Third_Party/FatFs/src/ff.o
 .text.create_chain
                0x000000000800a474      0x202 ./Middlewares/Third_Party/FatFs/src/ff.o
 .text.clmt_clust
                0x000000000800a676       0x88 ./Middlewares/Third_Party/FatFs/src/ff.o
 .text.dir_sdi  0x000000000800a6fe      0x128 ./Middlewares/Third_Party/FatFs/src/ff.o
 .text.dir_next
                0x000000000800a826      0x1cc ./Middlewares/Third_Party/FatFs/src/ff.o
 .text.dir_alloc
                0x000000000800a9f2       0xb8 ./Middlewares/Third_Party/FatFs/src/ff.o
 .text.ld_clust
                0x000000000800aaaa       0x3e ./Middlewares/Third_Party/FatFs/src/ff.o
 .text.st_clust
                0x000000000800aae8       0x40 ./Middlewares/Third_Party/FatFs/src/ff.o
 .text.cmp_lfn  0x000000000800ab28       0xe0 ./Middlewares/Third_Party/FatFs/src/ff.o
 .text.pick_lfn
                0x000000000800ac08       0xc8 ./Middlewares/Third_Party/FatFs/src/ff.o
 .text.put_lfn  0x000000000800acd0       0xd0 ./Middlewares/Third_Party/FatFs/src/ff.o
 .text.gen_numname
                0x000000000800ada0      0x120 ./Middlewares/Third_Party/FatFs/src/ff.o
 .text.sum_sfn  0x000000000800aec0       0x42 ./Middlewares/Third_Party/FatFs/src/ff.o
 .text.xdir_sum
                0x000000000800af02       0x66 ./Middlewares/Third_Party/FatFs/src/ff.o
 .text.xname_sum
                0x000000000800af68       0x68 ./Middlewares/Third_Party/FatFs/src/ff.o
 .text.get_xdir_info
                0x000000000800afd0      0x104 ./Middlewares/Third_Party/FatFs/src/ff.o
 .text.load_xdir
                0x000000000800b0d4      0x17c ./Middlewares/Third_Party/FatFs/src/ff.o
 .text.load_obj_dir
                0x000000000800b250       0x76 ./Middlewares/Third_Party/FatFs/src/ff.o
 .text.store_xdir
                0x000000000800b2c6       0xb6 ./Middlewares/Third_Party/FatFs/src/ff.o
 .text.create_xdir
                0x000000000800b37c       0xce ./Middlewares/Third_Party/FatFs/src/ff.o
 .text.dir_read
                0x000000000800b44a      0x18e ./Middlewares/Third_Party/FatFs/src/ff.o
 .text.dir_find
                0x000000000800b5d8      0x252 ./Middlewares/Third_Party/FatFs/src/ff.o
 *fill*         0x000000000800b82a        0x2 
 .text.dir_register
                0x000000000800b82c      0x34c ./Middlewares/Third_Party/FatFs/src/ff.o
 .text.get_fileinfo
                0x000000000800bb78      0x1d8 ./Middlewares/Third_Party/FatFs/src/ff.o
 .text.create_name
                0x000000000800bd50      0x370 ./Middlewares/Third_Party/FatFs/src/ff.o
 .text.follow_path
                0x000000000800c0c0      0x15c ./Middlewares/Third_Party/FatFs/src/ff.o
 .text.get_ldnumber
                0x000000000800c21c       0x88 ./Middlewares/Third_Party/FatFs/src/ff.o
 .text.check_fs
                0x000000000800c2a4       0xc8 ./Middlewares/Third_Party/FatFs/src/ff.o
 .text.find_volume
                0x000000000800c36c      0x720 ./Middlewares/Third_Party/FatFs/src/ff.o
 .text.validate
                0x000000000800ca8c       0x6a ./Middlewares/Third_Party/FatFs/src/ff.o
 *fill*         0x000000000800caf6        0x2 
 .text.f_mount  0x000000000800caf8       0x8c ./Middlewares/Third_Party/FatFs/src/ff.o
                0x000000000800caf8                f_mount
 .text.f_open   0x000000000800cb84      0x562 ./Middlewares/Third_Party/FatFs/src/ff.o
                0x000000000800cb84                f_open
 .text.f_read   0x000000000800d0e6      0x318 ./Middlewares/Third_Party/FatFs/src/ff.o
                0x000000000800d0e6                f_read
 .text.f_sync   0x000000000800d3fe      0x23c ./Middlewares/Third_Party/FatFs/src/ff.o
                0x000000000800d3fe                f_sync
 .text.f_close  0x000000000800d63a       0x54 ./Middlewares/Third_Party/FatFs/src/ff.o
                0x000000000800d63a                f_close
 .text.f_opendir
                0x000000000800d68e      0x152 ./Middlewares/Third_Party/FatFs/src/ff.o
                0x000000000800d68e                f_opendir
 .text.f_closedir
                0x000000000800d7e0       0x4c ./Middlewares/Third_Party/FatFs/src/ff.o
                0x000000000800d7e0                f_closedir
 .text.f_readdir
                0x000000000800d82c       0x7a ./Middlewares/Third_Party/FatFs/src/ff.o
                0x000000000800d82c                f_readdir
 .text.f_stat   0x000000000800d8a6       0x72 ./Middlewares/Third_Party/FatFs/src/ff.o
                0x000000000800d8a6                f_stat
 .text.f_getfree
                0x000000000800d918      0x20e ./Middlewares/Third_Party/FatFs/src/ff.o
                0x000000000800d918                f_getfree
 *fill*         0x000000000800db26        0x2 
 .text.FATFS_LinkDriverEx
                0x000000000800db28       0x98 ./Middlewares/Third_Party/FatFs/src/ff_gen_drv.o
                0x000000000800db28                FATFS_LinkDriverEx
 .text.FATFS_LinkDriver
                0x000000000800dbc0       0x1e ./Middlewares/Third_Party/FatFs/src/ff_gen_drv.o
                0x000000000800dbc0                FATFS_LinkDriver
 *fill*         0x000000000800dbde        0x2 
 .text.ff_convert
                0x000000000800dbe0       0x78 ./Middlewares/Third_Party/FatFs/src/option/ccsbcs.o
                0x000000000800dbe0                ff_convert
 .text.ff_wtoupper
                0x000000000800dc58      0x114 ./Middlewares/Third_Party/FatFs/src/option/ccsbcs.o
                0x000000000800dc58                ff_wtoupper
 .text.MX_USB_HOST_Init
                0x000000000800dd6c       0x4c ./USB_HOST/App/usb_host.o
                0x000000000800dd6c                MX_USB_HOST_Init
 .text.MX_USB_HOST_Process
                0x000000000800ddb8       0x14 ./USB_HOST/App/usb_host.o
                0x000000000800ddb8                MX_USB_HOST_Process
 .text.USBH_UserProcess
                0x000000000800ddcc       0xf8 ./USB_HOST/App/usb_host.o
 .text.HAL_HCD_MspInit
                0x000000000800dec4       0xc4 ./USB_HOST/Target/usbh_conf.o
                0x000000000800dec4                HAL_HCD_MspInit
 .text.HAL_HCD_SOF_Callback
                0x000000000800df88       0x1c ./USB_HOST/Target/usbh_conf.o
                0x000000000800df88                HAL_HCD_SOF_Callback
 .text.HAL_HCD_Connect_Callback
                0x000000000800dfa4       0x1c ./USB_HOST/Target/usbh_conf.o
                0x000000000800dfa4                HAL_HCD_Connect_Callback
 .text.HAL_HCD_Disconnect_Callback
                0x000000000800dfc0       0x1c ./USB_HOST/Target/usbh_conf.o
                0x000000000800dfc0                HAL_HCD_Disconnect_Callback
 .text.HAL_HCD_HC_NotifyURBChange_Callback
                0x000000000800dfdc       0x1c ./USB_HOST/Target/usbh_conf.o
                0x000000000800dfdc                HAL_HCD_HC_NotifyURBChange_Callback
 .text.HAL_HCD_PortEnabled_Callback
                0x000000000800dff8       0x1c ./USB_HOST/Target/usbh_conf.o
                0x000000000800dff8                HAL_HCD_PortEnabled_Callback
 .text.HAL_HCD_PortDisabled_Callback
                0x000000000800e014       0x1c ./USB_HOST/Target/usbh_conf.o
                0x000000000800e014                HAL_HCD_PortDisabled_Callback
 .text.USBH_LL_Init
                0x000000000800e030       0x78 ./USB_HOST/Target/usbh_conf.o
                0x000000000800e030                USBH_LL_Init
 .text.USBH_LL_Start
                0x000000000800e0a8       0x36 ./USB_HOST/Target/usbh_conf.o
                0x000000000800e0a8                USBH_LL_Start
 .text.USBH_LL_Stop
                0x000000000800e0de       0x36 ./USB_HOST/Target/usbh_conf.o
                0x000000000800e0de                USBH_LL_Stop
 .text.USBH_LL_GetSpeed
                0x000000000800e114       0x4e ./USB_HOST/Target/usbh_conf.o
                0x000000000800e114                USBH_LL_GetSpeed
 .text.USBH_LL_ResetPort
                0x000000000800e162       0x36 ./USB_HOST/Target/usbh_conf.o
                0x000000000800e162                USBH_LL_ResetPort
 .text.USBH_LL_GetLastXferSize
                0x000000000800e198       0x26 ./USB_HOST/Target/usbh_conf.o
                0x000000000800e198                USBH_LL_GetLastXferSize
 .text.USBH_LL_OpenPipe
                0x000000000800e1be       0x5e ./USB_HOST/Target/usbh_conf.o
                0x000000000800e1be                USBH_LL_OpenPipe
 .text.USBH_LL_ClosePipe
                0x000000000800e21c       0x3e ./USB_HOST/Target/usbh_conf.o
                0x000000000800e21c                USBH_LL_ClosePipe
 .text.USBH_LL_SubmitURB
                0x000000000800e25a       0x62 ./USB_HOST/Target/usbh_conf.o
                0x000000000800e25a                USBH_LL_SubmitURB
 .text.USBH_LL_GetURBState
                0x000000000800e2bc       0x26 ./USB_HOST/Target/usbh_conf.o
                0x000000000800e2bc                USBH_LL_GetURBState
 .text.USBH_LL_DriverVBUS
                0x000000000800e2e2       0x2e ./USB_HOST/Target/usbh_conf.o
                0x000000000800e2e2                USBH_LL_DriverVBUS
 .text.USBH_LL_SetToggle
                0x000000000800e310       0x60 ./USB_HOST/Target/usbh_conf.o
                0x000000000800e310                USBH_LL_SetToggle
 .text.USBH_LL_GetToggle
                0x000000000800e370       0x60 ./USB_HOST/Target/usbh_conf.o
                0x000000000800e370                USBH_LL_GetToggle
 .text.USBH_Delay
                0x000000000800e3d0       0x16 ./USB_HOST/Target/usbh_conf.o
                0x000000000800e3d0                USBH_Delay
 *fill*         0x000000000800e3e6        0x2 
 .text.USBH_Get_USB_Status
                0x000000000800e3e8       0x58 ./USB_HOST/Target/usbh_conf.o
                0x000000000800e3e8                USBH_Get_USB_Status
 .text.MX_DriverVbusFS
                0x000000000800e440       0x38 ./USB_HOST/Target/usbh_platform.o
                0x000000000800e440                MX_DriverVbusFS
 .text.__errno  0x000000000800e478        0xc c:/st/stm32cubeide_1.7.0/stm32cubeide/plugins/com.st.stm32cube.ide.mcu.externaltools.gnu-tools-for-stm32.9-2020-q2-update.win32_2.0.0.202105311346/tools/bin/../lib/gcc/arm-none-eabi/9.3.1/../../../../arm-none-eabi/lib/thumb/v7e-m+fp/hard\libc_nano.a(lib_a-errno.o)
                0x000000000800e478                __errno
 .text.__libc_init_array
                0x000000000800e484       0x48 c:/st/stm32cubeide_1.7.0/stm32cubeide/plugins/com.st.stm32cube.ide.mcu.externaltools.gnu-tools-for-stm32.9-2020-q2-update.win32_2.0.0.202105311346/tools/bin/../lib/gcc/arm-none-eabi/9.3.1/../../../../arm-none-eabi/lib/thumb/v7e-m+fp/hard\libc_nano.a(lib_a-init.o)
                0x000000000800e484                __libc_init_array
 .text.malloc   0x000000000800e4cc       0x10 c:/st/stm32cubeide_1.7.0/stm32cubeide/plugins/com.st.stm32cube.ide.mcu.externaltools.gnu-tools-for-stm32.9-2020-q2-update.win32_2.0.0.202105311346/tools/bin/../lib/gcc/arm-none-eabi/9.3.1/../../../../arm-none-eabi/lib/thumb/v7e-m+fp/hard\libc_nano.a(lib_a-malloc.o)
                0x000000000800e4cc                malloc
 .text.free     0x000000000800e4dc       0x10 c:/st/stm32cubeide_1.7.0/stm32cubeide/plugins/com.st.stm32cube.ide.mcu.externaltools.gnu-tools-for-stm32.9-2020-q2-update.win32_2.0.0.202105311346/tools/bin/../lib/gcc/arm-none-eabi/9.3.1/../../../../arm-none-eabi/lib/thumb/v7e-m+fp/hard\libc_nano.a(lib_a-malloc.o)
                0x000000000800e4dc                free
 .text.memcpy   0x000000000800e4ec       0x1c c:/st/stm32cubeide_1.7.0/stm32cubeide/plugins/com.st.stm32cube.ide.mcu.externaltools.gnu-tools-for-stm32.9-2020-q2-update.win32_2.0.0.202105311346/tools/bin/../lib/gcc/arm-none-eabi/9.3.1/../../../../arm-none-eabi/lib/thumb/v7e-m+fp/hard\libc_nano.a(lib_a-memcpy-stub.o)
                0x000000000800e4ec                memcpy
 .text.memset   0x000000000800e508       0x10 c:/st/stm32cubeide_1.7.0/stm32cubeide/plugins/com.st.stm32cube.ide.mcu.externaltools.gnu-tools-for-stm32.9-2020-q2-update.win32_2.0.0.202105311346/tools/bin/../lib/gcc/arm-none-eabi/9.3.1/../../../../arm-none-eabi/lib/thumb/v7e-m+fp/hard\libc_nano.a(lib_a-memset.o)
                0x000000000800e508                memset
 .text._free_r  0x000000000800e518       0xa0 c:/st/stm32cubeide_1.7.0/stm32cubeide/plugins/com.st.stm32cube.ide.mcu.externaltools.gnu-tools-for-stm32.9-2020-q2-update.win32_2.0.0.202105311346/tools/bin/../lib/gcc/arm-none-eabi/9.3.1/../../../../arm-none-eabi/lib/thumb/v7e-m+fp/hard\libc_nano.a(lib_a-nano-freer.o)
                0x000000000800e518                _free_r
 .text._malloc_r
                0x000000000800e5b8       0xb4 c:/st/stm32cubeide_1.7.0/stm32cubeide/plugins/com.st.stm32cube.ide.mcu.externaltools.gnu-tools-for-stm32.9-2020-q2-update.win32_2.0.0.202105311346/tools/bin/../lib/gcc/arm-none-eabi/9.3.1/../../../../arm-none-eabi/lib/thumb/v7e-m+fp/hard\libc_nano.a(lib_a-nano-mallocr.o)
                0x000000000800e5b8                _malloc_r
 .text.printf   0x000000000800e66c       0x30 c:/st/stm32cubeide_1.7.0/stm32cubeide/plugins/com.st.stm32cube.ide.mcu.externaltools.gnu-tools-for-stm32.9-2020-q2-update.win32_2.0.0.202105311346/tools/bin/../lib/gcc/arm-none-eabi/9.3.1/../../../../arm-none-eabi/lib/thumb/v7e-m+fp/hard\libc_nano.a(lib_a-printf.o)
                0x000000000800e66c                iprintf
                0x000000000800e66c                printf
 .text.putchar  0x000000000800e69c       0x2c c:/st/stm32cubeide_1.7.0/stm32cubeide/plugins/com.st.stm32cube.ide.mcu.externaltools.gnu-tools-for-stm32.9-2020-q2-update.win32_2.0.0.202105311346/tools/bin/../lib/gcc/arm-none-eabi/9.3.1/../../../../arm-none-eabi/lib/thumb/v7e-m+fp/hard\libc_nano.a(lib_a-putchar.o)
                0x000000000800e69c                putchar
 .text._puts_r  0x000000000800e6c8       0xdc c:/st/stm32cubeide_1.7.0/stm32cubeide/plugins/com.st.stm32cube.ide.mcu.externaltools.gnu-tools-for-stm32.9-2020-q2-update.win32_2.0.0.202105311346/tools/bin/../lib/gcc/arm-none-eabi/9.3.1/../../../../arm-none-eabi/lib/thumb/v7e-m+fp/hard\libc_nano.a(lib_a-puts.o)
                0x000000000800e6c8                _puts_r
 .text.puts     0x000000000800e7a4       0x10 c:/st/stm32cubeide_1.7.0/stm32cubeide/plugins/com.st.stm32cube.ide.mcu.externaltools.gnu-tools-for-stm32.9-2020-q2-update.win32_2.0.0.202105311346/tools/bin/../lib/gcc/arm-none-eabi/9.3.1/../../../../arm-none-eabi/lib/thumb/v7e-m+fp/hard\libc_nano.a(lib_a-puts.o)
                0x000000000800e7a4                puts
 .text._sbrk_r  0x000000000800e7b4       0x20 c:/st/stm32cubeide_1.7.0/stm32cubeide/plugins/com.st.stm32cube.ide.mcu.externaltools.gnu-tools-for-stm32.9-2020-q2-update.win32_2.0.0.202105311346/tools/bin/../lib/gcc/arm-none-eabi/9.3.1/../../../../arm-none-eabi/lib/thumb/v7e-m+fp/hard\libc_nano.a(lib_a-sbrkr.o)
                0x000000000800e7b4                _sbrk_r
 .text.scanf    0x000000000800e7d4       0x30 c:/st/stm32cubeide_1.7.0/stm32cubeide/plugins/com.st.stm32cube.ide.mcu.externaltools.gnu-tools-for-stm32.9-2020-q2-update.win32_2.0.0.202105311346/tools/bin/../lib/gcc/arm-none-eabi/9.3.1/../../../../arm-none-eabi/lib/thumb/v7e-m+fp/hard\libc_nano.a(lib_a-scanf.o)
                0x000000000800e7d4                scanf
                0x000000000800e7d4                iscanf
 .text.setvbuf  0x000000000800e804      0x18c c:/st/stm32cubeide_1.7.0/stm32cubeide/plugins/com.st.stm32cube.ide.mcu.externaltools.gnu-tools-for-stm32.9-2020-q2-update.win32_2.0.0.202105311346/tools/bin/../lib/gcc/arm-none-eabi/9.3.1/../../../../arm-none-eabi/lib/thumb/v7e-m+fp/hard\libc_nano.a(lib_a-setvbuf.o)
                0x000000000800e804                setvbuf
 .text.sprintf  0x000000000800e990       0x40 c:/st/stm32cubeide_1.7.0/stm32cubeide/plugins/com.st.stm32cube.ide.mcu.externaltools.gnu-tools-for-stm32.9-2020-q2-update.win32_2.0.0.202105311346/tools/bin/../lib/gcc/arm-none-eabi/9.3.1/../../../../arm-none-eabi/lib/thumb/v7e-m+fp/hard\libc_nano.a(lib_a-sprintf.o)
                0x000000000800e990                siprintf
                0x000000000800e990                sprintf
 .text.__swbuf_r
                0x000000000800e9d0       0xa4 c:/st/stm32cubeide_1.7.0/stm32cubeide/plugins/com.st.stm32cube.ide.mcu.externaltools.gnu-tools-for-stm32.9-2020-q2-update.win32_2.0.0.202105311346/tools/bin/../lib/gcc/arm-none-eabi/9.3.1/../../../../arm-none-eabi/lib/thumb/v7e-m+fp/hard\libc_nano.a(lib_a-wbuf.o)
                0x000000000800e9d0                __swbuf_r
 .text.__swsetup_r
                0x000000000800ea74       0xdc c:/st/stm32cubeide_1.7.0/stm32cubeide/plugins/com.st.stm32cube.ide.mcu.externaltools.gnu-tools-for-stm32.9-2020-q2-update.win32_2.0.0.202105311346/tools/bin/../lib/gcc/arm-none-eabi/9.3.1/../../../../arm-none-eabi/lib/thumb/v7e-m+fp/hard\libc_nano.a(lib_a-wsetup.o)
                0x000000000800ea74                __swsetup_r
 .text.__sflush_r
                0x000000000800eb50      0x10c c:/st/stm32cubeide_1.7.0/stm32cubeide/plugins/com.st.stm32cube.ide.mcu.externaltools.gnu-tools-for-stm32.9-2020-q2-update.win32_2.0.0.202105311346/tools/bin/../lib/gcc/arm-none-eabi/9.3.1/../../../../arm-none-eabi/lib/thumb/v7e-m+fp/hard\libc_nano.a(lib_a-fflush.o)
                0x000000000800eb50                __sflush_r
 .text._fflush_r
                0x000000000800ec5c       0x78 c:/st/stm32cubeide_1.7.0/stm32cubeide/plugins/com.st.stm32cube.ide.mcu.externaltools.gnu-tools-for-stm32.9-2020-q2-update.win32_2.0.0.202105311346/tools/bin/../lib/gcc/arm-none-eabi/9.3.1/../../../../arm-none-eabi/lib/thumb/v7e-m+fp/hard\libc_nano.a(lib_a-fflush.o)
                0x000000000800ec5c                _fflush_r
 .text.fflush   0x000000000800ecd4       0x24 c:/st/stm32cubeide_1.7.0/stm32cubeide/plugins/com.st.stm32cube.ide.mcu.externaltools.gnu-tools-for-stm32.9-2020-q2-update.win32_2.0.0.202105311346/tools/bin/../lib/gcc/arm-none-eabi/9.3.1/../../../../arm-none-eabi/lib/thumb/v7e-m+fp/hard\libc_nano.a(lib_a-fflush.o)
                0x000000000800ecd4                fflush
 .text.std      0x000000000800ecf8       0x48 c:/st/stm32cubeide_1.7.0/stm32cubeide/plugins/com.st.stm32cube.ide.mcu.externaltools.gnu-tools-for-stm32.9-2020-q2-update.win32_2.0.0.202105311346/tools/bin/../lib/gcc/arm-none-eabi/9.3.1/../../../../arm-none-eabi/lib/thumb/v7e-m+fp/hard\libc_nano.a(lib_a-findfp.o)
 .text._cleanup_r
                0x000000000800ed40        0xc c:/st/stm32cubeide_1.7.0/stm32cubeide/plugins/com.st.stm32cube.ide.mcu.externaltools.gnu-tools-for-stm32.9-2020-q2-update.win32_2.0.0.202105311346/tools/bin/../lib/gcc/arm-none-eabi/9.3.1/../../../../arm-none-eabi/lib/thumb/v7e-m+fp/hard\libc_nano.a(lib_a-findfp.o)
                0x000000000800ed40                _cleanup_r
 .text.__sfmoreglue
                0x000000000800ed4c       0x2c c:/st/stm32cubeide_1.7.0/stm32cubeide/plugins/com.st.stm32cube.ide.mcu.externaltools.gnu-tools-for-stm32.9-2020-q2-update.win32_2.0.0.202105311346/tools/bin/../lib/gcc/arm-none-eabi/9.3.1/../../../../arm-none-eabi/lib/thumb/v7e-m+fp/hard\libc_nano.a(lib_a-findfp.o)
                0x000000000800ed4c                __sfmoreglue
 .text.__sfp_lock_acquire
                0x000000000800ed78        0xc c:/st/stm32cubeide_1.7.0/stm32cubeide/plugins/com.st.stm32cube.ide.mcu.externaltools.gnu-tools-for-stm32.9-2020-q2-update.win32_2.0.0.202105311346/tools/bin/../lib/gcc/arm-none-eabi/9.3.1/../../../../arm-none-eabi/lib/thumb/v7e-m+fp/hard\libc_nano.a(lib_a-findfp.o)
                0x000000000800ed78                __sfp_lock_acquire
 .text.__sfp_lock_release
                0x000000000800ed84        0xc c:/st/stm32cubeide_1.7.0/stm32cubeide/plugins/com.st.stm32cube.ide.mcu.externaltools.gnu-tools-for-stm32.9-2020-q2-update.win32_2.0.0.202105311346/tools/bin/../lib/gcc/arm-none-eabi/9.3.1/../../../../arm-none-eabi/lib/thumb/v7e-m+fp/hard\libc_nano.a(lib_a-findfp.o)
                0x000000000800ed84                __sfp_lock_release
 .text.__sinit_lock_acquire
                0x000000000800ed90        0xc c:/st/stm32cubeide_1.7.0/stm32cubeide/plugins/com.st.stm32cube.ide.mcu.externaltools.gnu-tools-for-stm32.9-2020-q2-update.win32_2.0.0.202105311346/tools/bin/../lib/gcc/arm-none-eabi/9.3.1/../../../../arm-none-eabi/lib/thumb/v7e-m+fp/hard\libc_nano.a(lib_a-findfp.o)
                0x000000000800ed90                __sinit_lock_acquire
 .text.__sinit_lock_release
                0x000000000800ed9c        0xc c:/st/stm32cubeide_1.7.0/stm32cubeide/plugins/com.st.stm32cube.ide.mcu.externaltools.gnu-tools-for-stm32.9-2020-q2-update.win32_2.0.0.202105311346/tools/bin/../lib/gcc/arm-none-eabi/9.3.1/../../../../arm-none-eabi/lib/thumb/v7e-m+fp/hard\libc_nano.a(lib_a-findfp.o)
                0x000000000800ed9c                __sinit_lock_release
 .text.__sinit  0x000000000800eda8       0x70 c:/st/stm32cubeide_1.7.0/stm32cubeide/plugins/com.st.stm32cube.ide.mcu.externaltools.gnu-tools-for-stm32.9-2020-q2-update.win32_2.0.0.202105311346/tools/bin/../lib/gcc/arm-none-eabi/9.3.1/../../../../arm-none-eabi/lib/thumb/v7e-m+fp/hard\libc_nano.a(lib_a-findfp.o)
                0x000000000800eda8                __sinit
 .text.__sfp    0x000000000800ee18       0x8c c:/st/stm32cubeide_1.7.0/stm32cubeide/plugins/com.st.stm32cube.ide.mcu.externaltools.gnu-tools-for-stm32.9-2020-q2-update.win32_2.0.0.202105311346/tools/bin/../lib/gcc/arm-none-eabi/9.3.1/../../../../arm-none-eabi/lib/thumb/v7e-m+fp/hard\libc_nano.a(lib_a-findfp.o)
                0x000000000800ee18                __sfp
 .text._fwalk   0x000000000800eea4       0x3a c:/st/stm32cubeide_1.7.0/stm32cubeide/plugins/com.st.stm32cube.ide.mcu.externaltools.gnu-tools-for-stm32.9-2020-q2-update.win32_2.0.0.202105311346/tools/bin/../lib/gcc/arm-none-eabi/9.3.1/../../../../arm-none-eabi/lib/thumb/v7e-m+fp/hard\libc_nano.a(lib_a-fwalk.o)
                0x000000000800eea4                _fwalk
 .text._fwalk_reent
                0x000000000800eede       0x3e c:/st/stm32cubeide_1.7.0/stm32cubeide/plugins/com.st.stm32cube.ide.mcu.externaltools.gnu-tools-for-stm32.9-2020-q2-update.win32_2.0.0.202105311346/tools/bin/../lib/gcc/arm-none-eabi/9.3.1/../../../../arm-none-eabi/lib/thumb/v7e-m+fp/hard\libc_nano.a(lib_a-fwalk.o)
                0x000000000800eede                _fwalk_reent
 .text.__retarget_lock_init_recursive
                0x000000000800ef1c        0x2 c:/st/stm32cubeide_1.7.0/stm32cubeide/plugins/com.st.stm32cube.ide.mcu.externaltools.gnu-tools-for-stm32.9-2020-q2-update.win32_2.0.0.202105311346/tools/bin/../lib/gcc/arm-none-eabi/9.3.1/../../../../arm-none-eabi/lib/thumb/v7e-m+fp/hard\libc_nano.a(lib_a-lock.o)
                0x000000000800ef1c                __retarget_lock_init_recursive
 .text.__retarget_lock_acquire_recursive
                0x000000000800ef1e        0x2 c:/st/stm32cubeide_1.7.0/stm32cubeide/plugins/com.st.stm32cube.ide.mcu.externaltools.gnu-tools-for-stm32.9-2020-q2-update.win32_2.0.0.202105311346/tools/bin/../lib/gcc/arm-none-eabi/9.3.1/../../../../arm-none-eabi/lib/thumb/v7e-m+fp/hard\libc_nano.a(lib_a-lock.o)
                0x000000000800ef1e                __retarget_lock_acquire_recursive
 .text.__retarget_lock_release_recursive
                0x000000000800ef20        0x2 c:/st/stm32cubeide_1.7.0/stm32cubeide/plugins/com.st.stm32cube.ide.mcu.externaltools.gnu-tools-for-stm32.9-2020-q2-update.win32_2.0.0.202105311346/tools/bin/../lib/gcc/arm-none-eabi/9.3.1/../../../../arm-none-eabi/lib/thumb/v7e-m+fp/hard\libc_nano.a(lib_a-lock.o)
                0x000000000800ef20                __retarget_lock_release_recursive
 .text.__swhatbuf_r
                0x000000000800ef22       0x48 c:/st/stm32cubeide_1.7.0/stm32cubeide/plugins/com.st.stm32cube.ide.mcu.externaltools.gnu-tools-for-stm32.9-2020-q2-update.win32_2.0.0.202105311346/tools/bin/../lib/gcc/arm-none-eabi/9.3.1/../../../../arm-none-eabi/lib/thumb/v7e-m+fp/hard\libc_nano.a(lib_a-makebuf.o)
                0x000000000800ef22                __swhatbuf_r
 *fill*         0x000000000800ef6a        0x2 
 .text.__smakebuf_r
                0x000000000800ef6c       0x80 c:/st/stm32cubeide_1.7.0/stm32cubeide/plugins/com.st.stm32cube.ide.mcu.externaltools.gnu-tools-for-stm32.9-2020-q2-update.win32_2.0.0.202105311346/tools/bin/../lib/gcc/arm-none-eabi/9.3.1/../../../../arm-none-eabi/lib/thumb/v7e-m+fp/hard\libc_nano.a(lib_a-makebuf.o)
                0x000000000800ef6c                __smakebuf_r
 .text.__malloc_lock
                0x000000000800efec        0xc c:/st/stm32cubeide_1.7.0/stm32cubeide/plugins/com.st.stm32cube.ide.mcu.externaltools.gnu-tools-for-stm32.9-2020-q2-update.win32_2.0.0.202105311346/tools/bin/../lib/gcc/arm-none-eabi/9.3.1/../../../../arm-none-eabi/lib/thumb/v7e-m+fp/hard\libc_nano.a(lib_a-mlock.o)
                0x000000000800efec                __malloc_lock
 .text.__malloc_unlock
                0x000000000800eff8        0xc c:/st/stm32cubeide_1.7.0/stm32cubeide/plugins/com.st.stm32cube.ide.mcu.externaltools.gnu-tools-for-stm32.9-2020-q2-update.win32_2.0.0.202105311346/tools/bin/../lib/gcc/arm-none-eabi/9.3.1/../../../../arm-none-eabi/lib/thumb/v7e-m+fp/hard\libc_nano.a(lib_a-mlock.o)
                0x000000000800eff8                __malloc_unlock
 .text.__ssputs_r
                0x000000000800f004       0xb6 c:/st/stm32cubeide_1.7.0/stm32cubeide/plugins/com.st.stm32cube.ide.mcu.externaltools.gnu-tools-for-stm32.9-2020-q2-update.win32_2.0.0.202105311346/tools/bin/../lib/gcc/arm-none-eabi/9.3.1/../../../../arm-none-eabi/lib/thumb/v7e-m+fp/hard\libc_nano.a(lib_a-nano-svfprintf.o)
                0x000000000800f004                __ssputs_r
 *fill*         0x000000000800f0ba        0x2 
 .text._svfprintf_r
                0x000000000800f0bc      0x200 c:/st/stm32cubeide_1.7.0/stm32cubeide/plugins/com.st.stm32cube.ide.mcu.externaltools.gnu-tools-for-stm32.9-2020-q2-update.win32_2.0.0.202105311346/tools/bin/../lib/gcc/arm-none-eabi/9.3.1/../../../../arm-none-eabi/lib/thumb/v7e-m+fp/hard\libc_nano.a(lib_a-nano-svfprintf.o)
                0x000000000800f0bc                _svfiprintf_r
                0x000000000800f0bc                _svfprintf_r
 .text.__sfputc_r
                0x000000000800f2bc       0x2e c:/st/stm32cubeide_1.7.0/stm32cubeide/plugins/com.st.stm32cube.ide.mcu.externaltools.gnu-tools-for-stm32.9-2020-q2-update.win32_2.0.0.202105311346/tools/bin/../lib/gcc/arm-none-eabi/9.3.1/../../../../arm-none-eabi/lib/thumb/v7e-m+fp/hard\libc_nano.a(lib_a-nano-vfprintf.o)
 .text.__sfputs_r
                0x000000000800f2ea       0x24 c:/st/stm32cubeide_1.7.0/stm32cubeide/plugins/com.st.stm32cube.ide.mcu.externaltools.gnu-tools-for-stm32.9-2020-q2-update.win32_2.0.0.202105311346/tools/bin/../lib/gcc/arm-none-eabi/9.3.1/../../../../arm-none-eabi/lib/thumb/v7e-m+fp/hard\libc_nano.a(lib_a-nano-vfprintf.o)
                0x000000000800f2ea                __sfputs_r
 *fill*         0x000000000800f30e        0x2 
 .text._vfprintf_r
                0x000000000800f310      0x260 c:/st/stm32cubeide_1.7.0/stm32cubeide/plugins/com.st.stm32cube.ide.mcu.externaltools.gnu-tools-for-stm32.9-2020-q2-update.win32_2.0.0.202105311346/tools/bin/../lib/gcc/arm-none-eabi/9.3.1/../../../../arm-none-eabi/lib/thumb/v7e-m+fp/hard\libc_nano.a(lib_a-nano-vfprintf.o)
                0x000000000800f310                _vfprintf_r
                0x000000000800f310                _vfiprintf_r
 .text._printf_common
                0x000000000800f570       0xda c:/st/stm32cubeide_1.7.0/stm32cubeide/plugins/com.st.stm32cube.ide.mcu.externaltools.gnu-tools-for-stm32.9-2020-q2-update.win32_2.0.0.202105311346/tools/bin/../lib/gcc/arm-none-eabi/9.3.1/../../../../arm-none-eabi/lib/thumb/v7e-m+fp/hard\libc_nano.a(lib_a-nano-vfprintf_i.o)
                0x000000000800f570                _printf_common
 *fill*         0x000000000800f64a        0x2 
 .text._printf_i
                0x000000000800f64c      0x24c c:/st/stm32cubeide_1.7.0/stm32cubeide/plugins/com.st.stm32cube.ide.mcu.externaltools.gnu-tools-for-stm32.9-2020-q2-update.win32_2.0.0.202105311346/tools/bin/../lib/gcc/arm-none-eabi/9.3.1/../../../../arm-none-eabi/lib/thumb/v7e-m+fp/hard\libc_nano.a(lib_a-nano-vfprintf_i.o)
                0x000000000800f64c                _printf_i
 .text.__svfscanf_r
                0x000000000800f898      0x348 c:/st/stm32cubeide_1.7.0/stm32cubeide/plugins/com.st.stm32cube.ide.mcu.externaltools.gnu-tools-for-stm32.9-2020-q2-update.win32_2.0.0.202105311346/tools/bin/../lib/gcc/arm-none-eabi/9.3.1/../../../../arm-none-eabi/lib/thumb/v7e-m+fp/hard\libc_nano.a(lib_a-nano-vfscanf.o)
                0x000000000800f898                __svfscanf_r
                0x000000000800f898                __svfiscanf_r
 .text._vfscanf_r
                0x000000000800fbe0       0x50 c:/st/stm32cubeide_1.7.0/stm32cubeide/plugins/com.st.stm32cube.ide.mcu.externaltools.gnu-tools-for-stm32.9-2020-q2-update.win32_2.0.0.202105311346/tools/bin/../lib/gcc/arm-none-eabi/9.3.1/../../../../arm-none-eabi/lib/thumb/v7e-m+fp/hard\libc_nano.a(lib_a-nano-vfscanf.o)
                0x000000000800fbe0                _vfscanf_r
                0x000000000800fbe0                _vfiscanf_r
 .text._scanf_chars
                0x000000000800fc30       0xb0 c:/st/stm32cubeide_1.7.0/stm32cubeide/plugins/com.st.stm32cube.ide.mcu.externaltools.gnu-tools-for-stm32.9-2020-q2-update.win32_2.0.0.202105311346/tools/bin/../lib/gcc/arm-none-eabi/9.3.1/../../../../arm-none-eabi/lib/thumb/v7e-m+fp/hard\libc_nano.a(lib_a-nano-vfscanf_i.o)
                0x000000000800fc30                _scanf_chars
 .text._scanf_i
                0x000000000800fce0      0x1e8 c:/st/stm32cubeide_1.7.0/stm32cubeide/plugins/com.st.stm32cube.ide.mcu.externaltools.gnu-tools-for-stm32.9-2020-q2-update.win32_2.0.0.202105311346/tools/bin/../lib/gcc/arm-none-eabi/9.3.1/../../../../arm-none-eabi/lib/thumb/v7e-m+fp/hard\libc_nano.a(lib_a-nano-vfscanf_i.o)
                0x000000000800fce0                _scanf_i
 .text._putc_r  0x000000000800fec8       0x90 c:/st/stm32cubeide_1.7.0/stm32cubeide/plugins/com.st.stm32cube.ide.mcu.externaltools.gnu-tools-for-stm32.9-2020-q2-update.win32_2.0.0.202105311346/tools/bin/../lib/gcc/arm-none-eabi/9.3.1/../../../../arm-none-eabi/lib/thumb/v7e-m+fp/hard\libc_nano.a(lib_a-putc.o)
                0x000000000800fec8                _putc_r
 .text.lflush   0x000000000800ff58       0x12 c:/st/stm32cubeide_1.7.0/stm32cubeide/plugins/com.st.stm32cube.ide.mcu.externaltools.gnu-tools-for-stm32.9-2020-q2-update.win32_2.0.0.202105311346/tools/bin/../lib/gcc/arm-none-eabi/9.3.1/../../../../arm-none-eabi/lib/thumb/v7e-m+fp/hard\libc_nano.a(lib_a-refill.o)
 *fill*         0x000000000800ff6a        0x2 
 .text.__srefill_r
                0x000000000800ff6c      0x114 c:/st/stm32cubeide_1.7.0/stm32cubeide/plugins/com.st.stm32cube.ide.mcu.externaltools.gnu-tools-for-stm32.9-2020-q2-update.win32_2.0.0.202105311346/tools/bin/../lib/gcc/arm-none-eabi/9.3.1/../../../../arm-none-eabi/lib/thumb/v7e-m+fp/hard\libc_nano.a(lib_a-refill.o)
                0x000000000800ff6c                __srefill_r
 .text.__sccl   0x0000000008010080       0x74 c:/st/stm32cubeide_1.7.0/stm32cubeide/plugins/com.st.stm32cube.ide.mcu.externaltools.gnu-tools-for-stm32.9-2020-q2-update.win32_2.0.0.202105311346/tools/bin/../lib/gcc/arm-none-eabi/9.3.1/../../../../arm-none-eabi/lib/thumb/v7e-m+fp/hard\libc_nano.a(lib_a-sccl.o)
                0x0000000008010080                __sccl
 .text.__sread  0x00000000080100f4       0x22 c:/st/stm32cubeide_1.7.0/stm32cubeide/plugins/com.st.stm32cube.ide.mcu.externaltools.gnu-tools-for-stm32.9-2020-q2-update.win32_2.0.0.202105311346/tools/bin/../lib/gcc/arm-none-eabi/9.3.1/../../../../arm-none-eabi/lib/thumb/v7e-m+fp/hard\libc_nano.a(lib_a-stdio.o)
                0x00000000080100f4                __sread
 .text.__swrite
                0x0000000008010116       0x38 c:/st/stm32cubeide_1.7.0/stm32cubeide/plugins/com.st.stm32cube.ide.mcu.externaltools.gnu-tools-for-stm32.9-2020-q2-update.win32_2.0.0.202105311346/tools/bin/../lib/gcc/arm-none-eabi/9.3.1/../../../../arm-none-eabi/lib/thumb/v7e-m+fp/hard\libc_nano.a(lib_a-stdio.o)
                0x0000000008010116                __swrite
 .text.__sseek  0x000000000801014e       0x24 c:/st/stm32cubeide_1.7.0/stm32cubeide/plugins/com.st.stm32cube.ide.mcu.externaltools.gnu-tools-for-stm32.9-2020-q2-update.win32_2.0.0.202105311346/tools/bin/../lib/gcc/arm-none-eabi/9.3.1/../../../../arm-none-eabi/lib/thumb/v7e-m+fp/hard\libc_nano.a(lib_a-stdio.o)
                0x000000000801014e                __sseek
 .text.__sclose
                0x0000000008010172        0x8 c:/st/stm32cubeide_1.7.0/stm32cubeide/plugins/com.st.stm32cube.ide.mcu.externaltools.gnu-tools-for-stm32.9-2020-q2-update.win32_2.0.0.202105311346/tools/bin/../lib/gcc/arm-none-eabi/9.3.1/../../../../arm-none-eabi/lib/thumb/v7e-m+fp/hard\libc_nano.a(lib_a-stdio.o)
                0x0000000008010172                __sclose
 *fill*         0x000000000801017a        0x2 
 .text._strtol_l.isra.0
                0x000000000801017c      0x108 c:/st/stm32cubeide_1.7.0/stm32cubeide/plugins/com.st.stm32cube.ide.mcu.externaltools.gnu-tools-for-stm32.9-2020-q2-update.win32_2.0.0.202105311346/tools/bin/../lib/gcc/arm-none-eabi/9.3.1/../../../../arm-none-eabi/lib/thumb/v7e-m+fp/hard\libc_nano.a(lib_a-strtol.o)
 .text._strtol_r
                0x0000000008010284        0x4 c:/st/stm32cubeide_1.7.0/stm32cubeide/plugins/com.st.stm32cube.ide.mcu.externaltools.gnu-tools-for-stm32.9-2020-q2-update.win32_2.0.0.202105311346/tools/bin/../lib/gcc/arm-none-eabi/9.3.1/../../../../arm-none-eabi/lib/thumb/v7e-m+fp/hard\libc_nano.a(lib_a-strtol.o)
                0x0000000008010284                _strtol_r
 .text._strtoul_l.isra.0
                0x0000000008010288       0xf8 c:/st/stm32cubeide_1.7.0/stm32cubeide/plugins/com.st.stm32cube.ide.mcu.externaltools.gnu-tools-for-stm32.9-2020-q2-update.win32_2.0.0.202105311346/tools/bin/../lib/gcc/arm-none-eabi/9.3.1/../../../../arm-none-eabi/lib/thumb/v7e-m+fp/hard\libc_nano.a(lib_a-strtoul.o)
 .text._strtoul_r
                0x0000000008010380        0x4 c:/st/stm32cubeide_1.7.0/stm32cubeide/plugins/com.st.stm32cube.ide.mcu.externaltools.gnu-tools-for-stm32.9-2020-q2-update.win32_2.0.0.202105311346/tools/bin/../lib/gcc/arm-none-eabi/9.3.1/../../../../arm-none-eabi/lib/thumb/v7e-m+fp/hard\libc_nano.a(lib_a-strtoul.o)
                0x0000000008010380                _strtoul_r
 .text.__submore
                0x0000000008010384       0x74 c:/st/stm32cubeide_1.7.0/stm32cubeide/plugins/com.st.stm32cube.ide.mcu.externaltools.gnu-tools-for-stm32.9-2020-q2-update.win32_2.0.0.202105311346/tools/bin/../lib/gcc/arm-none-eabi/9.3.1/../../../../arm-none-eabi/lib/thumb/v7e-m+fp/hard\libc_nano.a(lib_a-ungetc.o)
                0x0000000008010384                __submore
 .text._ungetc_r
                0x00000000080103f8      0x130 c:/st/stm32cubeide_1.7.0/stm32cubeide/plugins/com.st.stm32cube.ide.mcu.externaltools.gnu-tools-for-stm32.9-2020-q2-update.win32_2.0.0.202105311346/tools/bin/../lib/gcc/arm-none-eabi/9.3.1/../../../../arm-none-eabi/lib/thumb/v7e-m+fp/hard\libc_nano.a(lib_a-ungetc.o)
                0x00000000080103f8                _ungetc_r
 .text._write_r
                0x0000000008010528       0x24 c:/st/stm32cubeide_1.7.0/stm32cubeide/plugins/com.st.stm32cube.ide.mcu.externaltools.gnu-tools-for-stm32.9-2020-q2-update.win32_2.0.0.202105311346/tools/bin/../lib/gcc/arm-none-eabi/9.3.1/../../../../arm-none-eabi/lib/thumb/v7e-m+fp/hard\libc_nano.a(lib_a-writer.o)
                0x0000000008010528                _write_r
 .text._close_r
                0x000000000801054c       0x20 c:/st/stm32cubeide_1.7.0/stm32cubeide/plugins/com.st.stm32cube.ide.mcu.externaltools.gnu-tools-for-stm32.9-2020-q2-update.win32_2.0.0.202105311346/tools/bin/../lib/gcc/arm-none-eabi/9.3.1/../../../../arm-none-eabi/lib/thumb/v7e-m+fp/hard\libc_nano.a(lib_a-closer.o)
                0x000000000801054c                _close_r
 .text._fstat_r
                0x000000000801056c       0x24 c:/st/stm32cubeide_1.7.0/stm32cubeide/plugins/com.st.stm32cube.ide.mcu.externaltools.gnu-tools-for-stm32.9-2020-q2-update.win32_2.0.0.202105311346/tools/bin/../lib/gcc/arm-none-eabi/9.3.1/../../../../arm-none-eabi/lib/thumb/v7e-m+fp/hard\libc_nano.a(lib_a-fstatr.o)
                0x000000000801056c                _fstat_r
 .text._isatty_r
                0x0000000008010590       0x20 c:/st/stm32cubeide_1.7.0/stm32cubeide/plugins/com.st.stm32cube.ide.mcu.externaltools.gnu-tools-for-stm32.9-2020-q2-update.win32_2.0.0.202105311346/tools/bin/../lib/gcc/arm-none-eabi/9.3.1/../../../../arm-none-eabi/lib/thumb/v7e-m+fp/hard\libc_nano.a(lib_a-isattyr.o)
                0x0000000008010590                _isatty_r
 .text._lseek_r
                0x00000000080105b0       0x24 c:/st/stm32cubeide_1.7.0/stm32cubeide/plugins/com.st.stm32cube.ide.mcu.externaltools.gnu-tools-for-stm32.9-2020-q2-update.win32_2.0.0.202105311346/tools/bin/../lib/gcc/arm-none-eabi/9.3.1/../../../../arm-none-eabi/lib/thumb/v7e-m+fp/hard\libc_nano.a(lib_a-lseekr.o)
                0x00000000080105b0                _lseek_r
 .text.memmove  0x00000000080105d4       0x34 c:/st/stm32cubeide_1.7.0/stm32cubeide/plugins/com.st.stm32cube.ide.mcu.externaltools.gnu-tools-for-stm32.9-2020-q2-update.win32_2.0.0.202105311346/tools/bin/../lib/gcc/arm-none-eabi/9.3.1/../../../../arm-none-eabi/lib/thumb/v7e-m+fp/hard\libc_nano.a(lib_a-memmove.o)
                0x00000000080105d4                memmove
 .text._realloc_r
                0x0000000008010608       0x4c c:/st/stm32cubeide_1.7.0/stm32cubeide/plugins/com.st.stm32cube.ide.mcu.externaltools.gnu-tools-for-stm32.9-2020-q2-update.win32_2.0.0.202105311346/tools/bin/../lib/gcc/arm-none-eabi/9.3.1/../../../../arm-none-eabi/lib/thumb/v7e-m+fp/hard\libc_nano.a(lib_a-nano-reallocr.o)
                0x0000000008010608                _realloc_r
 .text._read_r  0x0000000008010654       0x24 c:/st/stm32cubeide_1.7.0/stm32cubeide/plugins/com.st.stm32cube.ide.mcu.externaltools.gnu-tools-for-stm32.9-2020-q2-update.win32_2.0.0.202105311346/tools/bin/../lib/gcc/arm-none-eabi/9.3.1/../../../../arm-none-eabi/lib/thumb/v7e-m+fp/hard\libc_nano.a(lib_a-readr.o)
                0x0000000008010654                _read_r
 .text._malloc_usable_size_r
                0x0000000008010678       0x10 c:/st/stm32cubeide_1.7.0/stm32cubeide/plugins/com.st.stm32cube.ide.mcu.externaltools.gnu-tools-for-stm32.9-2020-q2-update.win32_2.0.0.202105311346/tools/bin/../lib/gcc/arm-none-eabi/9.3.1/../../../../arm-none-eabi/lib/thumb/v7e-m+fp/hard\libc_nano.a(lib_a-nano-msizer.o)
                0x0000000008010678                _malloc_usable_size_r
 *(.glue_7)
 .glue_7        0x0000000008010688        0x0 linker stubs
 *(.glue_7t)
 .glue_7t       0x0000000008010688        0x0 linker stubs
 *(.eh_frame)
 .eh_frame      0x0000000008010688        0x0 c:/st/stm32cubeide_1.7.0/stm32cubeide/plugins/com.st.stm32cube.ide.mcu.externaltools.gnu-tools-for-stm32.9-2020-q2-update.win32_2.0.0.202105311346/tools/bin/../lib/gcc/arm-none-eabi/9.3.1/thumb/v7e-m+fp/hard/crtbegin.o
 *(.init)
 .init          0x0000000008010688        0x4 c:/st/stm32cubeide_1.7.0/stm32cubeide/plugins/com.st.stm32cube.ide.mcu.externaltools.gnu-tools-for-stm32.9-2020-q2-update.win32_2.0.0.202105311346/tools/bin/../lib/gcc/arm-none-eabi/9.3.1/thumb/v7e-m+fp/hard/crti.o
                0x0000000008010688                _init
 .init          0x000000000801068c        0x8 c:/st/stm32cubeide_1.7.0/stm32cubeide/plugins/com.st.stm32cube.ide.mcu.externaltools.gnu-tools-for-stm32.9-2020-q2-update.win32_2.0.0.202105311346/tools/bin/../lib/gcc/arm-none-eabi/9.3.1/thumb/v7e-m+fp/hard/crtn.o
 *(.fini)
 .fini          0x0000000008010694        0x4 c:/st/stm32cubeide_1.7.0/stm32cubeide/plugins/com.st.stm32cube.ide.mcu.externaltools.gnu-tools-for-stm32.9-2020-q2-update.win32_2.0.0.202105311346/tools/bin/../lib/gcc/arm-none-eabi/9.3.1/thumb/v7e-m+fp/hard/crti.o
                0x0000000008010694                _fini
 .fini          0x0000000008010698        0x8 c:/st/stm32cubeide_1.7.0/stm32cubeide/plugins/com.st.stm32cube.ide.mcu.externaltools.gnu-tools-for-stm32.9-2020-q2-update.win32_2.0.0.202105311346/tools/bin/../lib/gcc/arm-none-eabi/9.3.1/thumb/v7e-m+fp/hard/crtn.o
                0x00000000080106a0                . = ALIGN (0x4)
                0x00000000080106a0                _etext = .

.vfp11_veneer   0x00000000080106a0        0x0
 .vfp11_veneer  0x00000000080106a0        0x0 linker stubs

.v4_bx          0x00000000080106a0        0x0
 .v4_bx         0x00000000080106a0        0x0 linker stubs

.iplt           0x00000000080106a0        0x0
 .iplt          0x00000000080106a0        0x0 c:/st/stm32cubeide_1.7.0/stm32cubeide/plugins/com.st.stm32cube.ide.mcu.externaltools.gnu-tools-for-stm32.9-2020-q2-update.win32_2.0.0.202105311346/tools/bin/../lib/gcc/arm-none-eabi/9.3.1/thumb/v7e-m+fp/hard/crtbegin.o

.rodata         0x00000000080106a0      0xbb4
                0x00000000080106a0                . = ALIGN (0x4)
 *(.rodata)