Archive member included to satisfy reference by file (symbol)

c:/st/stm32cubeide_1.7.0/stm32cubeide/plugins/com.st.stm32cube.ide.mcu.externaltools.gnu-tools-for-stm32.9-2020-q2-update.win32_2.0.0.202105311346/tools/bin/../lib/gcc/arm-none-eabi/9.3.1/../../../../arm-none-eabi/lib/thumb/v7e-m+fp/hard\libc_nano.a(lib_a-errno.o)
                              ./Core/Src/retarget.o (__errno)
c:/st/stm32cubeide_1.7.0/stm32cubeide/plugins/com.st.stm32cube.ide.mcu.externaltools.gnu-tools-for-stm32.9-2020-q2-update.win32_2.0.0.202105311346/tools/bin/../lib/gcc/arm-none-eabi/9.3.1/../../../../arm-none-eabi/lib/thumb/v7e-m+fp/hard\libc_nano.a(lib_a-exit.o)
                              c:/st/stm32cubeide_1.7.0/stm32cubeide/plugins/com.st.stm32cube.ide.mcu.externaltools.gnu-tools-for-stm32.9-2020-q2-update.win32_2.0.0.202105311346/tools/bin/../lib/gcc/arm-none-eabi/9.3.1/../../../../arm-none-eabi/lib/thumb/v7e-m+fp/hard/crt0.o (exit)
c:/st/stm32cubeide_1.7.0/stm32cubeide/plugins/com.st.stm32cube.ide.mcu.externaltools.gnu-tools-for-stm32.9-2020-q2-update.win32_2.0.0.202105311346/tools/bin/../lib/gcc/arm-none-eabi/9.3.1/../../../../arm-none-eabi/lib/thumb/v7e-m+fp/hard\libc_nano.a(lib_a-impure.o)
                              c:/st/stm32cubeide_1.7.0/stm32cubeide/plugins/com.st.stm32cube.ide.mcu.externaltools.gnu-tools-for-stm32.9-2020-q2-update.win32_2.0.0.202105311346/tools/bin/../lib/gcc/arm-none-eabi/9.3.1/../../../../arm-none-eabi/lib/thumb/v7e-m+fp/hard\libc_nano.a(lib_a-exit.o) (_global_impure_ptr)
c:/st/stm32cubeide_1.7.0/stm32cubeide/plugins/com.st.stm32cube.ide.mcu.externaltools.gnu-tools-for-stm32.9-2020-q2-update.win32_2.0.0.202105311346/tools/bin/../lib/gcc/arm-none-eabi/9.3.1/../../../../arm-none-eabi/lib/thumb/v7e-m+fp/hard\libc_nano.a(lib_a-init.o)
                              c:/st/stm32cubeide_1.7.0/stm32cubeide/plugins/com.st.stm32cube.ide.mcu.externaltools.gnu-tools-for-stm32.9-2020-q2-update.win32_2.0.0.202105311346/tools/bin/../lib/gcc/arm-none-eabi/9.3.1/../../../../arm-none-eabi/lib/thumb/v7e-m+fp/hard/crt0.o (__libc_init_array)
c:/st/stm32cubeide_1.7.0/stm32cubeide/plugins/com.st.stm32cube.ide.mcu.externaltools.gnu-tools-for-stm32.9-2020-q2-update.win32_2.0.0.202105311346/tools/bin/../lib/gcc/arm-none-eabi/9.3.1/../../../../arm-none-eabi/lib/thumb/v7e-m+fp/hard\libc_nano.a(lib_a-malloc.o)
                              ./Core/Src/File_Handling.o (malloc)
c:/st/stm32cubeide_1.7.0/stm32cubeide/plugins/com.st.stm32cube.ide.mcu.externaltools.gnu-tools-for-stm32.9-2020-q2-update.win32_2.0.0.202105311346/tools/bin/../lib/gcc/arm-none-eabi/9.3.1/../../../../arm-none-eabi/lib/thumb/v7e-m+fp/hard\libc_nano.a(lib_a-memcpy-stub.o)
                              ./Middlewares/ST/STM32_USB_Host_Library/Class/MSC/Src/usbh_msc.o (memcpy)
c:/st/stm32cubeide_1.7.0/stm32cubeide/plugins/com.st.stm32cube.ide.mcu.externaltools.gnu-tools-for-stm32.9-2020-q2-update.win32_2.0.0.202105311346/tools/bin/../lib/gcc/arm-none-eabi/9.3.1/../../../../arm-none-eabi/lib/thumb/v7e-m+fp/hard\libc_nano.a(lib_a-memset.o)
                              c:/st/stm32cubeide_1.7.0/stm32cubeide/plugins/com.st.stm32cube.ide.mcu.externaltools.gnu-tools-for-stm32.9-2020-q2-update.win32_2.0.0.202105311346/tools/bin/../lib/gcc/arm-none-eabi/9.3.1/../../../../arm-none-eabi/lib/thumb/v7e-m+fp/hard/crt0.o (memset)
c:/st/stm32cubeide_1.7.0/stm32cubeide/plugins/com.st.stm32cube.ide.mcu.externaltools.gnu-tools-for-stm32.9-2020-q2-update.win32_2.0.0.202105311346/tools/bin/../lib/gcc/arm-none-eabi/9.3.1/../../../../arm-none-eabi/lib/thumb/v7e-m+fp/hard\libc_nano.a(lib_a-nano-freer.o)
                              c:/st/stm32cubeide_1.7.0/stm32cubeide/plugins/com.st.stm32cube.ide.mcu.externaltools.gnu-tools-for-stm32.9-2020-q2-update.win32_2.0.0.202105311346/tools/bin/../lib/gcc/arm-none-eabi/9.3.1/../../../../arm-none-eabi/lib/thumb/v7e-m+fp/hard\libc_nano.a(lib_a-malloc.o) (_free_r)
c:/st/stm32cubeide_1.7.0/stm32cubeide/plugins/com.st.stm32cube.ide.mcu.externaltools.gnu-tools-for-stm32.9-2020-q2-update.win32_2.0.0.202105311346/tools/bin/../lib/gcc/arm-none-eabi/9.3.1/../../../../arm-none-eabi/lib/thumb/v7e-m+fp/hard\libc_nano.a(lib_a-nano-mallocr.o)
                              c:/st/stm32cubeide_1.7.0/stm32cubeide/plugins/com.st.stm32cube.ide.mcu.externaltools.gnu-tools-for-stm32.9-2020-q2-update.win32_2.0.0.202105311346/tools/bin/../lib/gcc/arm-none-eabi/9.3.1/../../../../arm-none-eabi/lib/thumb/v7e-m+fp/hard\libc_nano.a(lib_a-malloc.o) (_malloc_r)
c:/st/stm32cubeide_1.7.0/stm32cubeide/plugins/com.st.stm32cube.ide.mcu.externaltools.gnu-tools-for-stm32.9-2020-q2-update.win32_2.0.0.202105311346/tools/bin/../lib/gcc/arm-none-eabi/9.3.1/../../../../arm-none-eabi/lib/thumb/v7e-m+fp/hard\libc_nano.a(lib_a-printf.o)
                              ./USB_HOST/App/usb_host.o (printf)
[...]
Memory Configuration

Name             Origin             Length             Attributes
CCMRAM           0x0000000010000000 0x0000000000010000 xrw
RAM              0x0000000020000000 0x0000000000020000 xrw
FLASH            0x0000000008000000 0x0000000000100000 xr
*default*        0x0000000000000000 0xffffffffffffffff

Linker script and memory map

LOAD c:/st/stm32cubeide_1.7.0/stm32cubeide/plugins/com.st.stm32cube.ide.mcu.externaltools.gnu-tools-for-stm32.9-2020-q2-update.win32_2.0.0.202105311346/tools/bin/../lib/gcc/arm-none-eabi/9.3.1/thumb/v7e-m+fp/hard/crti.o
LOAD c:/st/stm32cubeide_1.7.0/stm32cubeide/plugins/com.st.stm32cube.ide.mcu.externaltools.gnu-tools-for-stm32.9-2020-q2-update.win32_2.0.0.202105311346/tools/bin/../lib/gcc/arm-none-eabi/9.3.1/thumb/v7e-m+fp/hard/crtbegin.o
LOAD c:/st/stm32cubeide_1.7.0/stm32cubeide/plugins/com.st.stm32cube.ide.mcu.externaltools.gnu-tools-for-stm32.9-2020-q2-update.win32_2.0.0.202105311346/tools/bin/../lib/gcc/arm-none-eabi/9.3.1/../../../../arm-none-eabi/lib/thumb/v7e-m+fp/hard/crt0.o
LOAD ./Core/Src/File_Handling.o
LOAD ./Core/Src/fifo.o
LOAD ./Core/Src/main.o
LOAD ./Core/Src/retarget.o
LOAD ./Core/Src/stm32f4xx_hal_msp.o
LOAD ./Core/Src/stm32f4xx_it.o
LOAD ./Core/Src/sysmem.o
LOAD ./Core/Src/system_stm32f4xx.o
LOAD ./Core/Startup/startup_stm32f407vgtx.o
LOAD ./Drivers/STM32F4xx_HAL_Driver/Src/stm32f4xx_hal.o
LOAD ./Drivers/STM32F4xx_HAL_Driver/Src/stm32f4xx_hal_cortex.o
LOAD ./Drivers/STM32F4xx_HAL_Driver/Src/stm32f4xx_hal_dma.o
LOAD ./Drivers/STM32F4xx_HAL_Driver/Src/stm32f4xx_hal_dma_ex.o
LOAD ./Drivers/STM32F4xx_HAL_Driver/Src/stm32f4xx_hal_exti.o
LOAD ./Drivers/STM32F4xx_HAL_Driver/Src/stm32f4xx_hal_flash.o
LOAD ./Drivers/STM32F4xx_HAL_Driver/Src/stm32f4xx_hal_flash_ex.o
LOAD ./Drivers/STM32F4xx_HAL_Driver/Src/stm32f4xx_hal_flash_ramfunc.o
LOAD ./Drivers/STM32F4xx_HAL_Driver/Src/stm32f4xx_hal_gpio.o
LOAD ./Drivers/STM32F4xx_HAL_Driver/Src/stm32f4xx_hal_hcd.o
LOAD ./Drivers/STM32F4xx_HAL_Driver/Src/stm32f4xx_hal_pwr.o
LOAD ./Drivers/STM32F4xx_HAL_Driver/Src/stm32f4xx_hal_pwr_ex.o
LOAD ./Drivers/STM32F4xx_HAL_Driver/Src/stm32f4xx_hal_rcc.o
LOAD ./Drivers/STM32F4xx_HAL_Driver/Src/stm32f4xx_hal_rcc_ex.o
LOAD ./Drivers/STM32F4xx_HAL_Driver/Src/stm32f4xx_hal_tim.o
LOAD ./Drivers/STM32F4xx_HAL_Driver/Src/stm32f4xx_hal_tim_ex.o
LOAD ./Drivers/STM32F4xx_HAL_Driver/Src/stm32f4xx_hal_uart.o
LOAD ./Drivers/STM32F4xx_HAL_Driver/Src/stm32f4xx_ll_usb.o
LOAD ./FATFS/App/fatfs.o
LOAD ./FATFS/Target/usbh_diskio.o
LOAD ./Middlewares/ST/STM32_USB_Host_Library/Class/MSC/Src/usbh_msc.o
LOAD ./Middlewares/ST/STM32_USB_Host_Library/Class/MSC/Src/usbh_msc_bot.o
LOAD ./Middlewares/ST/STM32_USB_Host_Library/Class/MSC/Src/usbh_msc_scsi.o
LOAD ./Middlewares/ST/STM32_USB_Host_Library/Core/Src/usbh_core.o
LOAD ./Middlewares/ST/STM32_USB_Host_Library/Core/Src/usbh_ctlreq.o
LOAD ./Middlewares/ST/STM32_USB_Host_Library/Core/Src/usbh_ioreq.o
LOAD ./Middlewares/ST/STM32_USB_Host_Library/Core/Src/usbh_pipes.o
LOAD ./Middlewares/Third_Party/FatFs/src/diskio.o
LOAD ./Middlewares/Third_Party/FatFs/src/ff.o
LOAD ./Middlewares/Third_Party/FatFs/src/ff_gen_drv.o
LOAD ./Middlewares/Third_Party/FatFs/src/option/ccsbcs.o
LOAD ./Middlewares/Third_Party/FatFs/src/option/syscall.o
LOAD ./USB_HOST/App/usb_host.o
LOAD ./USB_HOST/Target/usbh_conf.o
LOAD ./USB_HOST/Target/usbh_platform.o
START GROUP
LOAD c:/st/stm32cubeide_1.7.0/stm32cubeide/plugins/com.st.stm32cube.ide.mcu.externaltools.gnu-tools-for-stm32.9-2020-q2-update.win32_2.0.0.202105311346/tools/bin/../lib/gcc/arm-none-eabi/9.3.1/../../../../arm-none-eabi/lib/thumb/v7e-m+fp/hard\libc_nano.a
LOAD c:/st/stm32cubeide_1.7.0/stm32cubeide/plugins/com.st.stm32cube.ide.mcu.externaltools.gnu-tools-for-stm32.9-2020-q2-update.win32_2.0.0.202105311346/tools/bin/../lib/gcc/arm-none-eabi/9.3.1/../../../../arm-none-eabi/lib/thumb/v7e-m+fp/hard\libm.a
END GROUP
START GROUP
LOAD c:/st/stm32cubeide_1.7.0/stm32cubeide/plugins/com.st.stm32cube.ide.mcu.externaltools.gnu-tools-for-stm32.9-2020-q2-update.win32_2.0.0.202105311346/tools/bin/../lib/gcc/arm-none-eabi/9.3.1/thumb/v7e-m+fp/hard\libgcc.a
LOAD c:/st/stm32cubeide_1.7.0/stm32cubeide/plugins/com.st.stm32cube.ide.mcu.externaltools.gnu-tools-for-stm32.9-2020-q2-update.win32_2.0.0.202105311346/tools/bin/../lib/gcc/arm-none-eabi/9.3.1/../../../../arm-none-eabi/lib/thumb/v7e-m+fp/hard\libc_nano.a
END GROUP
START GROUP
LOAD c:/st/stm32cubeide_1.7.0/stm32cubeide/plugins/com.st.stm32cube.ide.mcu.externaltools.gnu-tools-for-stm32.9-2020-q2-update.win32_2.0.0.202105311346/tools/bin/../lib/gcc/arm-none-eabi/9.3.1/thumb/v7e-m+fp/hard\libgcc.a
LOAD c:/st/stm32cubeide_1.7.0/stm32cubeide/plugins/com.st.stm32cube.ide.mcu.externaltools.gnu-tools-for-stm32.9-2020-q2-update.win32_2.0.0.202105311346/tools/bin/../lib/gcc/arm-none-eabi/9.3.1/../../../../arm-none-eabi/lib/thumb/v7e-m+fp/hard\libc_nano.a
LOAD c:/st/stm32cubeide_1.7.0/stm32cubeide/plugins/com.st.stm32cube.ide.mcu.externaltools.gnu-tools-for-stm32.9-2020-q2-update.win32_2.0.0.202105311346/tools/bin/../lib/gcc/arm-none-eabi/9.3.1/../../../../arm-none-eabi/lib/thumb/v7e-m+fp/hard\libnosys.a
END GROUP
START GROUP
LOAD c:/st/stm32cubeide_1.7.0/stm32cubeide/plugins/com.st.stm32cube.ide.mcu.externaltools.gnu-tools-for-stm32.9-2020-q2-update.win32_2.0.0.202105311346/tools/bin/../lib/gcc/arm-none-eabi/9.3.1/thumb/v7e-m+fp/hard\libgcc.a
LOAD c:/st/stm32cubeide_1.7.0/stm32cubeide/plugins/com.st.stm32cube.ide.mcu.externaltools.gnu-tools-for-stm32.9-2020-q2-update.win32_2.0.0.202105311346/tools/bin/../lib/gcc/arm-none-eabi/9.3.1/../../../../arm-none-eabi/lib/thumb/v7e-m+fp/hard\libc_nano.a
LOAD c:/st/stm32cubeide_1.7.0/stm32cubeide/plugins/com.st.stm32cube.ide.mcu.externaltools.gnu-tools-for-stm32.9-2020-q2-update.win32_2.0.0.202105311346/tools/bin/../lib/gcc/arm-none-eabi/9.3.1/../../../../arm-none-eabi/lib/thumb/v7e-m+fp/hard\libnosys.a
END GROUP
LOAD c:/st/stm32cubeide_1.7.0/stm32cubeide/plugins/com.st.stm32cube.ide.mcu.externaltools.gnu-tools-for-stm32.9-2020-q2-update.win32_2.0.0.202105311346/tools/bin/../lib/gcc/arm-none-eabi/9.3.1/thumb/v7e-m+fp/hard/crtend.o
LOAD c:/st/stm32cubeide_1.7.0/stm32cubeide/plugins/com.st.stm32cube.ide.mcu.externaltools.gnu-tools-for-stm32.9-2020-q2-update.win32_2.0.0.202105311346/tools/bin/../lib/gcc/arm-none-eabi/9.3.1/thumb/v7e-m+fp/hard/crtn.o
                0x0000000020020000                _estack = (ORIGIN (RAM) + LENGTH (RAM))
                0x0000000000002000                _Min_Heap_Size = 0x2000
                0x0000000000002000                _Min_Stack_Size = 0x2000

.isr_vector     0x0000000008000000      0x188
                0x0000000008000000                . = ALIGN (0x4)
 *(.isr_vector)
 .isr_vector    0x0000000008000000      0x188 ./Core/Startup/startup_stm32f407vgtx.o
                0x0000000008000000                g_pfnVectors
                0x0000000008000188                . = ALIGN (0x4)

.text           0x0000000008000190     0xfdd0
                0x0000000008000190                . = ALIGN (0x4)
 *(.text)
 .text          0x0000000008000190       0x40 c:/st/stm32cubeide_1.7.0/stm32cubeide/plugins/com.st.stm32cube.ide.mcu.externaltools.gnu-tools-for-stm32.9-2020-q2-update.win32_2.0.0.202105311346/tools/bin/../lib/gcc/arm-none-eabi/9.3.1/thumb/v7e-m+fp/hard/crtbegin.o
 .text          0x00000000080001d0       0x14 c:/st/stm32cubeide_1.7.0/stm32cubeide/plugins/com.st.stm32cube.ide.mcu.externaltools.gnu-tools-for-stm32.9-2020-q2-update.win32_2.0.0.202105311346/tools/bin/../lib/gcc/arm-none-eabi/9.3.1/../../../../arm-none-eabi/lib/thumb/v7e-m+fp/hard\libc_nano.a(lib_a-strcmp.o)
                0x00000000080001d0                strcmp
 .text          0x00000000080001e4       0x10 c:/st/stm32cubeide_1.7.0/stm32cubeide/plugins/com.st.stm32cube.ide.mcu.externaltools.gnu-tools-for-stm32.9-2020-q2-update.win32_2.0.0.202105311346/tools/bin/../lib/gcc/arm-none-eabi/9.3.1/../../../../arm-none-eabi/lib/thumb/v7e-m+fp/hard\libc_nano.a(lib_a-strlen.o)
                0x00000000080001e4                strlen
 *fill*         0x00000000080001f4        0xc 
 .text          0x0000000008000200       0xa0 c:/st/stm32cubeide_1.7.0/stm32cubeide/plugins/com.st.stm32cube.ide.mcu.externaltools.gnu-tools-for-stm32.9-2020-q2-update.win32_2.0.0.202105311346/tools/bin/../lib/gcc/arm-none-eabi/9.3.1/../../../../arm-none-eabi/lib/thumb/v7e-m+fp/hard\libc_nano.a(lib_a-memchr.o)
                0x0000000008000200                memchr
 .text          0x00000000080002a0      0x254 c:/st/stm32cubeide_1.7.0/stm32cubeide/plugins/com.st.stm32cube.ide.mcu.externaltools.gnu-tools-for-stm32.9-2020-q2-update.win32_2.0.0.202105311346/tools/bin/../lib/gcc/arm-none-eabi/9.3.1/thumb/v7e-m+fp/hard\libgcc.a(_arm_muldf3.o)
                0x00000000080002a0                __muldf3
                0x00000000080002a0                __aeabi_dmul
 .text          0x00000000080004f4      0x378 c:/st/stm32cubeide_1.7.0/stm32cubeide/plugins/com.st.stm32cube.ide.mcu.externaltools.gnu-tools-for-stm32.9-2020-q2-update.win32_2.0.0.202105311346/tools/bin/../lib/gcc/arm-none-eabi/9.3.1/thumb/v7e-m+fp/hard\libgcc.a(_arm_addsubdf3.o)
                0x00000000080004f4                __aeabi_drsub
                0x00000000080004fc                __aeabi_dsub
                0x00000000080004fc                __subdf3
                0x0000000008000500                __aeabi_dadd
                0x0000000008000500                __adddf3
                0x0000000008000778                __floatunsidf
                0x0000000008000778                __aeabi_ui2d
                0x0000000008000798                __floatsidf
                0x0000000008000798                __aeabi_i2d
                0x00000000080007bc                __aeabi_f2d
                0x00000000080007bc                __extendsfdf2
                0x0000000008000800                __floatundidf
                0x0000000008000800                __aeabi_ul2d
                0x0000000008000810                __floatdidf
                0x0000000008000810                __aeabi_l2d
 .text          0x000000000800086c       0x40 c:/st/stm32cubeide_1.7.0/stm32cubeide/plugins/com.st.stm32cube.ide.mcu.externaltools.gnu-tools-for-stm32.9-2020-q2-update.win32_2.0.0.202105311346/tools/bin/../lib/gcc/arm-none-eabi/9.3.1/thumb/v7e-m+fp/hard\libgcc.a(_arm_fixunsdfsi.o)
                0x000000000800086c                __aeabi_d2uiz
                0x000000000800086c                __fixunsdfsi
 .text          0x00000000080008ac       0x30 c:/st/stm32cubeide_1.7.0/stm32cubeide/plugins/com.st.stm32cube.ide.mcu.externaltools.gnu-tools-for-stm32.9-2020-q2-update.win32_2.0.0.202105311346/tools/bin/../lib/gcc/arm-none-eabi/9.3.1/thumb/v7e-m+fp/hard\libgcc.a(_aeabi_uldivmod.o)
                0x00000000080008ac                __aeabi_uldivmod
 .text          0x00000000080008dc      0x2c4 c:/st/stm32cubeide_1.7.0/stm32cubeide/plugins/com.st.stm32cube.ide.mcu.externaltools.gnu-tools-for-stm32.9-2020-q2-update.win32_2.0.0.202105311346/tools/bin/../lib/gcc/arm-none-eabi/9.3.1/thumb/v7e-m+fp/hard\libgcc.a(_udivmoddi4.o)
                0x00000000080008dc                __udivmoddi4
 .text          0x0000000008000ba0        0x4 c:/st/stm32cubeide_1.7.0/stm32cubeide/plugins/com.st.stm32cube.ide.mcu.externaltools.gnu-tools-for-stm32.9-2020-q2-update.win32_2.0.0.202105311346/tools/bin/../lib/gcc/arm-none-eabi/9.3.1/thumb/v7e-m+fp/hard\libgcc.a(_dvmd_tls.o)
                0x0000000008000ba0                __aeabi_idiv0
                0x0000000008000ba0                __aeabi_ldiv0
 *(.text*)
 .text.Send_Uart
                0x0000000008000ba4       0x2c ./Core/Src/File_Handling.o
                0x0000000008000ba4                Send_Uart
 .text.Mount_USB
                0x0000000008000bd0       0x48 ./Core/Src/File_Handling.o
                0x0000000008000bd0                Mount_USB
 .text.Unmount_USB
                0x0000000008000c18       0x44 ./Core/Src/File_Handling.o
                0x0000000008000c18                Unmount_USB
 .text.Scan_USB
                0x0000000008000c5c      0x160 ./Core/Src/File_Handling.o
                0x0000000008000c5c                Scan_USB
 .text.Read_File
                0x0000000008000dbc      0x39c ./Core/Src/File_Handling.o
                0x0000000008000dbc                Read_File
 .text.Check_USB_Details
                0x0000000008001158       0xec ./Core/Src/File_Handling.o
                0x0000000008001158                Check_USB_Details
 .text.main     0x0000000008001244       0x2c ./Core/Src/main.o
                0x0000000008001244                main
 .text.SystemClock_Config
                0x0000000008001270       0xd4 ./Core/Src/main.o
                0x0000000008001270                SystemClock_Config
 .text.MX_USART3_UART_Init
                0x0000000008001344       0x54 ./Core/Src/main.o
 .text.MX_GPIO_Init
                0x0000000008001398      0x108 ./Core/Src/main.o
 .text.Error_Handler
                0x00000000080014a0        0xa ./Core/Src/main.o
                0x00000000080014a0                Error_Handler
 *fill*         0x00000000080014aa        0x2 
 .text.RetargetInit
                0x00000000080014ac       0x30 ./Core/Src/retarget.o
                0x00000000080014ac                RetargetInit
 .text._isatty  0x00000000080014dc       0x2c ./Core/Src/retarget.o
                0x00000000080014dc                _isatty
 .text._write   0x0000000008001508       0x58 ./Core/Src/retarget.o
                0x0000000008001508                _write
 .text._close   0x0000000008001560       0x2e ./Core/Src/retarget.o
                0x0000000008001560                _close
 .text._lseek   0x000000000800158e       0x22 ./Core/Src/retarget.o
                0x000000000800158e                _lseek
 .text._read    0x00000000080015b0       0x50 ./Core/Src/retarget.o
                0x00000000080015b0                _read
 .text._fstat   0x0000000008001600       0x36 ./Core/Src/retarget.o
                0x0000000008001600                _fstat
 *fill*         0x0000000008001636        0x2 
 .text.HAL_MspInit
                0x0000000008001638       0x50 ./Core/Src/stm32f4xx_hal_msp.o
                0x0000000008001638                HAL_MspInit
 .text.HAL_UART_MspInit
                0x0000000008001688       0x90 ./Core/Src/stm32f4xx_hal_msp.o
                0x0000000008001688                HAL_UART_MspInit
 .text.NMI_Handler
                0x0000000008001718        0x6 ./Core/Src/stm32f4xx_it.o
                0x0000000008001718                NMI_Handler
 .text.HardFault_Handler
                0x000000000800171e        0x6 ./Core/Src/stm32f4xx_it.o
                0x000000000800171e                HardFault_Handler
 .text.MemManage_Handler
                0x0000000008001724        0x6 ./Core/Src/stm32f4xx_it.o
                0x0000000008001724                MemManage_Handler
 .text.BusFault_Handler
                0x000000000800172a        0x6 ./Core/Src/stm32f4xx_it.o
                0x000000000800172a                BusFault_Handler
 .text.UsageFault_Handler
                0x0000000008001730        0x6 ./Core/Src/stm32f4xx_it.o
                0x0000000008001730                UsageFault_Handler
 .text.SVC_Handler
                0x0000000008001736        0xe ./Core/Src/stm32f4xx_it.o
                0x0000000008001736                SVC_Handler
 .text.DebugMon_Handler
                0x0000000008001744        0xe ./Core/Src/stm32f4xx_it.o
                0x0000000008001744                DebugMon_Handler
 .text.PendSV_Handler
                0x0000000008001752        0xe ./Core/Src/stm32f4xx_it.o
                0x0000000008001752                PendSV_Handler
 .text.SysTick_Handler
                0x0000000008001760        0xc ./Core/Src/stm32f4xx_it.o
                0x0000000008001760                SysTick_Handler
 .text.OTG_FS_IRQHandler
                0x000000000800176c       0x14 ./Core/Src/stm32f4xx_it.o
                0x000000000800176c                OTG_FS_IRQHandler
 .text._sbrk    0x0000000008001780       0x6c ./Core/Src/sysmem.o
                0x0000000008001780                _sbrk
 .text.SystemInit
                0x00000000080017ec       0x24 ./Core/Src/system_stm32f4xx.o
                0x00000000080017ec                SystemInit
 .text.Reset_Handler
                0x0000000008001810       0x50 ./Core/Startup/startup_stm32f407vgtx.o
                0x0000000008001810                Reset_Handler
 .text.Default_Handler
                0x0000000008001860        0x2 ./Core/Startup/startup_stm32f407vgtx.o
                0x0000000008001860                RTC_Alarm_IRQHandler
                0x0000000008001860                HASH_RNG_IRQHandler
                0x0000000008001860                EXTI2_IRQHandler
                0x0000000008001860                TIM8_CC_IRQHandler
                0x0000000008001860                TIM1_CC_IRQHandler
                0x0000000008001860                DMA2_Stream5_IRQHandler
                0x0000000008001860                DMA1_Stream5_IRQHandler
                0x0000000008001860                PVD_IRQHandler
                0x0000000008001860                SDIO_IRQHandler
                0x0000000008001860                TAMP_STAMP_IRQHandler
                0x0000000008001860                CAN2_RX1_IRQHandler
                0x0000000008001860                EXTI3_IRQHandler
                0x0000000008001860                TIM8_TRG_COM_TIM14_IRQHandler
                0x0000000008001860                TIM1_UP_TIM10_IRQHandler
                0x0000000008001860                TIM8_UP_TIM13_IRQHandler
                0x0000000008001860                I2C3_ER_IRQHandler
                0x0000000008001860                EXTI0_IRQHandler
                0x0000000008001860                I2C2_EV_IRQHandler
                0x0000000008001860                DMA1_Stream2_IRQHandler
                0x0000000008001860                CAN1_RX0_IRQHandler
                0x0000000008001860                FPU_IRQHandler
                0x0000000008001860                OTG_HS_WKUP_IRQHandler
                0x0000000008001860                CAN2_SCE_IRQHandler
                0x0000000008001860                DMA2_Stream2_IRQHandler
                0x0000000008001860                SPI1_IRQHandler
                0x0000000008001860                TIM6_DAC_IRQHandler
                0x0000000008001860                TIM1_BRK_TIM9_IRQHandler
                0x0000000008001860                DCMI_IRQHandler
                0x0000000008001860                CAN2_RX0_IRQHandler
                0x0000000008001860                DMA2_Stream3_IRQHandler
                0x0000000008001860                USART6_IRQHandler
                0x0000000008001860                USART3_IRQHandler
                0x0000000008001860                CAN1_RX1_IRQHandler
                0x0000000008001860                UART5_IRQHandler
                0x0000000008001860                DMA2_Stream0_IRQHandler
                0x0000000008001860                TIM4_IRQHandler
                0x0000000008001860                I2C1_EV_IRQHandler
                0x0000000008001860                DMA1_Stream6_IRQHandler
                0x0000000008001860                DMA1_Stream1_IRQHandler
                0x0000000008001860                UART4_IRQHandler
                0x0000000008001860                TIM3_IRQHandler
                0x0000000008001860                RCC_IRQHandler
                0x0000000008001860                TIM8_BRK_TIM12_IRQHandler
                0x0000000008001860                Default_Handler
                0x0000000008001860                EXTI15_10_IRQHandler
                0x0000000008001860                ADC_IRQHandler
                0x0000000008001860                DMA1_Stream7_IRQHandler
                0x0000000008001860                TIM7_IRQHandler
                0x0000000008001860                CAN2_TX_IRQHandler
                0x0000000008001860                TIM5_IRQHandler
                0x0000000008001860                DMA2_Stream7_IRQHandler
                0x0000000008001860                I2C3_EV_IRQHandler
                0x0000000008001860                EXTI9_5_IRQHandler
                0x0000000008001860                RTC_WKUP_IRQHandler
                0x0000000008001860                ETH_WKUP_IRQHandler
                0x0000000008001860                SPI2_IRQHandler
                0x0000000008001860                OTG_HS_EP1_IN_IRQHandler
                0x0000000008001860                DMA1_Stream0_IRQHandler
                0x0000000008001860                CAN1_TX_IRQHandler
                0x0000000008001860                EXTI4_IRQHandler
                0x0000000008001860                FSMC_IRQHandler
                0x0000000008001860                ETH_IRQHandler
                0x0000000008001860                OTG_HS_EP1_OUT_IRQHandler
                0x0000000008001860                WWDG_IRQHandler
                0x0000000008001860                TIM2_IRQHandler
                0x0000000008001860                OTG_FS_WKUP_IRQHandler
                0x0000000008001860                TIM1_TRG_COM_TIM11_IRQHandler
                0x0000000008001860                OTG_HS_IRQHandler
                0x0000000008001860                EXTI1_IRQHandler
                0x0000000008001860                USART2_IRQHandler
                0x0000000008001860                I2C2_ER_IRQHandler
                0x0000000008001860                DMA2_Stream1_IRQHandler
                0x0000000008001860                CAN1_SCE_IRQHandler
                0x0000000008001860                FLASH_IRQHandler
                0x0000000008001860                DMA2_Stream4_IRQHandler
                0x0000000008001860                USART1_IRQHandler
                0x0000000008001860                SPI3_IRQHandler
                0x0000000008001860                DMA1_Stream4_IRQHandler
                0x0000000008001860                I2C1_ER_IRQHandler
                0x0000000008001860                DMA2_Stream6_IRQHandler
                0x0000000008001860                DMA1_Stream3_IRQHandler
 *fill*         0x0000000008001862        0x2 
 .text.HAL_Init
                0x0000000008001864       0x44 ./Drivers/STM32F4xx_HAL_Driver/Src/stm32f4xx_hal.o
                0x0000000008001864                HAL_Init
 .text.HAL_InitTick
                0x00000000080018a8       0x60 ./Drivers/STM32F4xx_HAL_Driver/Src/stm32f4xx_hal.o
                0x00000000080018a8                HAL_InitTick
 .text.HAL_IncTick
                0x0000000008001908       0x28 ./Drivers/STM32F4xx_HAL_Driver/Src/stm32f4xx_hal.o
                0x0000000008001908                HAL_IncTick
 .text.HAL_GetTick
                0x0000000008001930       0x18 ./Drivers/STM32F4xx_HAL_Driver/Src/stm32f4xx_hal.o
                0x0000000008001930                HAL_GetTick
 .text.HAL_Delay
                0x0000000008001948       0x48 ./Drivers/STM32F4xx_HAL_Driver/Src/stm32f4xx_hal.o
                0x0000000008001948                HAL_Delay
 .text.__NVIC_SetPriorityGrouping
                0x0000000008001990       0x48 ./Drivers/STM32F4xx_HAL_Driver/Src/stm32f4xx_hal_cortex.o
 .text.__NVIC_GetPriorityGrouping
                0x00000000080019d8       0x1c ./Drivers/STM32F4xx_HAL_Driver/Src/stm32f4xx_hal_cortex.o
 .text.__NVIC_EnableIRQ
                0x00000000080019f4       0x3c ./Drivers/STM32F4xx_HAL_Driver/Src/stm32f4xx_hal_cortex.o
 .text.__NVIC_SetPriority
                0x0000000008001a30       0x54 ./Drivers/STM32F4xx_HAL_Driver/Src/stm32f4xx_hal_cortex.o
 .text.NVIC_EncodePriority
                0x0000000008001a84       0x66 ./Drivers/STM32F4xx_HAL_Driver/Src/stm32f4xx_hal_cortex.o
 *fill*         0x0000000008001aea        0x2 
 .text.SysTick_Config
                0x0000000008001aec       0x44 ./Drivers/STM32F4xx_HAL_Driver/Src/stm32f4xx_hal_cortex.o
 .text.HAL_NVIC_SetPriorityGrouping
                0x0000000008001b30       0x16 ./Drivers/STM32F4xx_HAL_Driver/Src/stm32f4xx_hal_cortex.o
                0x0000000008001b30                HAL_NVIC_SetPriorityGrouping
 .text.HAL_NVIC_SetPriority
                0x0000000008001b46       0x38 ./Drivers/STM32F4xx_HAL_Driver/Src/stm32f4xx_hal_cortex.o
                0x0000000008001b46                HAL_NVIC_SetPriority
 .text.HAL_NVIC_EnableIRQ
                0x0000000008001b7e       0x1c ./Drivers/STM32F4xx_HAL_Driver/Src/stm32f4xx_hal_cortex.o
                0x0000000008001b7e                HAL_NVIC_EnableIRQ
 .text.HAL_SYSTICK_Config
                0x0000000008001b9a       0x18 ./Drivers/STM32F4xx_HAL_Driver/Src/stm32f4xx_hal_cortex.o
                0x0000000008001b9a                HAL_SYSTICK_Config
 *fill*         0x0000000008001bb2        0x2 
 .text.HAL_GPIO_Init
                0x0000000008001bb4      0x338 ./Drivers/STM32F4xx_HAL_Driver/Src/stm32f4xx_hal_gpio.o
                0x0000000008001bb4                HAL_GPIO_Init
 .text.HAL_GPIO_WritePin
                0x0000000008001eec       0x32 ./Drivers/STM32F4xx_HAL_Driver/Src/stm32f4xx_hal_gpio.o
                0x0000000008001eec                HAL_GPIO_WritePin
 .text.HAL_HCD_Init
                0x0000000008001f1e       0xc4 ./Drivers/STM32F4xx_HAL_Driver/Src/stm32f4xx_hal_hcd.o
                0x0000000008001f1e                HAL_HCD_Init
 .text.HAL_HCD_HC_Init
                0x0000000008001fe2      0x11e ./Drivers/STM32F4xx_HAL_Driver/Src/stm32f4xx_hal_hcd.o
                0x0000000008001fe2                HAL_HCD_HC_Init
 .text.HAL_HCD_HC_Halt
                0x0000000008002100       0x46 ./Drivers/STM32F4xx_HAL_Driver/Src/stm32f4xx_hal_hcd.o
                0x0000000008002100                HAL_HCD_HC_Halt
 *fill*         0x0000000008002146        0x2 
 .text.HAL_HCD_HC_SubmitRequest
                0x0000000008002148      0x2ac ./Drivers/STM32F4xx_HAL_Driver/Src/stm32f4xx_hal_hcd.o
                0x0000000008002148                HAL_HCD_HC_SubmitRequest
 .text.HAL_HCD_IRQHandler
                0x00000000080023f4      0x216 ./Drivers/STM32F4xx_HAL_Driver/Src/stm32f4xx_hal_hcd.o
                0x00000000080023f4                HAL_HCD_IRQHandler
 .text.HAL_HCD_Start
                0x000000000800260a       0x46 ./Drivers/STM32F4xx_HAL_Driver/Src/stm32f4xx_hal_hcd.o
                0x000000000800260a                HAL_HCD_Start
 .text.HAL_HCD_Stop
                0x0000000008002650       0x3a ./Drivers/STM32F4xx_HAL_Driver/Src/stm32f4xx_hal_hcd.o
                0x0000000008002650                HAL_HCD_Stop
 .text.HAL_HCD_ResetPort
                0x000000000800268a       0x1c ./Drivers/STM32F4xx_HAL_Driver/Src/stm32f4xx_hal_hcd.o
                0x000000000800268a                HAL_HCD_ResetPort
 .text.HAL_HCD_HC_GetURBState
                0x00000000080026a6       0x28 ./Drivers/STM32F4xx_HAL_Driver/Src/stm32f4xx_hal_hcd.o
                0x00000000080026a6                HAL_HCD_HC_GetURBState
 .text.HAL_HCD_HC_GetXferCount
                0x00000000080026ce       0x28 ./Drivers/STM32F4xx_HAL_Driver/Src/stm32f4xx_hal_hcd.o
                0x00000000080026ce                HAL_HCD_HC_GetXferCount
 .text.HAL_HCD_GetCurrentFrame
                0x00000000080026f6       0x1c ./Drivers/STM32F4xx_HAL_Driver/Src/stm32f4xx_hal_hcd.o
                0x00000000080026f6                HAL_HCD_GetCurrentFrame
 .text.HAL_HCD_GetCurrentSpeed
                0x0000000008002712       0x1c ./Drivers/STM32F4xx_HAL_Driver/Src/stm32f4xx_hal_hcd.o
                0x0000000008002712                HAL_HCD_GetCurrentSpeed
 .text.HCD_HC_IN_IRQHandler
                0x000000000800272e      0x844 ./Drivers/STM32F4xx_HAL_Driver/Src/stm32f4xx_hal_hcd.o
 .text.HCD_HC_OUT_IRQHandler
                0x0000000008002f72      0x802 ./Drivers/STM32F4xx_HAL_Driver/Src/stm32f4xx_hal_hcd.o
 .text.HCD_RXQLVL_IRQHandler
                0x0000000008003774      0x1a4 ./Drivers/STM32F4xx_HAL_Driver/Src/stm32f4xx_hal_hcd.o
 .text.HCD_Port_IRQHandler
                0x0000000008003918       0xe6 ./Drivers/STM32F4xx_HAL_Driver/Src/stm32f4xx_hal_hcd.o
 *fill*         0x00000000080039fe        0x2 
 .text.HAL_RCC_OscConfig
                0x0000000008003a00      0x4f0 ./Drivers/STM32F4xx_HAL_Driver/Src/stm32f4xx_hal_rcc.o
                0x0000000008003a00                HAL_RCC_OscConfig
 .text.HAL_RCC_ClockConfig
                0x0000000008003ef0      0x1cc ./Drivers/STM32F4xx_HAL_Driver/Src/stm32f4xx_hal_rcc.o
                0x0000000008003ef0                HAL_RCC_ClockConfig
 .text.HAL_RCC_GetSysClockFreq
                0x00000000080040bc      0x1c4 ./Drivers/STM32F4xx_HAL_Driver/Src/stm32f4xx_hal_rcc.o
                0x00000000080040bc                HAL_RCC_GetSysClockFreq
 .text.HAL_RCC_GetHCLKFreq
                0x0000000008004280       0x18 ./Drivers/STM32F4xx_HAL_Driver/Src/stm32f4xx_hal_rcc.o
                0x0000000008004280                HAL_RCC_GetHCLKFreq
 .text.HAL_RCC_GetPCLK1Freq
                0x0000000008004298       0x28 ./Drivers/STM32F4xx_HAL_Driver/Src/stm32f4xx_hal_rcc.o
                0x0000000008004298                HAL_RCC_GetPCLK1Freq
 .text.HAL_RCC_GetPCLK2Freq
                0x00000000080042c0       0x28 ./Drivers/STM32F4xx_HAL_Driver/Src/stm32f4xx_hal_rcc.o
                0x00000000080042c0                HAL_RCC_GetPCLK2Freq
 .text.HAL_UART_Init
                0x00000000080042e8       0x9a ./Drivers/STM32F4xx_HAL_Driver/Src/stm32f4xx_hal_uart.o
                0x00000000080042e8                HAL_UART_Init
 .text.HAL_UART_Transmit
                0x0000000008004382      0x124 ./Drivers/STM32F4xx_HAL_Driver/Src/stm32f4xx_hal_uart.o
                0x0000000008004382                HAL_UART_Transmit
 .text.HAL_UART_Receive
                0x00000000080044a6      0x144 ./Drivers/STM32F4xx_HAL_Driver/Src/stm32f4xx_hal_uart.o
                0x00000000080044a6                HAL_UART_Receive
 .text.UART_WaitOnFlagUntilTimeout
                0x00000000080045ea       0xdc ./Drivers/STM32F4xx_HAL_Driver/Src/stm32f4xx_hal_uart.o
 *fill*         0x00000000080046c6        0x2 
 .text.UART_SetConfig
                0x00000000080046c8      0x390 ./Drivers/STM32F4xx_HAL_Driver/Src/stm32f4xx_hal_uart.o
 .text.USB_CoreInit
                0x0000000008004a58       0xc2 ./Drivers/STM32F4xx_HAL_Driver/Src/stm32f4xx_ll_usb.o
                0x0000000008004a58                USB_CoreInit
 .text.USB_EnableGlobalInt
                0x0000000008004b1a       0x22 ./Drivers/STM32F4xx_HAL_Driver/Src/stm32f4xx_ll_usb.o
                0x0000000008004b1a                USB_EnableGlobalInt
 .text.USB_DisableGlobalInt
                0x0000000008004b3c       0x22 ./Drivers/STM32F4xx_HAL_Driver/Src/stm32f4xx_ll_usb.o
                0x0000000008004b3c                USB_DisableGlobalInt
 .text.USB_SetCurrentMode
                0x0000000008004b5e       0x98 ./Drivers/STM32F4xx_HAL_Driver/Src/stm32f4xx_ll_usb.o
                0x0000000008004b5e                USB_SetCurrentMode
 *fill*         0x0000000008004bf6        0x2 
 .text.USB_FlushTxFifo
                0x0000000008004bf8       0x48 ./Drivers/STM32F4xx_HAL_Driver/Src/stm32f4xx_ll_usb.o
                0x0000000008004bf8                USB_FlushTxFifo
 .text.USB_FlushRxFifo
                0x0000000008004c40       0x40 ./Drivers/STM32F4xx_HAL_Driver/Src/stm32f4xx_ll_usb.o
                0x0000000008004c40                USB_FlushRxFifo
 .text.USB_WritePacket
                0x0000000008004c80       0x7c ./Drivers/STM32F4xx_HAL_Driver/Src/stm32f4xx_ll_usb.o
                0x0000000008004c80                USB_WritePacket
 .text.USB_ReadPacket
                0x0000000008004cfc       0xb0 ./Drivers/STM32F4xx_HAL_Driver/Src/stm32f4xx_ll_usb.o
                0x0000000008004cfc                USB_ReadPacket
 .text.USB_ReadInterrupts
                0x0000000008004dac       0x26 ./Drivers/STM32F4xx_HAL_Driver/Src/stm32f4xx_ll_usb.o
                0x0000000008004dac                USB_ReadInterrupts
 .text.USB_GetMode
                0x0000000008004dd2       0x1c ./Drivers/STM32F4xx_HAL_Driver/Src/stm32f4xx_ll_usb.o
                0x0000000008004dd2                USB_GetMode
 *fill*         0x0000000008004dee        0x2 
 .text.USB_CoreReset
                0x0000000008004df0       0x64 ./Drivers/STM32F4xx_HAL_Driver/Src/stm32f4xx_ll_usb.o
 .text.USB_HostInit
                0x0000000008004e54      0x168 ./Drivers/STM32F4xx_HAL_Driver/Src/stm32f4xx_ll_usb.o
                0x0000000008004e54                USB_HostInit
 .text.USB_InitFSLSPClkSel
                0x0000000008004fbc       0x74 ./Drivers/STM32F4xx_HAL_Driver/Src/stm32f4xx_ll_usb.o
                0x0000000008004fbc                USB_InitFSLSPClkSel
 .text.USB_ResetPort
                0x0000000008005030       0x54 ./Drivers/STM32F4xx_HAL_Driver/Src/stm32f4xx_ll_usb.o
                0x0000000008005030                USB_ResetPort
 .text.USB_DriveVbus
                0x0000000008005084       0x72 ./Drivers/STM32F4xx_HAL_Driver/Src/stm32f4xx_ll_usb.o
                0x0000000008005084                USB_DriveVbus
 .text.USB_GetHostSpeed
                0x00000000080050f6       0x2e ./Drivers/STM32F4xx_HAL_Driver/Src/stm32f4xx_ll_usb.o
                0x00000000080050f6                USB_GetHostSpeed
 .text.USB_GetCurrentFrame
                0x0000000008005124       0x22 ./Drivers/STM32F4xx_HAL_Driver/Src/stm32f4xx_ll_usb.o
                0x0000000008005124                USB_GetCurrentFrame
 *fill*         0x0000000008005146        0x2 
 .text.USB_HC_Init
                0x0000000008005148      0x21c ./Drivers/STM32F4xx_HAL_Driver/Src/stm32f4xx_ll_usb.o
                0x0000000008005148                USB_HC_Init
 .text.USB_HC_StartXfer
                0x0000000008005364      0x284 ./Drivers/STM32F4xx_HAL_Driver/Src/stm32f4xx_ll_usb.o
                0x0000000008005364                USB_HC_StartXfer
 .text.USB_HC_ReadInterrupt
                0x00000000080055e8       0x22 ./Drivers/STM32F4xx_HAL_Driver/Src/stm32f4xx_ll_usb.o
                0x00000000080055e8                USB_HC_ReadInterrupt
 .text.USB_HC_Halt
                0x000000000800560a      0x238 ./Drivers/STM32F4xx_HAL_Driver/Src/stm32f4xx_ll_usb.o
                0x000000000800560a                USB_HC_Halt
 *fill*         0x0000000008005842        0x2 
 .text.USB_DoPing
                0x0000000008005844       0x78 ./Drivers/STM32F4xx_HAL_Driver/Src/stm32f4xx_ll_usb.o
                0x0000000008005844                USB_DoPing
 .text.USB_StopHost
                0x00000000080058bc      0x10c ./Drivers/STM32F4xx_HAL_Driver/Src/stm32f4xx_ll_usb.o
                0x00000000080058bc                USB_StopHost
 .text.MX_FATFS_Init
                0x00000000080059c8       0x24 ./FATFS/App/fatfs.o
                0x00000000080059c8                MX_FATFS_Init
 .text.get_fattime
                0x00000000080059ec       0x10 ./FATFS/App/fatfs.o
                0x00000000080059ec                get_fattime
 .text.USBH_initialize
                0x00000000080059fc       0x18 ./FATFS/Target/usbh_diskio.o
                0x00000000080059fc                USBH_initialize
 .text.USBH_status
                0x0000000008005a14       0x38 ./FATFS/Target/usbh_diskio.o
                0x0000000008005a14                USBH_status
 .text.USBH_read
                0x0000000008005a4c       0x74 ./FATFS/Target/usbh_diskio.o
                0x0000000008005a4c                USBH_read
 .text.USBH_write
                0x0000000008005ac0       0x84 ./FATFS/Target/usbh_diskio.o
                0x0000000008005ac0                USBH_write
 .text.USBH_ioctl
                0x0000000008005b44       0xd8 ./FATFS/Target/usbh_diskio.o
                0x0000000008005b44                USBH_ioctl
 .text.USBH_MSC_InterfaceInit
                0x0000000008005c1c      0x216 ./Middlewares/ST/STM32_USB_Host_Library/Class/MSC/Src/usbh_msc.o
 .text.USBH_MSC_InterfaceDeInit
                0x0000000008005e32       0x8c ./Middlewares/ST/STM32_USB_Host_Library/Class/MSC/Src/usbh_msc.o
 .text.USBH_MSC_ClassRequest
                0x0000000008005ebe       0xce ./Middlewares/ST/STM32_USB_Host_Library/Class/MSC/Src/usbh_msc.o
 .text.USBH_MSC_Process
                0x0000000008005f8c      0x520 ./Middlewares/ST/STM32_USB_Host_Library/Class/MSC/Src/usbh_msc.o
 .text.USBH_MSC_SOFProcess
                0x00000000080064ac       0x16 ./Middlewares/ST/STM32_USB_Host_Library/Class/MSC/Src/usbh_msc.o
 .text.USBH_MSC_RdWrProcess
                0x00000000080064c2      0x19e ./Middlewares/ST/STM32_USB_Host_Library/Class/MSC/Src/usbh_msc.o
 .text.USBH_MSC_UnitIsReady
                0x0000000008006660       0x4c ./Middlewares/ST/STM32_USB_Host_Library/Class/MSC/Src/usbh_msc.o
                0x0000000008006660                USBH_MSC_UnitIsReady
 .text.USBH_MSC_GetLUNInfo
                0x00000000080066ac       0x48 ./Middlewares/ST/STM32_USB_Host_Library/Class/MSC/Src/usbh_msc.o
                0x00000000080066ac                USBH_MSC_GetLUNInfo
 .text.USBH_MSC_Read
                0x00000000080066f4       0xd2 ./Middlewares/ST/STM32_USB_Host_Library/Class/MSC/Src/usbh_msc.o
                0x00000000080066f4                USBH_MSC_Read
 .text.USBH_MSC_Write
                0x00000000080067c6       0xd2 ./Middlewares/ST/STM32_USB_Host_Library/Class/MSC/Src/usbh_msc.o
                0x00000000080067c6                USBH_MSC_Write
 .text.USBH_MSC_BOT_REQ_Reset
                0x0000000008006898       0x3a ./Middlewares/ST/STM32_USB_Host_Library/Class/MSC/Src/usbh_msc_bot.o
                0x0000000008006898                USBH_MSC_BOT_REQ_Reset
 .text.USBH_MSC_BOT_REQ_GetMaxLUN
                0x00000000080068d2       0x3c ./Middlewares/ST/STM32_USB_Host_Library/Class/MSC/Src/usbh_msc_bot.o
                0x00000000080068d2                USBH_MSC_BOT_REQ_GetMaxLUN
 *fill*         0x000000000800690e        0x2 
 .text.USBH_MSC_BOT_Init
                0x0000000008006910       0x44 ./Middlewares/ST/STM32_USB_Host_Library/Class/MSC/Src/usbh_msc_bot.o
                0x0000000008006910                USBH_MSC_BOT_Init
 .text.USBH_MSC_BOT_Process
                0x0000000008006954      0x39c ./Middlewares/ST/STM32_USB_Host_Library/Class/MSC/Src/usbh_msc_bot.o
                0x0000000008006954                USBH_MSC_BOT_Process
 .text.USBH_MSC_BOT_Abort
                0x0000000008006cf0       0x58 ./Middlewares/ST/STM32_USB_Host_Library/Class/MSC/Src/usbh_msc_bot.o
 .text.USBH_MSC_DecodeCSW
                0x0000000008006d48       0x88 ./Middlewares/ST/STM32_USB_Host_Library/Class/MSC/Src/usbh_msc_bot.o
 .text.USBH_MSC_SCSI_TestUnitReady
                0x0000000008006dd0       0x86 ./Middlewares/ST/STM32_USB_Host_Library/Class/MSC/Src/usbh_msc_scsi.o
                0x0000000008006dd0                USBH_MSC_SCSI_TestUnitReady
 .text.USBH_MSC_SCSI_ReadCapacity
                0x0000000008006e56       0xf6 ./Middlewares/ST/STM32_USB_Host_Library/Class/MSC/Src/usbh_msc_scsi.o
                0x0000000008006e56                USBH_MSC_SCSI_ReadCapacity
 .text.USBH_MSC_SCSI_Inquiry
                0x0000000008006f4c      0x14a ./Middlewares/ST/STM32_USB_Host_Library/Class/MSC/Src/usbh_msc_scsi.o
                0x0000000008006f4c                USBH_MSC_SCSI_Inquiry
 .text.USBH_MSC_SCSI_RequestSense
                0x0000000008007096       0xf2 ./Middlewares/ST/STM32_USB_Host_Library/Class/MSC/Src/usbh_msc_scsi.o
                0x0000000008007096                USBH_MSC_SCSI_RequestSense
 .text.USBH_MSC_SCSI_Write
                0x0000000008007188       0xd6 ./Middlewares/ST/STM32_USB_Host_Library/Class/MSC/Src/usbh_msc_scsi.o
                0x0000000008007188                USBH_MSC_SCSI_Write
 .text.USBH_MSC_SCSI_Read
                0x000000000800725e       0xd6 ./Middlewares/ST/STM32_USB_Host_Library/Class/MSC/Src/usbh_msc_scsi.o
                0x000000000800725e                USBH_MSC_SCSI_Read
 .text.USBH_Init
                0x0000000008007334       0x74 ./Middlewares/ST/STM32_USB_Host_Library/Core/Src/usbh_core.o
                0x0000000008007334                USBH_Init
 .text.DeInitStateMachine
                0x00000000080073a8       0xa8 ./Middlewares/ST/STM32_USB_Host_Library/Core/Src/usbh_core.o
 .text.USBH_RegisterClass
                0x0000000008007450       0x54 ./Middlewares/ST/STM32_USB_Host_Library/Core/Src/usbh_core.o
                0x0000000008007450                USBH_RegisterClass
 .text.USBH_SelectInterface
                0x00000000080074a4       0x38 ./Middlewares/ST/STM32_USB_Host_Library/Core/Src/usbh_core.o
                0x00000000080074a4                USBH_SelectInterface
 .text.USBH_FindInterface
                0x00000000080074dc       0x8c ./Middlewares/ST/STM32_USB_Host_Library/Core/Src/usbh_core.o
                0x00000000080074dc                USBH_FindInterface
 .text.USBH_Start
                0x0000000008007568       0x20 ./Middlewares/ST/STM32_USB_Host_Library/Core/Src/usbh_core.o
                0x0000000008007568                USBH_Start
 .text.USBH_Process
                0x0000000008007588      0x3c0 ./Middlewares/ST/STM32_USB_Host_Library/Core/Src/usbh_core.o
                0x0000000008007588                USBH_Process
 .text.USBH_HandleEnum
                0x0000000008007948      0x3c8 ./Middlewares/ST/STM32_USB_Host_Library/Core/Src/usbh_core.o
 .text.USBH_LL_SetTimer
                0x0000000008007d10       0x1e ./Middlewares/ST/STM32_USB_Host_Library/Core/Src/usbh_core.o
                0x0000000008007d10                USBH_LL_SetTimer
 .text.USBH_LL_IncTimer
                0x0000000008007d2e       0x24 ./Middlewares/ST/STM32_USB_Host_Library/Core/Src/usbh_core.o
                0x0000000008007d2e                USBH_LL_IncTimer
 .text.USBH_HandleSof
                0x0000000008007d52       0x30 ./Middlewares/ST/STM32_USB_Host_Library/Core/Src/usbh_core.o
 .text.USBH_LL_PortEnabled
                0x0000000008007d82       0x1c ./Middlewares/ST/STM32_USB_Host_Library/Core/Src/usbh_core.o
                0x0000000008007d82                USBH_LL_PortEnabled
 .text.USBH_LL_PortDisabled
                0x0000000008007d9e       0x1c ./Middlewares/ST/STM32_USB_Host_Library/Core/Src/usbh_core.o
                0x0000000008007d9e                USBH_LL_PortDisabled
 .text.USBH_LL_Connect
                0x0000000008007dba       0x2e ./Middlewares/ST/STM32_USB_Host_Library/Core/Src/usbh_core.o
                0x0000000008007dba                USBH_LL_Connect
 .text.USBH_LL_Disconnect
                0x0000000008007de8       0x48 ./Middlewares/ST/STM32_USB_Host_Library/Core/Src/usbh_core.o
                0x0000000008007de8                USBH_LL_Disconnect
 .text.USBH_Get_DevDesc
                0x0000000008007e30       0x50 ./Middlewares/ST/STM32_USB_Host_Library/Core/Src/usbh_ctlreq.o
                0x0000000008007e30                USBH_Get_DevDesc
 .text.USBH_Get_CfgDesc
                0x0000000008007e80       0x48 ./Middlewares/ST/STM32_USB_Host_Library/Core/Src/usbh_ctlreq.o
                0x0000000008007e80                USBH_Get_CfgDesc
 .text.USBH_Get_StringDesc
                0x0000000008007ec8       0x56 ./Middlewares/ST/STM32_USB_Host_Library/Core/Src/usbh_ctlreq.o
                0x0000000008007ec8                USBH_Get_StringDesc
 .text.USBH_GetDescriptor
                0x0000000008007f1e       0x6a ./Middlewares/ST/STM32_USB_Host_Library/Core/Src/usbh_ctlreq.o
                0x0000000008007f1e                USBH_GetDescriptor
 .text.USBH_SetAddress
                0x0000000008007f88       0x48 ./Middlewares/ST/STM32_USB_Host_Library/Core/Src/usbh_ctlreq.o
                0x0000000008007f88                USBH_SetAddress
 .text.USBH_SetCfg
                0x0000000008007fd0       0x46 ./Middlewares/ST/STM32_USB_Host_Library/Core/Src/usbh_ctlreq.o
                0x0000000008007fd0                USBH_SetCfg
 .text.USBH_SetFeature
                0x0000000008008016       0x48 ./Middlewares/ST/STM32_USB_Host_Library/Core/Src/usbh_ctlreq.o
                0x0000000008008016                USBH_SetFeature
 .text.USBH_ClrFeature
                0x000000000800805e       0x48 ./Middlewares/ST/STM32_USB_Host_Library/Core/Src/usbh_ctlreq.o
                0x000000000800805e                USBH_ClrFeature
 .text.USBH_ParseDevDesc
                0x00000000080080a6       0xe0 ./Middlewares/ST/STM32_USB_Host_Library/Core/Src/usbh_ctlreq.o
 .text.USBH_ParseCfgDesc
                0x0000000008008186      0x144 ./Middlewares/ST/STM32_USB_Host_Library/Core/Src/usbh_ctlreq.o
 .text.USBH_ParseInterfaceDesc
                0x00000000080082ca       0x5e ./Middlewares/ST/STM32_USB_Host_Library/Core/Src/usbh_ctlreq.o
 .text.USBH_ParseEPDesc
                0x0000000008008328       0x5a ./Middlewares/ST/STM32_USB_Host_Library/Core/Src/usbh_ctlreq.o
 .text.USBH_ParseStringDesc
                0x0000000008008382       0x66 ./Middlewares/ST/STM32_USB_Host_Library/Core/Src/usbh_ctlreq.o
 .text.USBH_GetNextDesc
                0x00000000080083e8       0x36 ./Middlewares/ST/STM32_USB_Host_Library/Core/Src/usbh_ctlreq.o
                0x00000000080083e8                USBH_GetNextDesc
 .text.USBH_CtlReq
                0x000000000800841e       0x7a ./Middlewares/ST/STM32_USB_Host_Library/Core/Src/usbh_ctlreq.o
                0x000000000800841e                USBH_CtlReq
 .text.USBH_HandleControl
                0x0000000008008498      0x2e8 ./Middlewares/ST/STM32_USB_Host_Library/Core/Src/usbh_ctlreq.o
 .text.USBH_CtlSendSetup
                0x0000000008008780       0x34 ./Middlewares/ST/STM32_USB_Host_Library/Core/Src/usbh_ioreq.o
                0x0000000008008780                USBH_CtlSendSetup
 .text.USBH_CtlSendData
                0x00000000080087b4       0x4a ./Middlewares/ST/STM32_USB_Host_Library/Core/Src/usbh_ioreq.o
                0x00000000080087b4                USBH_CtlSendData
 .text.USBH_CtlReceiveData
                0x00000000080087fe       0x3c ./Middlewares/ST/STM32_USB_Host_Library/Core/Src/usbh_ioreq.o
                0x00000000080087fe                USBH_CtlReceiveData
 .text.USBH_BulkSendData
                0x000000000800883a       0x4a ./Middlewares/ST/STM32_USB_Host_Library/Core/Src/usbh_ioreq.o
                0x000000000800883a                USBH_BulkSendData
 .text.USBH_BulkReceiveData
                0x0000000008008884       0x3c ./Middlewares/ST/STM32_USB_Host_Library/Core/Src/usbh_ioreq.o
                0x0000000008008884                USBH_BulkReceiveData
 .text.USBH_OpenPipe
                0x00000000080088c0       0x3e ./Middlewares/ST/STM32_USB_Host_Library/Core/Src/usbh_pipes.o
                0x00000000080088c0                USBH_OpenPipe
 .text.USBH_ClosePipe
                0x00000000080088fe       0x20 ./Middlewares/ST/STM32_USB_Host_Library/Core/Src/usbh_pipes.o
                0x00000000080088fe                USBH_ClosePipe
 .text.USBH_AllocPipe
                0x000000000800891e       0x42 ./Middlewares/ST/STM32_USB_Host_Library/Core/Src/usbh_pipes.o
                0x000000000800891e                USBH_AllocPipe
 .text.USBH_FreePipe
                0x0000000008008960       0x3c ./Middlewares/ST/STM32_USB_Host_Library/Core/Src/usbh_pipes.o
                0x0000000008008960                USBH_FreePipe
 .text.USBH_GetFreePipe
                0x000000000800899c       0x48 ./Middlewares/ST/STM32_USB_Host_Library/Core/Src/usbh_pipes.o
 .text.disk_status
                0x00000000080089e4       0x34 ./Middlewares/Third_Party/FatFs/src/diskio.o
                0x00000000080089e4                disk_status
 .text.disk_initialize
                0x0000000008008a18       0x4c ./Middlewares/Third_Party/FatFs/src/diskio.o
                0x0000000008008a18                disk_initialize
 .text.disk_read
                0x0000000008008a64       0x40 ./Middlewares/Third_Party/FatFs/src/diskio.o
                0x0000000008008a64                disk_read
 .text.disk_write
                0x0000000008008aa4       0x40 ./Middlewares/Third_Party/FatFs/src/diskio.o
                0x0000000008008aa4                disk_write
 .text.disk_ioctl
                0x0000000008008ae4       0x3c ./Middlewares/Third_Party/FatFs/src/diskio.o
                0x0000000008008ae4                disk_ioctl
 .text.ld_word  0x0000000008008b20       0x30 ./Middlewares/Third_Party/FatFs/src/ff.o
 .text.ld_dword
                0x0000000008008b50       0x46 ./Middlewares/Third_Party/FatFs/src/ff.o
 .text.ld_qword
                0x0000000008008b96      0x176 ./Middlewares/Third_Party/FatFs/src/ff.o
 .text.st_word  0x0000000008008d0c       0x36 ./Middlewares/Third_Party/FatFs/src/ff.o
 .text.st_dword
                0x0000000008008d42       0x58 ./Middlewares/Third_Party/FatFs/src/ff.o
 .text.st_qword
                0x0000000008008d9a      0x110 ./Middlewares/Third_Party/FatFs/src/ff.o
 .text.mem_cpy  0x0000000008008eaa       0x42 ./Middlewares/Third_Party/FatFs/src/ff.o
 .text.mem_set  0x0000000008008eec       0x36 ./Middlewares/Third_Party/FatFs/src/ff.o
 .text.mem_cmp  0x0000000008008f22       0x4e ./Middlewares/Third_Party/FatFs/src/ff.o
 .text.chk_chr  0x0000000008008f70       0x36 ./Middlewares/Third_Party/FatFs/src/ff.o
 *fill*         0x0000000008008fa6        0x2 
 .text.chk_lock
                0x0000000008008fa8       0xb8 ./Middlewares/Third_Party/FatFs/src/ff.o
 .text.enq_lock
                0x0000000008009060       0x44 ./Middlewares/Third_Party/FatFs/src/ff.o
 .text.inc_lock
                0x00000000080090a4      0x11c ./Middlewares/Third_Party/FatFs/src/ff.o
 .text.dec_lock
                0x00000000080091c0       0x78 ./Middlewares/Third_Party/FatFs/src/ff.o
 .text.clear_lock
                0x0000000008009238       0x48 ./Middlewares/Third_Party/FatFs/src/ff.o
 .text.sync_window
                0x0000000008009280       0x88 ./Middlewares/Third_Party/FatFs/src/ff.o
 .text.move_window
                0x0000000008009308       0x5a ./Middlewares/Third_Party/FatFs/src/ff.o
 *fill*         0x0000000008009362        0x2 
 .text.sync_fs  0x0000000008009364       0xe0 ./Middlewares/Third_Party/FatFs/src/ff.o
 .text.clust2sect
                0x0000000008009444       0x3e ./Middlewares/Third_Party/FatFs/src/ff.o
 *fill*         0x0000000008009482        0x2 
 .text.get_fat  0x0000000008009484      0x2a4 ./Middlewares/Third_Party/FatFs/src/ff.o
 .text.put_fat  0x0000000008009728      0x240 ./Middlewares/Third_Party/FatFs/src/ff.o
 .text.find_bitmap
                0x0000000008009968      0x10e ./Middlewares/Third_Party/FatFs/src/ff.o
 .text.change_bitmap
                0x0000000008009a76       0xea ./Middlewares/Third_Party/FatFs/src/ff.o
 .text.fill_first_frag
                0x0000000008009b60       0x5e ./Middlewares/Third_Party/FatFs/src/ff.o
 .text.fill_last_frag
                0x0000000008009bbe       0x62 ./Middlewares/Third_Party/FatFs/src/ff.o
 .text.remove_chain
                0x0000000008009c20      0x168 ./Middlewares/Third_Party/FatFs/src/ff.o
 .text.create_chain
                0x0000000008009d88      0x202 ./Middlewares/Third_Party/FatFs/src/ff.o
 .text.clmt_clust
                0x0000000008009f8a       0x88 ./Middlewares/Third_Party/FatFs/src/ff.o
 .text.dir_sdi  0x000000000800a012      0x128 ./Middlewares/Third_Party/FatFs/src/ff.o
 .text.dir_next
                0x000000000800a13a      0x1cc ./Middlewares/Third_Party/FatFs/src/ff.o
 .text.dir_alloc
                0x000000000800a306       0xb8 ./Middlewares/Third_Party/FatFs/src/ff.o
 .text.ld_clust
                0x000000000800a3be       0x3e ./Middlewares/Third_Party/FatFs/src/ff.o
 .text.st_clust
                0x000000000800a3fc       0x40 ./Middlewares/Third_Party/FatFs/src/ff.o
 .text.cmp_lfn  0x000000000800a43c       0xe0 ./Middlewares/Third_Party/FatFs/src/ff.o
 .text.pick_lfn
                0x000000000800a51c       0xc8 ./Middlewares/Third_Party/FatFs/src/ff.o
 .text.put_lfn  0x000000000800a5e4       0xd0 ./Middlewares/Third_Party/FatFs/src/ff.o
 .text.gen_numname
                0x000000000800a6b4      0x120 ./Middlewares/Third_Party/FatFs/src/ff.o
 .text.sum_sfn  0x000000000800a7d4       0x42 ./Middlewares/Third_Party/FatFs/src/ff.o
 .text.xdir_sum
                0x000000000800a816       0x66 ./Middlewares/Third_Party/FatFs/src/ff.o
 .text.xname_sum
                0x000000000800a87c       0x68 ./Middlewares/Third_Party/FatFs/src/ff.o
 .text.get_xdir_info
                0x000000000800a8e4      0x104 ./Middlewares/Third_Party/FatFs/src/ff.o
 .text.load_xdir
                0x000000000800a9e8      0x17c ./Middlewares/Third_Party/FatFs/src/ff.o
 .text.load_obj_dir
                0x000000000800ab64       0x76 ./Middlewares/Third_Party/FatFs/src/ff.o
 .text.store_xdir
                0x000000000800abda       0xb6 ./Middlewares/Third_Party/FatFs/src/ff.o
 .text.create_xdir
                0x000000000800ac90       0xce ./Middlewares/Third_Party/FatFs/src/ff.o
 .text.dir_read
                0x000000000800ad5e      0x18e ./Middlewares/Third_Party/FatFs/src/ff.o
 .text.dir_find
                0x000000000800aeec      0x252 ./Middlewares/Third_Party/FatFs/src/ff.o
 *fill*         0x000000000800b13e        0x2 
 .text.dir_register
                0x000000000800b140      0x34c ./Middlewares/Third_Party/FatFs/src/ff.o
 .text.get_fileinfo
                0x000000000800b48c      0x1d8 ./Middlewares/Third_Party/FatFs/src/ff.o
 .text.create_name
                0x000000000800b664      0x370 ./Middlewares/Third_Party/FatFs/src/ff.o
 .text.follow_path
                0x000000000800b9d4      0x15c ./Middlewares/Third_Party/FatFs/src/ff.o
 .text.get_ldnumber
                0x000000000800bb30       0x88 ./Middlewares/Third_Party/FatFs/src/ff.o
 .text.check_fs
                0x000000000800bbb8       0xc8 ./Middlewares/Third_Party/FatFs/src/ff.o
 .text.find_volume
                0x000000000800bc80      0x720 ./Middlewares/Third_Party/FatFs/src/ff.o
 .text.validate
                0x000000000800c3a0       0x6a ./Middlewares/Third_Party/FatFs/src/ff.o
 *fill*         0x000000000800c40a        0x2 
 .text.f_mount  0x000000000800c40c       0x8c ./Middlewares/Third_Party/FatFs/src/ff.o
                0x000000000800c40c                f_mount
 .text.f_open   0x000000000800c498      0x562 ./Middlewares/Third_Party/FatFs/src/ff.o
                0x000000000800c498                f_open
 .text.f_read   0x000000000800c9fa      0x318 ./Middlewares/Third_Party/FatFs/src/ff.o
                0x000000000800c9fa                f_read
 .text.f_sync   0x000000000800cd12      0x23c ./Middlewares/Third_Party/FatFs/src/ff.o
                0x000000000800cd12                f_sync
 .text.f_close  0x000000000800cf4e       0x54 ./Middlewares/Third_Party/FatFs/src/ff.o
                0x000000000800cf4e                f_close
 .text.f_opendir
                0x000000000800cfa2      0x152 ./Middlewares/Third_Party/FatFs/src/ff.o
                0x000000000800cfa2                f_opendir
 .text.f_closedir
                0x000000000800d0f4       0x4c ./Middlewares/Third_Party/FatFs/src/ff.o
                0x000000000800d0f4                f_closedir
 .text.f_readdir
                0x000000000800d140       0x7a ./Middlewares/Third_Party/FatFs/src/ff.o
                0x000000000800d140                f_readdir
 .text.f_stat   0x000000000800d1ba       0x72 ./Middlewares/Third_Party/FatFs/src/ff.o
                0x000000000800d1ba                f_stat
 .text.f_getfree
                0x000000000800d22c      0x20e ./Middlewares/Third_Party/FatFs/src/ff.o
                0x000000000800d22c                f_getfree
 *fill*         0x000000000800d43a        0x2 
 .text.FATFS_LinkDriverEx
                0x000000000800d43c       0x98 ./Middlewares/Third_Party/FatFs/src/ff_gen_drv.o
                0x000000000800d43c                FATFS_LinkDriverEx
 .text.FATFS_LinkDriver
                0x000000000800d4d4       0x1e ./Middlewares/Third_Party/FatFs/src/ff_gen_drv.o
                0x000000000800d4d4                FATFS_LinkDriver
 *fill*         0x000000000800d4f2        0x2 
 .text.ff_convert
                0x000000000800d4f4       0x78 ./Middlewares/Third_Party/FatFs/src/option/ccsbcs.o
                0x000000000800d4f4                ff_convert
 .text.ff_wtoupper
                0x000000000800d56c      0x114 ./Middlewares/Third_Party/FatFs/src/option/ccsbcs.o
                0x000000000800d56c                ff_wtoupper
 .text.MX_USB_HOST_Init
                0x000000000800d680       0x4c ./USB_HOST/App/usb_host.o
                0x000000000800d680                MX_USB_HOST_Init
 .text.MX_USB_HOST_Process
                0x000000000800d6cc       0x14 ./USB_HOST/App/usb_host.o
                0x000000000800d6cc                MX_USB_HOST_Process
 .text.USBH_UserProcess
                0x000000000800d6e0       0xf8 ./USB_HOST/App/usb_host.o
 .text.HAL_HCD_MspInit
                0x000000000800d7d8       0xc4 ./USB_HOST/Target/usbh_conf.o
                0x000000000800d7d8                HAL_HCD_MspInit
 .text.HAL_HCD_SOF_Callback
                0x000000000800d89c       0x1c ./USB_HOST/Target/usbh_conf.o
                0x000000000800d89c                HAL_HCD_SOF_Callback
 .text.HAL_HCD_Connect_Callback
                0x000000000800d8b8       0x1c ./USB_HOST/Target/usbh_conf.o
                0x000000000800d8b8                HAL_HCD_Connect_Callback
 .text.HAL_HCD_Disconnect_Callback
                0x000000000800d8d4       0x1c ./USB_HOST/Target/usbh_conf.o
                0x000000000800d8d4                HAL_HCD_Disconnect_Callback
 .text.HAL_HCD_HC_NotifyURBChange_Callback
                0x000000000800d8f0       0x1c ./USB_HOST/Target/usbh_conf.o
                0x000000000800d8f0                HAL_HCD_HC_NotifyURBChange_Callback
 .text.HAL_HCD_PortEnabled_Callback
                0x000000000800d90c       0x1c ./USB_HOST/Target/usbh_conf.o
                0x000000000800d90c                HAL_HCD_PortEnabled_Callback
 .text.HAL_HCD_PortDisabled_Callback
                0x000000000800d928       0x1c ./USB_HOST/Target/usbh_conf.o
                0x000000000800d928                HAL_HCD_PortDisabled_Callback
 .text.USBH_LL_Init
                0x000000000800d944       0x78 ./USB_HOST/Target/usbh_conf.o
                0x000000000800d944                USBH_LL_Init
 .text.USBH_LL_Start
                0x000000000800d9bc       0x36 ./USB_HOST/Target/usbh_conf.o
                0x000000000800d9bc                USBH_LL_Start
 .text.USBH_LL_Stop
                0x000000000800d9f2       0x36 ./USB_HOST/Target/usbh_conf.o
                0x000000000800d9f2                USBH_LL_Stop
 .text.USBH_LL_GetSpeed
                0x000000000800da28       0x4e ./USB_HOST/Target/usbh_conf.o
                0x000000000800da28                USBH_LL_GetSpeed
 .text.USBH_LL_ResetPort
                0x000000000800da76       0x36 ./USB_HOST/Target/usbh_conf.o
                0x000000000800da76                USBH_LL_ResetPort
 .text.USBH_LL_GetLastXferSize
                0x000000000800daac       0x26 ./USB_HOST/Target/usbh_conf.o
                0x000000000800daac                USBH_LL_GetLastXferSize
 .text.USBH_LL_OpenPipe
                0x000000000800dad2       0x5e ./USB_HOST/Target/usbh_conf.o
                0x000000000800dad2                USBH_LL_OpenPipe
 .text.USBH_LL_ClosePipe
                0x000000000800db30       0x3e ./USB_HOST/Target/usbh_conf.o
                0x000000000800db30                USBH_LL_ClosePipe
 .text.USBH_LL_SubmitURB
                0x000000000800db6e       0x62 ./USB_HOST/Target/usbh_conf.o
                0x000000000800db6e                USBH_LL_SubmitURB
 .text.USBH_LL_GetURBState
                0x000000000800dbd0       0x26 ./USB_HOST/Target/usbh_conf.o
                0x000000000800dbd0                USBH_LL_GetURBState
 .text.USBH_LL_DriverVBUS
                0x000000000800dbf6       0x2e ./USB_HOST/Target/usbh_conf.o
                0x000000000800dbf6                USBH_LL_DriverVBUS
 .text.USBH_LL_SetToggle
                0x000000000800dc24       0x60 ./USB_HOST/Target/usbh_conf.o
                0x000000000800dc24                USBH_LL_SetToggle
 .text.USBH_LL_GetToggle
                0x000000000800dc84       0x60 ./USB_HOST/Target/usbh_conf.o
                0x000000000800dc84                USBH_LL_GetToggle
 .text.USBH_Delay
                0x000000000800dce4       0x16 ./USB_HOST/Target/usbh_conf.o
                0x000000000800dce4                USBH_Delay
 *fill*         0x000000000800dcfa        0x2 
 .text.USBH_Get_USB_Status
                0x000000000800dcfc       0x58 ./USB_HOST/Target/usbh_conf.o
                0x000000000800dcfc                USBH_Get_USB_Status
 .text.MX_DriverVbusFS
                0x000000000800dd54       0x38 ./USB_HOST/Target/usbh_platform.o
                0x000000000800dd54                MX_DriverVbusFS
 .text.__errno  0x000000000800dd8c        0xc c:/st/stm32cubeide_1.7.0/stm32cubeide/plugins/com.st.stm32cube.ide.mcu.externaltools.gnu-tools-for-stm32.9-2020-q2-update.win32_2.0.0.202105311346/tools/bin/../lib/gcc/arm-none-eabi/9.3.1/../../../../arm-none-eabi/lib/thumb/v7e-m+fp/hard\libc_nano.a(lib_a-errno.o)
                0x000000000800dd8c                __errno
 .text.__libc_init_array
                0x000000000800dd98       0x48 c:/st/stm32cubeide_1.7.0/stm32cubeide/plugins/com.st.stm32cube.ide.mcu.externaltools.gnu-tools-for-stm32.9-2020-q2-update.win32_2.0.0.202105311346/tools/bin/../lib/gcc/arm-none-eabi/9.3.1/../../../../arm-none-eabi/lib/thumb/v7e-m+fp/hard\libc_nano.a(lib_a-init.o)
                0x000000000800dd98                __libc_init_array
 .text.malloc   0x000000000800dde0       0x10 c:/st/stm32cubeide_1.7.0/stm32cubeide/plugins/com.st.stm32cube.ide.mcu.externaltools.gnu-tools-for-stm32.9-2020-q2-update.win32_2.0.0.202105311346/tools/bin/../lib/gcc/arm-none-eabi/9.3.1/../../../../arm-none-eabi/lib/thumb/v7e-m+fp/hard\libc_nano.a(lib_a-malloc.o)
                0x000000000800dde0                malloc
 .text.free     0x000000000800ddf0       0x10 c:/st/stm32cubeide_1.7.0/stm32cubeide/plugins/com.st.stm32cube.ide.mcu.externaltools.gnu-tools-for-stm32.9-2020-q2-update.win32_2.0.0.202105311346/tools/bin/../lib/gcc/arm-none-eabi/9.3.1/../../../../arm-none-eabi/lib/thumb/v7e-m+fp/hard\libc_nano.a(lib_a-malloc.o)
                0x000000000800ddf0                free
 .text.memcpy   0x000000000800de00       0x1c c:/st/stm32cubeide_1.7.0/stm32cubeide/plugins/com.st.stm32cube.ide.mcu.externaltools.gnu-tools-for-stm32.9-2020-q2-update.win32_2.0.0.202105311346/tools/bin/../lib/gcc/arm-none-eabi/9.3.1/../../../../arm-none-eabi/lib/thumb/v7e-m+fp/hard\libc_nano.a(lib_a-memcpy-stub.o)
                0x000000000800de00                memcpy
 .text.memset   0x000000000800de1c       0x10 c:/st/stm32cubeide_1.7.0/stm32cubeide/plugins/com.st.stm32cube.ide.mcu.externaltools.gnu-tools-for-stm32.9-2020-q2-update.win32_2.0.0.202105311346/tools/bin/../lib/gcc/arm-none-eabi/9.3.1/../../../../arm-none-eabi/lib/thumb/v7e-m+fp/hard\libc_nano.a(lib_a-memset.o)
                0x000000000800de1c                memset
 .text._free_r  0x000000000800de2c       0xa0 c:/st/stm32cubeide_1.7.0/stm32cubeide/plugins/com.st.stm32cube.ide.mcu.externaltools.gnu-tools-for-stm32.9-2020-q2-update.win32_2.0.0.202105311346/tools/bin/../lib/gcc/arm-none-eabi/9.3.1/../../../../arm-none-eabi/lib/thumb/v7e-m+fp/hard\libc_nano.a(lib_a-nano-freer.o)
                0x000000000800de2c                _free_r
 .text._malloc_r
                0x000000000800decc       0xb4 c:/st/stm32cubeide_1.7.0/stm32cubeide/plugins/com.st.stm32cube.ide.mcu.externaltools.gnu-tools-for-stm32.9-2020-q2-update.win32_2.0.0.202105311346/tools/bin/../lib/gcc/arm-none-eabi/9.3.1/../../../../arm-none-eabi/lib/thumb/v7e-m+fp/hard\libc_nano.a(lib_a-nano-mallocr.o)
                0x000000000800decc                _malloc_r
 .text.printf   0x000000000800df80       0x30 c:/st/stm32cubeide_1.7.0/stm32cubeide/plugins/com.st.stm32cube.ide.mcu.externaltools.gnu-tools-for-stm32.9-2020-q2-update.win32_2.0.0.202105311346/tools/bin/../lib/gcc/arm-none-eabi/9.3.1/../../../../arm-none-eabi/lib/thumb/v7e-m+fp/hard\libc_nano.a(lib_a-printf.o)
                0x000000000800df80                iprintf
                0x000000000800df80                printf
 .text._puts_r  0x000000000800dfb0       0xdc c:/st/stm32cubeide_1.7.0/stm32cubeide/plugins/com.st.stm32cube.ide.mcu.externaltools.gnu-tools-for-stm32.9-2020-q2-update.win32_2.0.0.202105311346/tools/bin/../lib/gcc/arm-none-eabi/9.3.1/../../../../arm-none-eabi/lib/thumb/v7e-m+fp/hard\libc_nano.a(lib_a-puts.o)
                0x000000000800dfb0                _puts_r
 .text.puts     0x000000000800e08c       0x10 c:/st/stm32cubeide_1.7.0/stm32cubeide/plugins/com.st.stm32cube.ide.mcu.externaltools.gnu-tools-for-stm32.9-2020-q2-update.win32_2.0.0.202105311346/tools/bin/../lib/gcc/arm-none-eabi/9.3.1/../../../../arm-none-eabi/lib/thumb/v7e-m+fp/hard\libc_nano.a(lib_a-puts.o)
                0x000000000800e08c                puts
 .text._sbrk_r  0x000000000800e09c       0x20 c:/st/stm32cubeide_1.7.0/stm32cubeide/plugins/com.st.stm32cube.ide.mcu.externaltools.gnu-tools-for-stm32.9-2020-q2-update.win32_2.0.0.202105311346/tools/bin/../lib/gcc/arm-none-eabi/9.3.1/../../../../arm-none-eabi/lib/thumb/v7e-m+fp/hard\libc_nano.a(lib_a-sbrkr.o)
                0x000000000800e09c                _sbrk_r
 .text.scanf    0x000000000800e0bc       0x30 c:/st/stm32cubeide_1.7.0/stm32cubeide/plugins/com.st.stm32cube.ide.mcu.externaltools.gnu-tools-for-stm32.9-2020-q2-update.win32_2.0.0.202105311346/tools/bin/../lib/gcc/arm-none-eabi/9.3.1/../../../../arm-none-eabi/lib/thumb/v7e-m+fp/hard\libc_nano.a(lib_a-scanf.o)
                0x000000000800e0bc                scanf
                0x000000000800e0bc                iscanf
 .text.setvbuf  0x000000000800e0ec      0x18c c:/st/stm32cubeide_1.7.0/stm32cubeide/plugins/com.st.stm32cube.ide.mcu.externaltools.gnu-tools-for-stm32.9-2020-q2-update.win32_2.0.0.202105311346/tools/bin/../lib/gcc/arm-none-eabi/9.3.1/../../../../arm-none-eabi/lib/thumb/v7e-m+fp/hard\libc_nano.a(lib_a-setvbuf.o)
                0x000000000800e0ec                setvbuf
 .text.snprintf
                0x000000000800e278       0x68 c:/st/stm32cubeide_1.7.0/stm32cubeide/plugins/com.st.stm32cube.ide.mcu.externaltools.gnu-tools-for-stm32.9-2020-q2-update.win32_2.0.0.202105311346/tools/bin/../lib/gcc/arm-none-eabi/9.3.1/../../../../arm-none-eabi/lib/thumb/v7e-m+fp/hard\libc_nano.a(lib_a-snprintf.o)
                0x000000000800e278                sniprintf
                0x000000000800e278                snprintf
 .text.sprintf  0x000000000800e2e0       0x40 c:/st/stm32cubeide_1.7.0/stm32cubeide/plugins/com.st.stm32cube.ide.mcu.externaltools.gnu-tools-for-stm32.9-2020-q2-update.win32_2.0.0.202105311346/tools/bin/../lib/gcc/arm-none-eabi/9.3.1/../../../../arm-none-eabi/lib/thumb/v7e-m+fp/hard\libc_nano.a(lib_a-sprintf.o)
                0x000000000800e2e0                siprintf
                0x000000000800e2e0                sprintf
 .text.__swbuf_r
                0x000000000800e320       0xa4 c:/st/stm32cubeide_1.7.0/stm32cubeide/plugins/com.st.stm32cube.ide.mcu.externaltools.gnu-tools-for-stm32.9-2020-q2-update.win32_2.0.0.202105311346/tools/bin/../lib/gcc/arm-none-eabi/9.3.1/../../../../arm-none-eabi/lib/thumb/v7e-m+fp/hard\libc_nano.a(lib_a-wbuf.o)
                0x000000000800e320                __swbuf_r
 .text.__swsetup_r
                0x000000000800e3c4       0xdc c:/st/stm32cubeide_1.7.0/stm32cubeide/plugins/com.st.stm32cube.ide.mcu.externaltools.gnu-tools-for-stm32.9-2020-q2-update.win32_2.0.0.202105311346/tools/bin/../lib/gcc/arm-none-eabi/9.3.1/../../../../arm-none-eabi/lib/thumb/v7e-m+fp/hard\libc_nano.a(lib_a-wsetup.o)
                0x000000000800e3c4                __swsetup_r
 .text.__sflush_r
                0x000000000800e4a0      0x10c c:/st/stm32cubeide_1.7.0/stm32cubeide/plugins/com.st.stm32cube.ide.mcu.externaltools.gnu-tools-for-stm32.9-2020-q2-update.win32_2.0.0.202105311346/tools/bin/../lib/gcc/arm-none-eabi/9.3.1/../../../../arm-none-eabi/lib/thumb/v7e-m+fp/hard\libc_nano.a(lib_a-fflush.o)
                0x000000000800e4a0                __sflush_r
 .text._fflush_r
                0x000000000800e5ac       0x78 c:/st/stm32cubeide_1.7.0/stm32cubeide/plugins/com.st.stm32cube.ide.mcu.externaltools.gnu-tools-for-stm32.9-2020-q2-update.win32_2.0.0.202105311346/tools/bin/../lib/gcc/arm-none-eabi/9.3.1/../../../../arm-none-eabi/lib/thumb/v7e-m+fp/hard\libc_nano.a(lib_a-fflush.o)
                0x000000000800e5ac                _fflush_r
 .text.fflush   0x000000000800e624       0x24 c:/st/stm32cubeide_1.7.0/stm32cubeide/plugins/com.st.stm32cube.ide.mcu.externaltools.gnu-tools-for-stm32.9-2020-q2-update.win32_2.0.0.202105311346/tools/bin/../lib/gcc/arm-none-eabi/9.3.1/../../../../arm-none-eabi/lib/thumb/v7e-m+fp/hard\libc_nano.a(lib_a-fflush.o)
                0x000000000800e624                fflush
 .text.std      0x000000000800e648       0x48 c:/st/stm32cubeide_1.7.0/stm32cubeide/plugins/com.st.stm32cube.ide.mcu.externaltools.gnu-tools-for-stm32.9-2020-q2-update.win32_2.0.0.202105311346/tools/bin/../lib/gcc/arm-none-eabi/9.3.1/../../../../arm-none-eabi/lib/thumb/v7e-m+fp/hard\libc_nano.a(lib_a-findfp.o)
 .text._cleanup_r
                0x000000000800e690        0xc c:/st/stm32cubeide_1.7.0/stm32cubeide/plugins/com.st.stm32cube.ide.mcu.externaltools.gnu-tools-for-stm32.9-2020-q2-update.win32_2.0.0.202105311346/tools/bin/../lib/gcc/arm-none-eabi/9.3.1/../../../../arm-none-eabi/lib/thumb/v7e-m+fp/hard\libc_nano.a(lib_a-findfp.o)
                0x000000000800e690                _cleanup_r
 .text.__sfmoreglue
                0x000000000800e69c       0x2c c:/st/stm32cubeide_1.7.0/stm32cubeide/plugins/com.st.stm32cube.ide.mcu.externaltools.gnu-tools-for-stm32.9-2020-q2-update.win32_2.0.0.202105311346/tools/bin/../lib/gcc/arm-none-eabi/9.3.1/../../../../arm-none-eabi/lib/thumb/v7e-m+fp/hard\libc_nano.a(lib_a-findfp.o)
                0x000000000800e69c                __sfmoreglue
 .text.__sfp_lock_acquire
                0x000000000800e6c8        0xc c:/st/stm32cubeide_1.7.0/stm32cubeide/plugins/com.st.stm32cube.ide.mcu.externaltools.gnu-tools-for-stm32.9-2020-q2-update.win32_2.0.0.202105311346/tools/bin/../lib/gcc/arm-none-eabi/9.3.1/../../../../arm-none-eabi/lib/thumb/v7e-m+fp/hard\libc_nano.a(lib_a-findfp.o)
                0x000000000800e6c8                __sfp_lock_acquire
 .text.__sfp_lock_release
                0x000000000800e6d4        0xc c:/st/stm32cubeide_1.7.0/stm32cubeide/plugins/com.st.stm32cube.ide.mcu.externaltools.gnu-tools-for-stm32.9-2020-q2-update.win32_2.0.0.202105311346/tools/bin/../lib/gcc/arm-none-eabi/9.3.1/../../../../arm-none-eabi/lib/thumb/v7e-m+fp/hard\libc_nano.a(lib_a-findfp.o)
                0x000000000800e6d4                __sfp_lock_release
 .text.__sinit_lock_acquire
                0x000000000800e6e0        0xc c:/st/stm32cubeide_1.7.0/stm32cubeide/plugins/com.st.stm32cube.ide.mcu.externaltools.gnu-tools-for-stm32.9-2020-q2-update.win32_2.0.0.202105311346/tools/bin/../lib/gcc/arm-none-eabi/9.3.1/../../../../arm-none-eabi/lib/thumb/v7e-m+fp/hard\libc_nano.a(lib_a-findfp.o)
                0x000000000800e6e0                __sinit_lock_acquire
 .text.__sinit_lock_release
                0x000000000800e6ec        0xc c:/st/stm32cubeide_1.7.0/stm32cubeide/plugins/com.st.stm32cube.ide.mcu.externaltools.gnu-tools-for-stm32.9-2020-q2-update.win32_2.0.0.202105311346/tools/bin/../lib/gcc/arm-none-eabi/9.3.1/../../../../arm-none-eabi/lib/thumb/v7e-m+fp/hard\libc_nano.a(lib_a-findfp.o)
                0x000000000800e6ec                __sinit_lock_release
 .text.__sinit  0x000000000800e6f8       0x70 c:/st/stm32cubeide_1.7.0/stm32cubeide/plugins/com.st.stm32cube.ide.mcu.externaltools.gnu-tools-for-stm32.9-2020-q2-update.win32_2.0.0.202105311346/tools/bin/../lib/gcc/arm-none-eabi/9.3.1/../../../../arm-none-eabi/lib/thumb/v7e-m+fp/hard\libc_nano.a(lib_a-findfp.o)
                0x000000000800e6f8                __sinit
 .text.__sfp    0x000000000800e768       0x8c c:/st/stm32cubeide_1.7.0/stm32cubeide/plugins/com.st.stm32cube.ide.mcu.externaltools.gnu-tools-for-stm32.9-2020-q2-update.win32_2.0.0.202105311346/tools/bin/../lib/gcc/arm-none-eabi/9.3.1/../../../../arm-none-eabi/lib/thumb/v7e-m+fp/hard\libc_nano.a(lib_a-findfp.o)
                0x000000000800e768                __sfp
 .text._fwalk   0x000000000800e7f4       0x3a c:/st/stm32cubeide_1.7.0/stm32cubeide/plugins/com.st.stm32cube.ide.mcu.externaltools.gnu-tools-for-stm32.9-2020-q2-update.win32_2.0.0.202105311346/tools/bin/../lib/gcc/arm-none-eabi/9.3.1/../../../../arm-none-eabi/lib/thumb/v7e-m+fp/hard\libc_nano.a(lib_a-fwalk.o)
                0x000000000800e7f4                _fwalk
 .text._fwalk_reent
                0x000000000800e82e       0x3e c:/st/stm32cubeide_1.7.0/stm32cubeide/plugins/com.st.stm32cube.ide.mcu.externaltools.gnu-tools-for-stm32.9-2020-q2-update.win32_2.0.0.202105311346/tools/bin/../lib/gcc/arm-none-eabi/9.3.1/../../../../arm-none-eabi/lib/thumb/v7e-m+fp/hard\libc_nano.a(lib_a-fwalk.o)
                0x000000000800e82e                _fwalk_reent
 .text.__retarget_lock_init_recursive
                0x000000000800e86c        0x2 c:/st/stm32cubeide_1.7.0/stm32cubeide/plugins/com.st.stm32cube.ide.mcu.externaltools.gnu-tools-for-stm32.9-2020-q2-update.win32_2.0.0.202105311346/tools/bin/../lib/gcc/arm-none-eabi/9.3.1/../../../../arm-none-eabi/lib/thumb/v7e-m+fp/hard\libc_nano.a(lib_a-lock.o)
                0x000000000800e86c                __retarget_lock_init_recursive
 .text.__retarget_lock_acquire_recursive
                0x000000000800e86e        0x2 c:/st/stm32cubeide_1.7.0/stm32cubeide/plugins/com.st.stm32cube.ide.mcu.externaltools.gnu-tools-for-stm32.9-2020-q2-update.win32_2.0.0.202105311346/tools/bin/../lib/gcc/arm-none-eabi/9.3.1/../../../../arm-none-eabi/lib/thumb/v7e-m+fp/hard\libc_nano.a(lib_a-lock.o)
                0x000000000800e86e                __retarget_lock_acquire_recursive
 .text.__retarget_lock_release_recursive
                0x000000000800e870        0x2 c:/st/stm32cubeide_1.7.0/stm32cubeide/plugins/com.st.stm32cube.ide.mcu.externaltools.gnu-tools-for-stm32.9-2020-q2-update.win32_2.0.0.202105311346/tools/bin/../lib/gcc/arm-none-eabi/9.3.1/../../../../arm-none-eabi/lib/thumb/v7e-m+fp/hard\libc_nano.a(lib_a-lock.o)
                0x000000000800e870                __retarget_lock_release_recursive
 .text.__swhatbuf_r
                0x000000000800e872       0x48 c:/st/stm32cubeide_1.7.0/stm32cubeide/plugins/com.st.stm32cube.ide.mcu.externaltools.gnu-tools-for-stm32.9-2020-q2-update.win32_2.0.0.202105311346/tools/bin/../lib/gcc/arm-none-eabi/9.3.1/../../../../arm-none-eabi/lib/thumb/v7e-m+fp/hard\libc_nano.a(lib_a-makebuf.o)
                0x000000000800e872                __swhatbuf_r
 *fill*         0x000000000800e8ba        0x2 
 .text.__smakebuf_r
                0x000000000800e8bc       0x80 c:/st/stm32cubeide_1.7.0/stm32cubeide/plugins/com.st.stm32cube.ide.mcu.externaltools.gnu-tools-for-stm32.9-2020-q2-update.win32_2.0.0.202105311346/tools/bin/../lib/gcc/arm-none-eabi/9.3.1/../../../../arm-none-eabi/lib/thumb/v7e-m+fp/hard\libc_nano.a(lib_a-makebuf.o)
                0x000000000800e8bc                __smakebuf_r
 .text.__malloc_lock
                0x000000000800e93c        0xc c:/st/stm32cubeide_1.7.0/stm32cubeide/plugins/com.st.stm32cube.ide.mcu.externaltools.gnu-tools-for-stm32.9-2020-q2-update.win32_2.0.0.202105311346/tools/bin/../lib/gcc/arm-none-eabi/9.3.1/../../../../arm-none-eabi/lib/thumb/v7e-m+fp/hard\libc_nano.a(lib_a-mlock.o)
                0x000000000800e93c                __malloc_lock
 .text.__malloc_unlock
                0x000000000800e948        0xc c:/st/stm32cubeide_1.7.0/stm32cubeide/plugins/com.st.stm32cube.ide.mcu.externaltools.gnu-tools-for-stm32.9-2020-q2-update.win32_2.0.0.202105311346/tools/bin/../lib/gcc/arm-none-eabi/9.3.1/../../../../arm-none-eabi/lib/thumb/v7e-m+fp/hard\libc_nano.a(lib_a-mlock.o)
                0x000000000800e948                __malloc_unlock
 .text.__ssputs_r
                0x000000000800e954       0xb6 c:/st/stm32cubeide_1.7.0/stm32cubeide/plugins/com.st.stm32cube.ide.mcu.externaltools.gnu-tools-for-stm32.9-2020-q2-update.win32_2.0.0.202105311346/tools/bin/../lib/gcc/arm-none-eabi/9.3.1/../../../../arm-none-eabi/lib/thumb/v7e-m+fp/hard\libc_nano.a(lib_a-nano-svfprintf.o)
                0x000000000800e954                __ssputs_r
 *fill*         0x000000000800ea0a        0x2 
 .text._svfprintf_r
                0x000000000800ea0c      0x200 c:/st/stm32cubeide_1.7.0/stm32cubeide/plugins/com.st.stm32cube.ide.mcu.externaltools.gnu-tools-for-stm32.9-2020-q2-update.win32_2.0.0.202105311346/tools/bin/../lib/gcc/arm-none-eabi/9.3.1/../../../../arm-none-eabi/lib/thumb/v7e-m+fp/hard\libc_nano.a(lib_a-nano-svfprintf.o)
                0x000000000800ea0c                _svfiprintf_r
                0x000000000800ea0c                _svfprintf_r
 .text.__sfputc_r
                0x000000000800ec0c       0x2e c:/st/stm32cubeide_1.7.0/stm32cubeide/plugins/com.st.stm32cube.ide.mcu.externaltools.gnu-tools-for-stm32.9-2020-q2-update.win32_2.0.0.202105311346/tools/bin/../lib/gcc/arm-none-eabi/9.3.1/../../../../arm-none-eabi/lib/thumb/v7e-m+fp/hard\libc_nano.a(lib_a-nano-vfprintf.o)
 .text.__sfputs_r
                0x000000000800ec3a       0x24 c:/st/stm32cubeide_1.7.0/stm32cubeide/plugins/com.st.stm32cube.ide.mcu.externaltools.gnu-tools-for-stm32.9-2020-q2-update.win32_2.0.0.202105311346/tools/bin/../lib/gcc/arm-none-eabi/9.3.1/../../../../arm-none-eabi/lib/thumb/v7e-m+fp/hard\libc_nano.a(lib_a-nano-vfprintf.o)
                0x000000000800ec3a                __sfputs_r
 *fill*         0x000000000800ec5e        0x2 
 .text._vfprintf_r
                0x000000000800ec60      0x260 c:/st/stm32cubeide_1.7.0/stm32cubeide/plugins/com.st.stm32cube.ide.mcu.externaltools.gnu-tools-for-stm32.9-2020-q2-update.win32_2.0.0.202105311346/tools/bin/../lib/gcc/arm-none-eabi/9.3.1/../../../../arm-none-eabi/lib/thumb/v7e-m+fp/hard\libc_nano.a(lib_a-nano-vfprintf.o)
                0x000000000800ec60                _vfprintf_r
                0x000000000800ec60                _vfiprintf_r
 .text._printf_common
                0x000000000800eec0       0xda c:/st/stm32cubeide_1.7.0/stm32cubeide/plugins/com.st.stm32cube.ide.mcu.externaltools.gnu-tools-for-stm32.9-2020-q2-update.win32_2.0.0.202105311346/tools/bin/../lib/gcc/arm-none-eabi/9.3.1/../../../../arm-none-eabi/lib/thumb/v7e-m+fp/hard\libc_nano.a(lib_a-nano-vfprintf_i.o)
                0x000000000800eec0                _printf_common
 *fill*         0x000000000800ef9a        0x2 
 .text._printf_i
                0x000000000800ef9c      0x24c c:/st/stm32cubeide_1.7.0/stm32cubeide/plugins/com.st.stm32cube.ide.mcu.externaltools.gnu-tools-for-stm32.9-2020-q2-update.win32_2.0.0.202105311346/tools/bin/../lib/gcc/arm-none-eabi/9.3.1/../../../../arm-none-eabi/lib/thumb/v7e-m+fp/hard\libc_nano.a(lib_a-nano-vfprintf_i.o)
                0x000000000800ef9c                _printf_i
 .text.__svfscanf_r
                0x000000000800f1e8      0x348 c:/st/stm32cubeide_1.7.0/stm32cubeide/plugins/com.st.stm32cube.ide.mcu.externaltools.gnu-tools-for-stm32.9-2020-q2-update.win32_2.0.0.202105311346/tools/bin/../lib/gcc/arm-none-eabi/9.3.1/../../../../arm-none-eabi/lib/thumb/v7e-m+fp/hard\libc_nano.a(lib_a-nano-vfscanf.o)
                0x000000000800f1e8                __svfscanf_r
                0x000000000800f1e8                __svfiscanf_r
 .text._vfscanf_r
                0x000000000800f530       0x50 c:/st/stm32cubeide_1.7.0/stm32cubeide/plugins/com.st.stm32cube.ide.mcu.externaltools.gnu-tools-for-stm32.9-2020-q2-update.win32_2.0.0.202105311346/tools/bin/../lib/gcc/arm-none-eabi/9.3.1/../../../../arm-none-eabi/lib/thumb/v7e-m+fp/hard\libc_nano.a(lib_a-nano-vfscanf.o)
                0x000000000800f530                _vfscanf_r
                0x000000000800f530                _vfiscanf_r
 .text._scanf_chars
                0x000000000800f580       0xb0 c:/st/stm32cubeide_1.7.0/stm32cubeide/plugins/com.st.stm32cube.ide.mcu.externaltools.gnu-tools-for-stm32.9-2020-q2-update.win32_2.0.0.202105311346/tools/bin/../lib/gcc/arm-none-eabi/9.3.1/../../../../arm-none-eabi/lib/thumb/v7e-m+fp/hard\libc_nano.a(lib_a-nano-vfscanf_i.o)
                0x000000000800f580                _scanf_chars
 .text._scanf_i
                0x000000000800f630      0x1e8 c:/st/stm32cubeide_1.7.0/stm32cubeide/plugins/com.st.stm32cube.ide.mcu.externaltools.gnu-tools-for-stm32.9-2020-q2-update.win32_2.0.0.202105311346/tools/bin/../lib/gcc/arm-none-eabi/9.3.1/../../../../arm-none-eabi/lib/thumb/v7e-m+fp/hard\libc_nano.a(lib_a-nano-vfscanf_i.o)
                0x000000000800f630                _scanf_i
 .text.lflush   0x000000000800f818       0x12 c:/st/stm32cubeide_1.7.0/stm32cubeide/plugins/com.st.stm32cube.ide.mcu.externaltools.gnu-tools-for-stm32.9-2020-q2-update.win32_2.0.0.202105311346/tools/bin/../lib/gcc/arm-none-eabi/9.3.1/../../../../arm-none-eabi/lib/thumb/v7e-m+fp/hard\libc_nano.a(lib_a-refill.o)
 *fill*         0x000000000800f82a        0x2 
 .text.__srefill_r
                0x000000000800f82c      0x114 c:/st/stm32cubeide_1.7.0/stm32cubeide/plugins/com.st.stm32cube.ide.mcu.externaltools.gnu-tools-for-stm32.9-2020-q2-update.win32_2.0.0.202105311346/tools/bin/../lib/gcc/arm-none-eabi/9.3.1/../../../../arm-none-eabi/lib/thumb/v7e-m+fp/hard\libc_nano.a(lib_a-refill.o)
                0x000000000800f82c                __srefill_r
 .text.__sccl   0x000000000800f940       0x74 c:/st/stm32cubeide_1.7.0/stm32cubeide/plugins/com.st.stm32cube.ide.mcu.externaltools.gnu-tools-for-stm32.9-2020-q2-update.win32_2.0.0.202105311346/tools/bin/../lib/gcc/arm-none-eabi/9.3.1/../../../../arm-none-eabi/lib/thumb/v7e-m+fp/hard\libc_nano.a(lib_a-sccl.o)
                0x000000000800f940                __sccl
 .text.__sread  0x000000000800f9b4       0x22 c:/st/stm32cubeide_1.7.0/stm32cubeide/plugins/com.st.stm32cube.ide.mcu.externaltools.gnu-tools-for-stm32.9-2020-q2-update.win32_2.0.0.202105311346/tools/bin/../lib/gcc/arm-none-eabi/9.3.1/../../../../arm-none-eabi/lib/thumb/v7e-m+fp/hard\libc_nano.a(lib_a-stdio.o)
                0x000000000800f9b4                __sread
 .text.__swrite
                0x000000000800f9d6       0x38 c:/st/stm32cubeide_1.7.0/stm32cubeide/plugins/com.st.stm32cube.ide.mcu.externaltools.gnu-tools-for-stm32.9-2020-q2-update.win32_2.0.0.202105311346/tools/bin/../lib/gcc/arm-none-eabi/9.3.1/../../../../arm-none-eabi/lib/thumb/v7e-m+fp/hard\libc_nano.a(lib_a-stdio.o)
                0x000000000800f9d6                __swrite
 .text.__sseek  0x000000000800fa0e       0x24 c:/st/stm32cubeide_1.7.0/stm32cubeide/plugins/com.st.stm32cube.ide.mcu.externaltools.gnu-tools-for-stm32.9-2020-q2-update.win32_2.0.0.202105311346/tools/bin/../lib/gcc/arm-none-eabi/9.3.1/../../../../arm-none-eabi/lib/thumb/v7e-m+fp/hard\libc_nano.a(lib_a-stdio.o)
                0x000000000800fa0e                __sseek
 .text.__sclose
                0x000000000800fa32        0x8 c:/st/stm32cubeide_1.7.0/stm32cubeide/plugins/com.st.stm32cube.ide.mcu.externaltools.gnu-tools-for-stm32.9-2020-q2-update.win32_2.0.0.202105311346/tools/bin/../lib/gcc/arm-none-eabi/9.3.1/../../../../arm-none-eabi/lib/thumb/v7e-m+fp/hard\libc_nano.a(lib_a-stdio.o)
                0x000000000800fa32                __sclose
 *fill*         0x000000000800fa3a        0x2 
 .text._strtol_l.isra.0
                0x000000000800fa3c      0x108 c:/st/stm32cubeide_1.7.0/stm32cubeide/plugins/com.st.stm32cube.ide.mcu.externaltools.gnu-tools-for-stm32.9-2020-q2-update.win32_2.0.0.202105311346/tools/bin/../lib/gcc/arm-none-eabi/9.3.1/../../../../arm-none-eabi/lib/thumb/v7e-m+fp/hard\libc_nano.a(lib_a-strtol.o)
 .text._strtol_r
                0x000000000800fb44        0x4 c:/st/stm32cubeide_1.7.0/stm32cubeide/plugins/com.st.stm32cube.ide.mcu.externaltools.gnu-tools-for-stm32.9-2020-q2-update.win32_2.0.0.202105311346/tools/bin/../lib/gcc/arm-none-eabi/9.3.1/../../../../arm-none-eabi/lib/thumb/v7e-m+fp/hard\libc_nano.a(lib_a-strtol.o)
                0x000000000800fb44                _strtol_r
 .text._strtoul_l.isra.0
                0x000000000800fb48       0xf8 c:/st/stm32cubeide_1.7.0/stm32cubeide/plugins/com.st.stm32cube.ide.mcu.externaltools.gnu-tools-for-stm32.9-2020-q2-update.win32_2.0.0.202105311346/tools/bin/../lib/gcc/arm-none-eabi/9.3.1/../../../../arm-none-eabi/lib/thumb/v7e-m+fp/hard\libc_nano.a(lib_a-strtoul.o)
 .text._strtoul_r
                0x000000000800fc40        0x4 c:/st/stm32cubeide_1.7.0/stm32cubeide/plugins/com.st.stm32cube.ide.mcu.externaltools.gnu-tools-for-stm32.9-2020-q2-update.win32_2.0.0.202105311346/tools/bin/../lib/gcc/arm-none-eabi/9.3.1/../../../../arm-none-eabi/lib/thumb/v7e-m+fp/hard\libc_nano.a(lib_a-strtoul.o)
                0x000000000800fc40                _strtoul_r
 .text.__submore
                0x000000000800fc44       0x74 c:/st/stm32cubeide_1.7.0/stm32cubeide/plugins/com.st.stm32cube.ide.mcu.externaltools.gnu-tools-for-stm32.9-2020-q2-update.win32_2.0.0.202105311346/tools/bin/../lib/gcc/arm-none-eabi/9.3.1/../../../../arm-none-eabi/lib/thumb/v7e-m+fp/hard\libc_nano.a(lib_a-ungetc.o)
                0x000000000800fc44                __submore
 .text._ungetc_r
                0x000000000800fcb8      0x130 c:/st/stm32cubeide_1.7.0/stm32cubeide/plugins/com.st.stm32cube.ide.mcu.externaltools.gnu-tools-for-stm32.9-2020-q2-update.win32_2.0.0.202105311346/tools/bin/../lib/gcc/arm-none-eabi/9.3.1/../../../../arm-none-eabi/lib/thumb/v7e-m+fp/hard\libc_nano.a(lib_a-ungetc.o)
                0x000000000800fcb8                _ungetc_r
 .text._write_r
                0x000000000800fde8       0x24 c:/st/stm32cubeide_1.7.0/stm32cubeide/plugins/com.st.stm32cube.ide.mcu.externaltools.gnu-tools-for-stm32.9-2020-q2-update.win32_2.0.0.202105311346/tools/bin/../lib/gcc/arm-none-eabi/9.3.1/../../../../arm-none-eabi/lib/thumb/v7e-m+fp/hard\libc_nano.a(lib_a-writer.o)
                0x000000000800fde8                _write_r
 .text._close_r
                0x000000000800fe0c       0x20 c:/st/stm32cubeide_1.7.0/stm32cubeide/plugins/com.st.stm32cube.ide.mcu.externaltools.gnu-tools-for-stm32.9-2020-q2-update.win32_2.0.0.202105311346/tools/bin/../lib/gcc/arm-none-eabi/9.3.1/../../../../arm-none-eabi/lib/thumb/v7e-m+fp/hard\libc_nano.a(lib_a-closer.o)
                0x000000000800fe0c                _close_r
 .text._fstat_r
                0x000000000800fe2c       0x24 c:/st/stm32cubeide_1.7.0/stm32cubeide/plugins/com.st.stm32cube.ide.mcu.externaltools.gnu-tools-for-stm32.9-2020-q2-update.win32_2.0.0.202105311346/tools/bin/../lib/gcc/arm-none-eabi/9.3.1/../../../../arm-none-eabi/lib/thumb/v7e-m+fp/hard\libc_nano.a(lib_a-fstatr.o)
                0x000000000800fe2c                _fstat_r
 .text._isatty_r
                0x000000000800fe50       0x20 c:/st/stm32cubeide_1.7.0/stm32cubeide/plugins/com.st.stm32cube.ide.mcu.externaltools.gnu-tools-for-stm32.9-2020-q2-update.win32_2.0.0.202105311346/tools/bin/../lib/gcc/arm-none-eabi/9.3.1/../../../../arm-none-eabi/lib/thumb/v7e-m+fp/hard\libc_nano.a(lib_a-isattyr.o)
                0x000000000800fe50                _isatty_r
 .text._lseek_r
                0x000000000800fe70       0x24 c:/st/stm32cubeide_1.7.0/stm32cubeide/plugins/com.st.stm32cube.ide.mcu.externaltools.gnu-tools-for-stm32.9-2020-q2-update.win32_2.0.0.202105311346/tools/bin/../lib/gcc/arm-none-eabi/9.3.1/../../../../arm-none-eabi/lib/thumb/v7e-m+fp/hard\libc_nano.a(lib_a-lseekr.o)
                0x000000000800fe70                _lseek_r
 .text.memmove  0x000000000800fe94       0x34 c:/st/stm32cubeide_1.7.0/stm32cubeide/plugins/com.st.stm32cube.ide.mcu.externaltools.gnu-tools-for-stm32.9-2020-q2-update.win32_2.0.0.202105311346/tools/bin/../lib/gcc/arm-none-eabi/9.3.1/../../../../arm-none-eabi/lib/thumb/v7e-m+fp/hard\libc_nano.a(lib_a-memmove.o)
                0x000000000800fe94                memmove
 .text._realloc_r
                0x000000000800fec8       0x4c c:/st/stm32cubeide_1.7.0/stm32cubeide/plugins/com.st.stm32cube.ide.mcu.externaltools.gnu-tools-for-stm32.9-2020-q2-update.win32_2.0.0.202105311346/tools/bin/../lib/gcc/arm-none-eabi/9.3.1/../../../../arm-none-eabi/lib/thumb/v7e-m+fp/hard\libc_nano.a(lib_a-nano-reallocr.o)
                0x000000000800fec8                _realloc_r
 .text._read_r  0x000000000800ff14       0x24 c:/st/stm32cubeide_1.7.0/stm32cubeide/plugins/com.st.stm32cube.ide.mcu.externaltools.gnu-tools-for-stm32.9-2020-q2-update.win32_2.0.0.202105311346/tools/bin/../lib/gcc/arm-none-eabi/9.3.1/../../../../arm-none-eabi/lib/thumb/v7e-m+fp/hard\libc_nano.a(lib_a-readr.o)
                0x000000000800ff14                _read_r
 .text._malloc_usable_size_r
                0x000000000800ff38       0x10 c:/st/stm32cubeide_1.7.0/stm32cubeide/plugins/com.st.stm32cube.ide.mcu.externaltools.gnu-tools-for-stm32.9-2020-q2-update.win32_2.0.0.202105311346/tools/bin/../lib/gcc/arm-none-eabi/9.3.1/../../../../arm-none-eabi/lib/thumb/v7e-m+fp/hard\libc_nano.a(lib_a-nano-msizer.o)
                0x000000000800ff38                _malloc_usable_size_r
 *(.glue_7)
 .glue_7        0x000000000800ff48        0x0 linker stubs
 *(.glue_7t)
 .glue_7t       0x000000000800ff48        0x0 linker stubs
 *(.eh_frame)
 .eh_frame      0x000000000800ff48        0x0 c:/st/stm32cubeide_1.7.0/stm32cubeide/plugins/com.st.stm32cube.ide.mcu.externaltools.gnu-tools-for-stm32.9-2020-q2-update.win32_2.0.0.202105311346/tools/bin/../lib/gcc/arm-none-eabi/9.3.1/thumb/v7e-m+fp/hard/crtbegin.o
 *(.init)
 .init          0x000000000800ff48        0x4 c:/st/stm32cubeide_1.7.0/stm32cubeide/plugins/com.st.stm32cube.ide.mcu.externaltools.gnu-tools-for-stm32.9-2020-q2-update.win32_2.0.0.202105311346/tools/bin/../lib/gcc/arm-none-eabi/9.3.1/thumb/v7e-m+fp/hard/crti.o
                0x000000000800ff48                _init
 .init          0x000000000800ff4c        0x8 c:/st/stm32cubeide_1.7.0/stm32cubeide/plugins/com.st.stm32cube.ide.mcu.externaltools.gnu-tools-for-stm32.9-2020-q2-update.win32_2.0.0.202105311346/tools/bin/../lib/gcc/arm-none-eabi/9.3.1/thumb/v7e-m+fp/hard/crtn.o
 *(.fini)
 .fini          0x000000000800ff54        0x4 c:/st/stm32cubeide_1.7.0/stm32cubeide/plugins/com.st.stm32cube.ide.mcu.externaltools.gnu-tools-for-stm32.9-2020-q2-update.win32_2.0.0.202105311346/tools/bin/../lib/gcc/arm-none-eabi/9.3.1/thumb/v7e-m+fp/hard/crti.o
                0x000000000800ff54                _fini
 .fini          0x000000000800ff58        0x8 c:/st/stm32cubeide_1.7.0/stm32cubeide/plugins/com.st.stm32cube.ide.mcu.externaltools.gnu-tools-for-stm32.9-2020-q2-update.win32_2.0.0.202105311346/tools/bin/../lib/gcc/arm-none-eabi/9.3.1/thumb/v7e-m+fp/hard/crtn.o
                0x000000000800ff60                . = ALIGN (0x4)
                0x000000000800ff60                _etext = .

.vfp11_veneer   0x000000000800ff60        0x0
 .vfp11_veneer  0x000000000800ff60        0x0 linker stubs

.v4_bx          0x000000000800ff60        0x0
 .v4_bx         0x000000000800ff60        0x0 linker stubs

.iplt           0x000000000800ff60        0x0
 .iplt          0x000000000800ff60        0x0 c:/st/stm32cubeide_1.7.0/stm32cubeide/plugins/com.st.stm32cube.ide.mcu.externaltools.gnu-tools-for-stm32.9-2020-q2-update.win32_2.0.0.202105311346/tools/bin/../lib/gcc/arm-none-eabi/9.3.1/thumb/v7e-m+fp/hard/crtbegin.o

.rodata         0x000000000800ff60      0xbd0
                0x000000000800ff60                . = ALIGN (0x4)
 *(.rodata)
 .rodata        0x000000000800ff60      0x4c4 ./Core/Src/File_Handling.o
 .rodata        0x0000000008010424        0x4 ./Middlewares/ST/STM32_USB_Host_Library/Class/MSC/Src/usbh_msc.o
 .rodata        0x0000000008010428       0x54 ./Middlewares/Third_Party/FatFs/src/ff.o
 .rodata        0x000000000801047c       0x86 ./USB_HOST/App/usb_host.o
 *fill*         0x0000000008010502        0x2 
 .rodata        0x0000000008010504        0xc c:/st/stm32cubeide_1.7.0/stm32cubeide/plugins/com.st.stm32cube.ide.mcu.externaltools.gnu-tools-for-stm32.9-2020-q2-update.win32_2.0.0.202105311346/tools/bin/../lib/gcc/arm-none-eabi/9.3.1/../../../../arm-none-eabi/lib/thumb/v7e-m+fp/hard\libc_nano.a(lib_a-nano-vfscanf_i.o)
 *(.rodata*)
 .rodata.AHBPrescTable
                0x0000000008010510       0x10 ./Core/Src/system_stm32f4xx.o
                0x0000000008010510                AHBPrescTable
 .rodata.APBPrescTable
                0x0000000008010520        0x8 ./Core/Src/system_stm32f4xx.o
                0x0000000008010520                APBPrescTable
 .rodata.USBH_Driver
                0x0000000008010528       0x14 ./FATFS/Target/usbh_diskio.o
                0x0000000008010528                USBH_Driver
 .rodata.ExCvt  0x000000000801053c       0x80 ./Middlewares/Third_Party/FatFs/src/ff.o
 .rodata.LfnOfs
                0x00000000080105bc        0xd ./Middlewares/Third_Party/FatFs/src/ff.o
 *fill*         0x00000000080105c9        0x3 
 .rodata.Tbl    0x00000000080105cc      0x100 ./Middlewares/Third_Party/FatFs/src/option/ccsbcs.o
 .rodata.cvt1.10439
                0x00000000080106cc      0x1f2 ./Middlewares/Third_Party/FatFs/src/option/ccsbcs.o
 *fill*         0x00000000080108be        0x2 
 .rodata.cvt2.10440
                0x00000000080108c0       0xbc ./Middlewares/Third_Party/FatFs/src/option/ccsbcs.o
 .rodata._global_impure_ptr
                0x000000000801097c        0x4 c:/st/stm32cubeide_1.7.0/stm32cubeide/plugins/com.st.stm32cube.ide.mcu.externaltools.gnu-tools-for-stm32.9-2020-q2-update.win32_2.0.0.202105311346/tools/bin/../lib/gcc/arm-none-eabi/9.3.1/../../../../arm-none-eabi/lib/thumb/v7e-m+fp/hard\libc_nano.a(lib_a-impure.o)
                0x000000000801097c                _global_impure_ptr
 .rodata.__sf_fake_stderr
                0x0000000008010980       0x20 c:/st/stm32cubeide_1.7.0/stm32cubeide/plugins/com.st.stm32cube.ide.mcu.externaltools.gnu-tools-for-stm32.9-2020-q2-update.win32_2.0.0.202105311346/tools/bin/../lib/gcc/arm-none-eabi/9.3.1/../../../../arm-none-eabi/lib/thumb/v7e-m+fp/hard\libc_nano.a(lib_a-findfp.o)
                0x0000000008010980                __sf_fake_stderr
 .rodata.__sf_fake_stdin
                0x00000000080109a0       0x20 c:/st/stm32cubeide_1.7.0/stm32cubeide/plugins/com.st.stm32cube.ide.mcu.externaltools.gnu-tools-for-stm32.9-2020-q2-update.win32_2.0.0.202105311346/tools/bin/../lib/gcc/arm-none-eabi/9.3.1/../../../../arm-none-eabi/lib/thumb/v7e-m+fp/hard\libc_nano.a(lib_a-findfp.o)
                0x00000000080109a0                __sf_fake_stdin
 .rodata.__sf_fake_stdout