File_Handling.c:45:6:Send_Uart	16	static
File_Handling.c:51:8:Get_FilenameUart	8	static
File_Handling.c:58:5:Mount_USB	8	static
File_Handling.c:69:5:Unmount_USB	8	static
File_Handling.c:82:9:Scan_USB	120	static
File_Handling.c:131:9:Format_USB	96	static
File_Handling.c:165:9:Write_File	40	static
File_Handling.c:219:9:Read_File	8248	static
File_Handling.c:313:9:Create_File	40	static
File_Handling.c:356:9:Update_File	48	static
File_Handling.c:416:9:Remove_File	32	static
File_Handling.c:446:9:Create_Dir	24	static
File_Handling.c:463:6:Check_USB_Details	16	static
File_Handling.c:482:9:StorageParse	384	static
File_Handling.c:527:10:GetObjectNumber	8	static
