File_Handling.c:47:6:Send_Uart	16	static
File_Handling.c:54:5:Mount_USB	8	static
File_Handling.c:65:5:Unmount_USB	8	static
File_Handling.c:78:9:Scan_USB	120	static
File_Handling.c:127:9:Format_USB	96	static
File_Handling.c:161:9:Write_File	40	static
File_Handling.c:217:6:toggleinfoled	32	static
File_Handling.c:233:9:Read_File	568	static
File_Handling.c:326:9:Create_File	40	static
File_Handling.c:369:9:Update_File	48	static
File_Handling.c:429:9:Remove_File	32	static
File_Handling.c:459:9:Create_Dir	24	static
File_Handling.c:476:6:Check_USB_Details	16	static
File_Handling.c:495:9:StorageParse	384	static
File_Handling.c:540:10:GetObjectNumber	8	static
